Archive member included to satisfy reference by file (symbol)

C:/Project/DevKitPro/libogc/lib/cube\libgrrlib.a(GRRLIB_core.o)
                              Main.o (rmode)
C:/Project/DevKitPro/libogc/lib/cube\libgrrlib.a(GRRLIB_render.o)
                              Brick.o (GRRLIB_DrawImg)
C:/Project/DevKitPro/libogc/lib/cube\libgrrlib.a(GRRLIB_texEdit.o)
                              Main.o (GRRLIB_LoadTexture)
C:/Project/DevKitPro/libogc/lib/cube\libgrrlib.a(GRRLIB_ttf.o)
                              C:/Project/DevKitPro/libogc/lib/cube\libgrrlib.a(GRRLIB_core.o) (GRRLIB_InitTTF)
C:/Project/DevKitPro/libogc/lib/cube\libfreetype.a(ftinit.o)
                              C:/Project/DevKitPro/libogc/lib/cube\libgrrlib.a(GRRLIB_ttf.o) (FT_Init_FreeType)
C:/Project/DevKitPro/libogc/lib/cube\libfreetype.a(ftbase.o)
                              C:/Project/DevKitPro/libogc/lib/cube\libgrrlib.a(GRRLIB_ttf.o) (FT_Load_Glyph)
C:/Project/DevKitPro/libogc/lib/cube\libfreetype.a(truetype.o)
                              C:/Project/DevKitPro/libogc/lib/cube\libfreetype.a(ftinit.o) (tt_driver_class)
C:/Project/DevKitPro/libogc/lib/cube\libfreetype.a(type1.o)
                              C:/Project/DevKitPro/libogc/lib/cube\libfreetype.a(ftinit.o) (t1_driver_class)
C:/Project/DevKitPro/libogc/lib/cube\libfreetype.a(cff.o)
                              C:/Project/DevKitPro/libogc/lib/cube\libfreetype.a(ftinit.o) (cff_driver_class)
C:/Project/DevKitPro/libogc/lib/cube\libfreetype.a(type1cid.o)
                              C:/Project/DevKitPro/libogc/lib/cube\libfreetype.a(ftinit.o) (t1cid_driver_class)
C:/Project/DevKitPro/libogc/lib/cube\libfreetype.a(pfr.o)
                              C:/Project/DevKitPro/libogc/lib/cube\libfreetype.a(ftinit.o) (pfr_driver_class)
C:/Project/DevKitPro/libogc/lib/cube\libfreetype.a(type42.o)
                              C:/Project/DevKitPro/libogc/lib/cube\libfreetype.a(ftinit.o) (t42_driver_class)
C:/Project/DevKitPro/libogc/lib/cube\libfreetype.a(winfnt.o)
                              C:/Project/DevKitPro/libogc/lib/cube\libfreetype.a(ftinit.o) (winfnt_driver_class)
C:/Project/DevKitPro/libogc/lib/cube\libfreetype.a(pcf.o)
                              C:/Project/DevKitPro/libogc/lib/cube\libfreetype.a(ftinit.o) (pcf_driver_class)
C:/Project/DevKitPro/libogc/lib/cube\libfreetype.a(bdf.o)
                              C:/Project/DevKitPro/libogc/lib/cube\libfreetype.a(ftinit.o) (bdf_driver_class)
C:/Project/DevKitPro/libogc/lib/cube\libfreetype.a(sfnt.o)
                              C:/Project/DevKitPro/libogc/lib/cube\libfreetype.a(ftinit.o) (sfnt_module_class)
C:/Project/DevKitPro/libogc/lib/cube\libfreetype.a(autofit.o)
                              C:/Project/DevKitPro/libogc/lib/cube\libfreetype.a(ftinit.o) (autofit_module_class)
C:/Project/DevKitPro/libogc/lib/cube\libfreetype.a(pshinter.o)
                              C:/Project/DevKitPro/libogc/lib/cube\libfreetype.a(ftinit.o) (pshinter_module_class)
C:/Project/DevKitPro/libogc/lib/cube\libfreetype.a(raster.o)
                              C:/Project/DevKitPro/libogc/lib/cube\libfreetype.a(ftinit.o) (ft_raster1_renderer_class)
C:/Project/DevKitPro/libogc/lib/cube\libfreetype.a(smooth.o)
                              C:/Project/DevKitPro/libogc/lib/cube\libfreetype.a(ftinit.o) (ft_smooth_renderer_class)
C:/Project/DevKitPro/libogc/lib/cube\libfreetype.a(ftgzip.o)
                              C:/Project/DevKitPro/libogc/lib/cube\libfreetype.a(pcf.o) (FT_Stream_OpenGzip)
C:/Project/DevKitPro/libogc/lib/cube\libfreetype.a(ftlzw.o)
                              C:/Project/DevKitPro/libogc/lib/cube\libfreetype.a(pcf.o) (FT_Stream_OpenLZW)
C:/Project/DevKitPro/libogc/lib/cube\libfreetype.a(psaux.o)
                              C:/Project/DevKitPro/libogc/lib/cube\libfreetype.a(ftinit.o) (psaux_module_class)
C:/Project/DevKitPro/libogc/lib/cube\libfreetype.a(psnames.o)
                              C:/Project/DevKitPro/libogc/lib/cube\libfreetype.a(ftinit.o) (psnames_module_class)
C:/Project/DevKitPro/libogc/lib/cube\libfreetype.a(ftsystem.o)
                              C:/Project/DevKitPro/libogc/lib/cube\libfreetype.a(ftbase.o) (FT_Stream_Open)
C:/Project/DevKitPro/libogc/lib/cube\libpngu.a(pngu.o)
                              C:/Project/DevKitPro/libogc/lib/cube\libgrrlib.a(GRRLIB_texEdit.o) (PNGU_SelectImageFromBuffer)
C:/Project/DevKitPro/libogc/lib/cube\libpng.a(png.o)
                              C:/Project/DevKitPro/libogc/lib/cube\libpngu.a(pngu.o) (png_set_sig_bytes)
C:/Project/DevKitPro/libogc/lib/cube\libpng.a(pngerror.o)
                              C:/Project/DevKitPro/libogc/lib/cube\libpng.a(png.o) (png_safecat)
C:/Project/DevKitPro/libogc/lib/cube\libpng.a(pngget.o)
                              C:/Project/DevKitPro/libogc/lib/cube\libpngu.a(pngu.o) (png_get_rowbytes)
C:/Project/DevKitPro/libogc/lib/cube\libpng.a(pngmem.o)
[...]
Memory Configuration

Name             Origin             Length             Attributes
*default*        0x0000000000000000 0xffffffffffffffff

Linker script and memory map

                0x0000000080003100                . = 0x80003100

.init           0x0000000081000000      0x194
 *crt0.o(*.init)
 .init          0x0000000081000000      0x170 C:/Project/DevKitPro/libogc/lib/cube\libogc.a(ogc_crt0.o)
                0x0000000081000000                _start
                0x0000000081000140                _memset
 *(.init)
 .init          0x0000000081000170        0xc c:/project/devkitpro/devkitppc/bin/../lib/gcc/powerpc-eabi/10.2.0/ecrti.o
                0x0000000081000170                __init
 .init          0x000000008100017c        0x4 c:/project/devkitpro/devkitppc/bin/../lib/gcc/powerpc-eabi/10.2.0/crtbegin.o
 .init          0x0000000081000180        0x4 c:/project/devkitpro/devkitppc/bin/../lib/gcc/powerpc-eabi/10.2.0/crtend.o
 .init          0x0000000081000184       0x10 c:/project/devkitpro/devkitppc/bin/../lib/gcc/powerpc-eabi/10.2.0/ecrtn.o

.rela.dyn       0x0000000081000194        0x0
 .rela.iplt     0x0000000081000194        0x0 c:/project/devkitpro/devkitppc/bin/../lib/gcc/powerpc-eabi/10.2.0/crtbegin.o

.plt
 *(.plt)

.interp
 *(.interp)

.hash
 *(.hash)

.dynsym
 *(.dynsym)

.dynstr
 *(.dynstr)

.gnu.version
 *(.gnu.version)

.gnu.version_d
 *(.gnu.version_d)

.gnu.version_r
 *(.gnu.version_r)

.rel.init
 *(.rel.init)

.rela.init      0x0000000081000194        0x0
 *(.rela.init)
 .rela.init     0x0000000081000194        0x0 c:/project/devkitpro/devkitppc/bin/../lib/gcc/powerpc-eabi/10.2.0/crtbegin.o

.rel.text
 *(.rel.text .rel.text.* .rel.gnu.linkonce.t.*)

.rela.text      0x0000000081000194        0x0
 *(.rela.text .rela.text.* .rela.gnu.linkonce.t.*)
 .rela.text.deregister_tm_clones
                0x0000000081000194        0x0 c:/project/devkitpro/devkitppc/bin/../lib/gcc/powerpc-eabi/10.2.0/crtbegin.o
 .rela.text.register_tm_clones
                0x0000000081000194        0x0 c:/project/devkitpro/devkitppc/bin/../lib/gcc/powerpc-eabi/10.2.0/crtbegin.o
 .rela.text.__do_global_dtors_aux
                0x0000000081000194        0x0 c:/project/devkitpro/devkitppc/bin/../lib/gcc/powerpc-eabi/10.2.0/crtbegin.o
 .rela.text.frame_dummy
                0x0000000081000194        0x0 c:/project/devkitpro/devkitppc/bin/../lib/gcc/powerpc-eabi/10.2.0/crtbegin.o
 .rela.text.SYS_Init
                0x0000000081000194        0x0 c:/project/devkitpro/devkitppc/bin/../lib/gcc/powerpc-eabi/10.2.0/crtbegin.o
 .rela.text.__GXDefTlutRegionCallback
                0x0000000081000194        0x0 c:/project/devkitpro/devkitppc/bin/../lib/gcc/powerpc-eabi/10.2.0/crtbegin.o
 .rela.text.__SetSURegs
                0x0000000081000194        0x0 c:/project/devkitpro/devkitppc/bin/../lib/gcc/powerpc-eabi/10.2.0/crtbegin.o
 .rela.text.__SETVCDATTR
                0x0000000081000194        0x0 c:/project/devkitpro/devkitppc/bin/../lib/gcc/powerpc-eabi/10.2.0/crtbegin.o
 .rela.text.__SETVCDFMT
                0x0000000081000194        0x0 c:/project/devkitpro/devkitppc/bin/../lib/gcc/powerpc-eabi/10.2.0/crtbegin.o
 .rela.text.__GXCPInterruptHandler
                0x0000000081000194        0x0 c:/project/devkitpro/devkitppc/bin/../lib/gcc/powerpc-eabi/10.2.0/crtbegin.o
 .rela.text.GX_SetTexCoordGen2.part.0
                0x0000000081000194        0x0 c:/project/devkitpro/devkitppc/bin/../lib/gcc/powerpc-eabi/10.2.0/crtbegin.o
 .rela.text.__GXDefTexRegionCallback
                0x0000000081000194        0x0 c:/project/devkitpro/devkitppc/bin/../lib/gcc/powerpc-eabi/10.2.0/crtbegin.o
 .rela.text.__GX_SetDirtyState
                0x0000000081000194        0x0 c:/project/devkitpro/devkitppc/bin/../lib/gcc/powerpc-eabi/10.2.0/crtbegin.o
 .rela.text.GX_SetCPUFifo
                0x0000000081000194        0x0 c:/project/devkitpro/devkitppc/bin/../lib/gcc/powerpc-eabi/10.2.0/crtbegin.o
 .rela.text.GX_SetGPFifo
                0x0000000081000194        0x0 c:/project/devkitpro/devkitppc/bin/../lib/gcc/powerpc-eabi/10.2.0/crtbegin.o
 .rela.text.GX_AbortFrame
                0x0000000081000194        0x0 c:/project/devkitpro/devkitppc/bin/../lib/gcc/powerpc-eabi/10.2.0/crtbegin.o
 .rela.text.__gx_onreset
                0x0000000081000194        0x0 c:/project/devkitpro/devkitppc/bin/../lib/gcc/powerpc-eabi/10.2.0/crtbegin.o
 .rela.text.GX_DrawDone
                0x0000000081000194        0x0 c:/project/devkitpro/devkitppc/bin/../lib/gcc/powerpc-eabi/10.2.0/crtbegin.o
 .rela.text.GX_SetDispCopyGamma
                0x0000000081000194        0x0 c:/project/devkitpro/devkitppc/bin/../lib/gcc/powerpc-eabi/10.2.0/crtbegin.o
 .rela.text.GX_SetDispCopyYScale
                0x0000000081000194        0x0 c:/project/devkitpro/devkitppc/bin/../lib/gcc/powerpc-eabi/10.2.0/crtbegin.o
 .rela.text.GX_SetDispCopyDst
                0x0000000081000194        0x0 c:/project/devkitpro/devkitppc/bin/../lib/gcc/powerpc-eabi/10.2.0/crtbegin.o
 .rela.text.GX_SetDispCopySrc
                0x0000000081000194        0x0 c:/project/devkitpro/devkitppc/bin/../lib/gcc/powerpc-eabi/10.2.0/crtbegin.o
 .rela.text.GX_CopyDisp
                0x0000000081000194        0x0 c:/project/devkitpro/devkitppc/bin/../lib/gcc/powerpc-eabi/10.2.0/crtbegin.o
 .rela.text.GX_SetVtxDesc
                0x0000000081000194        0x0 c:/project/devkitpro/devkitppc/bin/../lib/gcc/powerpc-eabi/10.2.0/crtbegin.o
 .rela.text.GX_SetVtxAttrFmt
                0x0000000081000194        0x0 c:/project/devkitpro/devkitppc/bin/../lib/gcc/powerpc-eabi/10.2.0/crtbegin.o
 .rela.text.GX_Begin
                0x0000000081000194        0x0 c:/project/devkitpro/devkitppc/bin/../lib/gcc/powerpc-eabi/10.2.0/crtbegin.o
 .rela.text.GX_SetNumTexGens
                0x0000000081000194        0x0 c:/project/devkitpro/devkitppc/bin/../lib/gcc/powerpc-eabi/10.2.0/crtbegin.o
 .rela.text.GX_SetZMode
                0x0000000081000194        0x0 c:/project/devkitpro/devkitppc/bin/../lib/gcc/powerpc-eabi/10.2.0/crtbegin.o
 .rela.text.GX_LoadTexObjPreloaded
                0x0000000081000194        0x0 c:/project/devkitpro/devkitppc/bin/../lib/gcc/powerpc-eabi/10.2.0/crtbegin.o
 .rela.text.GX_InvalidateTexAll
                0x0000000081000194        0x0 c:/project/devkitpro/devkitppc/bin/../lib/gcc/powerpc-eabi/10.2.0/crtbegin.o
 .rela.text.GX_SetBlendMode
                0x0000000081000194        0x0 c:/project/devkitpro/devkitppc/bin/../lib/gcc/powerpc-eabi/10.2.0/crtbegin.o
 .rela.text.GX_ClearVtxDesc
                0x0000000081000194        0x0 c:/project/devkitpro/devkitppc/bin/../lib/gcc/powerpc-eabi/10.2.0/crtbegin.o
 .rela.text.GX_SetTevColorIn
                0x0000000081000194        0x0 c:/project/devkitpro/devkitppc/bin/../lib/gcc/powerpc-eabi/10.2.0/crtbegin.o
 .rela.text.GX_SetTevAlphaIn
                0x0000000081000194        0x0 c:/project/devkitpro/devkitppc/bin/../lib/gcc/powerpc-eabi/10.2.0/crtbegin.o
 .rela.text.GX_SetTevColorOp
                0x0000000081000194        0x0 c:/project/devkitpro/devkitppc/bin/../lib/gcc/powerpc-eabi/10.2.0/crtbegin.o
 .rela.text.GX_SetTevAlphaOp
                0x0000000081000194        0x0 c:/project/devkitpro/devkitppc/bin/../lib/gcc/powerpc-eabi/10.2.0/crtbegin.o
 .rela.text.GX_SetCullMode
                0x0000000081000194        0x0 c:/project/devkitpro/devkitppc/bin/../lib/gcc/powerpc-eabi/10.2.0/crtbegin.o
 .rela.text.GX_SetScissor
                0x0000000081000194        0x0 c:/project/devkitpro/devkitppc/bin/../lib/gcc/powerpc-eabi/10.2.0/crtbegin.o
 .rela.text.GX_SetNumChans
                0x0000000081000194        0x0 c:/project/devkitpro/devkitppc/bin/../lib/gcc/powerpc-eabi/10.2.0/crtbegin.o
 .rela.text.GX_SetTevOrder
                0x0000000081000194        0x0 c:/project/devkitpro/devkitppc/bin/../lib/gcc/powerpc-eabi/10.2.0/crtbegin.o
 .rela.text.GX_SetTevKColorSel
                0x0000000081000194        0x0 c:/project/devkitpro/devkitppc/bin/../lib/gcc/powerpc-eabi/10.2.0/crtbegin.o
 .rela.text.GX_SetTevKAlphaSel
                0x0000000081000194        0x0 c:/project/devkitpro/devkitppc/bin/../lib/gcc/powerpc-eabi/10.2.0/crtbegin.o
 .rela.text.GX_SetTevSwapModeTable
                0x0000000081000194        0x0 c:/project/devkitpro/devkitppc/bin/../lib/gcc/powerpc-eabi/10.2.0/crtbegin.o
 .rela.text.GX_SetColorUpdate
                0x0000000081000194        0x0 c:/project/devkitpro/devkitppc/bin/../lib/gcc/powerpc-eabi/10.2.0/crtbegin.o
 .rela.text.GX_SetAlphaUpdate
                0x0000000081000194        0x0 c:/project/devkitpro/devkitppc/bin/../lib/gcc/powerpc-eabi/10.2.0/crtbegin.o
 .rela.text.GX_SetPixelFmt
                0x0000000081000194        0x0 c:/project/devkitpro/devkitppc/bin/../lib/gcc/powerpc-eabi/10.2.0/crtbegin.o
 .rela.text.GX_SetFieldMode
                0x0000000081000194        0x0 c:/project/devkitpro/devkitppc/bin/../lib/gcc/powerpc-eabi/10.2.0/crtbegin.o
 .rela.text.GX_SetGPMetric
                0x0000000081000194        0x0 c:/project/devkitpro/devkitppc/bin/../lib/gcc/powerpc-eabi/10.2.0/crtbegin.o
 .rela.text.GX_Init
                0x0000000081000194        0x0 c:/project/devkitpro/devkitppc/bin/../lib/gcc/powerpc-eabi/10.2.0/crtbegin.o
 .rela.text.__CheckARGV
                0x0000000081000194        0x0 c:/project/devkitpro/devkitppc/bin/../lib/gcc/powerpc-eabi/10.2.0/crtbegin.o
 .rela.text.__lwp_sysinit
                0x0000000081000194        0x0 c:/project/devkitpro/devkitppc/bin/../lib/gcc/powerpc-eabi/10.2.0/crtbegin.o
 .rela.text.__irq_init
                0x0000000081000194        0x0 c:/project/devkitpro/devkitppc/bin/../lib/gcc/powerpc-eabi/10.2.0/crtbegin.o

.rel.fini
 *(.rel.fini)

.rela.fini
 *(.rela.fini)

.rel.rodata
 *(.rel.rodata .rel.rodata.* .rel.gnu.linkonce.r.*)

.rela.rodata
 *(.rela.rodata .rela.rodata.* .rela.gnu.linkonce.r.*)

.rel.data
 *(.rel.data .rel.data.* .rel.gnu.linkonce.d.*)

.rela.data
 *(.rela.data .rela.data.* .rela.gnu.linkonce.d.*)

.rel.tdata
 *(.rel.tdata .rel.tdata.* .rel.gnu.linkonce.td.*)

.rela.tdata
 *(.rela.tdata .rela.tdata.* .rela.gnu.linkonce.td.*)

.rel.tbss
 *(.rel.tbss .rel.tbss.* .rel.gnu.linkonce.tb.*)

.rela.tbss
 *(.rela.tbss .rela.tbss.* .rela.gnu.linkonce.tb.*)

.rel.ctors
 *(.rel.ctors)

.rela.ctors
 *(.rela.ctors)

.rel.dtors
 *(.rel.dtors)

.rela.dtors
 *(.rela.dtors)

.rel.got
 *(.rel.got)

.rela.got
 *(.rela.got)

.rela.got1
 *(.rela.got1)

.rela.got2
 *(.rela.got2)

.rel.sdata
 *(.rel.sdata .rel.sdata.* .rel.gnu.linkonce.s.*)

.rela.sdata
 *(.rela.sdata .rela.sdata.* .rela.gnu.linkonce.s.*)

.rel.sbss
 *(.rel.sbss .rel.sbss.* .rel.gnu.linkonce.sb.*)

.rela.sbss
 *(.rela.sbss .rela.sbss.* .rel.gnu.linkonce.sb.*)

.rel.sdata2
 *(.rel.sdata2 .rel.sdata2.* .rel.gnu.linkonce.s2.*)

.rela.sdata2    0x0000000081000194        0x0
 *(.rela.sdata2 .rela.sdata2.* .rela.gnu.linkonce.s2.*)
 .rela.sdata2.__sys_inIPL
                0x0000000081000194        0x0 c:/project/devkitpro/devkitppc/bin/../lib/gcc/powerpc-eabi/10.2.0/crtbegin.o

.rel.sbss2
 *(.rel.sbss2 .rel.sbss2.* .rel.gnu.linkonce.sb2.*)

.rela.sbss2
 *(.rela.sbss2 .rela.sbss2.* .rela.gnu.linkonce.sb2.*)

.rel.bss
 *(.rel.bss .rel.bss.* .rel.gnu.linkonce.b.*)

.rela.bss
 *(.rela.bss .rela.bss.* .rela.gnu.linkonce.b.*)

.rel.plt
 *(.rel.plt)

.rela.plt
 *(.rela.plt)

.text           0x00000000810001a0   0x104be0
 *(.text)
 .text          0x00000000810001a0      0x168 C:/Project/DevKitPro/libogc/lib/cube\libfreetype.a(ftinit.o)
                0x00000000810001a0                FT_Add_Default_Modules
                0x000000008100021c                FT_Init_FreeType
                0x00000000810002a8                FT_Done_FreeType
 .text          0x0000000081000308    0x11034 C:/Project/DevKitPro/libogc/lib/cube\libfreetype.a(ftbase.o)
                0x000000008100041c                FT_Get_Advance
                0x0000000081000550                FT_Get_Advances
                0x0000000081000790                FT_RoundFix
                0x00000000810007ec                FT_CeilFix
                0x0000000081000848                FT_FloorFix
                0x0000000081000894                FT_Sqrt32
                0x0000000081000bec                FT_MulDiv
                0x0000000081000dd4                FT_MulDiv_No_Round
                0x0000000081000f6c                FT_MulFix
                0x00000000810010bc                FT_DivFix
                0x0000000081001214                FT_Matrix_Multiply
                0x00000000810013c0                FT_Matrix_Invert
                0x0000000081001500                FT_Matrix_Multiply_Scaled
                0x00000000810016dc                FT_Vector_Transform_Scaled
                0x0000000081001800                FT_SqrtFixed
                0x00000000810018d8                ft_corner_orientation
                0x0000000081001a9c                ft_corner_is_flat
                0x0000000081001c00                FT_GlyphLoader_New
                0x0000000081001c80                FT_GlyphLoader_Rewind
                0x0000000081001d10                FT_GlyphLoader_Reset
                0x0000000081001e28                FT_GlyphLoader_Done
                0x0000000081001f8c                FT_GlyphLoader_CreateExtra
                0x00000000810020a8                FT_GlyphLoader_CheckPoints
                0x00000000810023d4                FT_GlyphLoader_CheckSubGlyphs
                0x00000000810024ec                FT_GlyphLoader_Prepare
                0x0000000081002560                FT_GlyphLoader_Add
                0x00000000810026dc                FT_GlyphLoader_CopyPoints
                0x0000000081002878                ft_service_list_lookup
                0x000000008100292c                ft_validator_init
                0x000000008100298c                ft_validator_run
                0x00000000810029b4                ft_validator_error
                0x00000000810029f4                FT_Stream_New
                0x0000000081002bbc                FT_Stream_Free
                0x0000000081002d5c                ft_glyphslot_free_bitmap
                0x0000000081002e18                ft_glyphslot_set_bitmap
                0x0000000081002e64                ft_glyphslot_alloc_bitmap
                0x000000008100314c                FT_New_GlyphSlot
                0x00000000810032a4                FT_Done_GlyphSlot
                0x00000000810033c8                FT_Set_Transform
                0x0000000081003760                FT_Load_Glyph
                0x0000000081003e20                FT_Load_Char
                0x0000000081004794                FT_New_Face
                0x000000008100481c                FT_New_Memory_Face
                0x0000000081005f98                FT_Open_Face
                0x00000000810066ac                FT_Attach_File
                0x0000000081006724                FT_Attach_Stream
                0x0000000081006850                FT_Reference_Face
                0x000000008100688c                FT_Done_Face
                0x0000000081006998                FT_New_Size
                0x0000000081006b64                FT_Done_Size
                0x0000000081006cb0                FT_Match_Size
                0x0000000081006ee4                ft_synthesize_vertical_metrics
                0x0000000081007104                FT_Select_Metrics
                0x000000008100726c                FT_Request_Metrics
                0x00000000810076e4                FT_Select_Size
                0x00000000810077d0                FT_Request_Size
                0x000000008100792c                FT_Set_Char_Size
                0x0000000081007a48                FT_Set_Pixel_Sizes
                0x0000000081007b5c                FT_Get_Kerning
                0x0000000081007d68                FT_Get_Track_Kerning
                0x0000000081007e68                FT_Select_Charmap
                0x0000000081007f94                FT_Set_Charmap
                0x00000000810080a0                FT_Get_Charmap_Index
                0x00000000810081f4                FT_CMap_Done
                0x00000000810083fc                FT_CMap_New
                0x00000000810085ec                FT_Get_Char_Index
                0x0000000081008678                FT_Get_First_Char
                0x0000000081008758                FT_Get_Next_Char
                0x0000000081008858                FT_Face_GetCharVariantIndex
                0x000000008100892c                FT_Face_GetCharVariantIsDefault
                0x00000000810089c8                FT_Face_GetVariantSelectors
                0x0000000081008a60                FT_Face_GetVariantsOfChar
                0x0000000081008b00                FT_Face_GetCharsOfVariant
                0x0000000081008ba0                FT_Get_Name_Index
                0x0000000081008cf4                FT_Get_Glyph_Name
                0x0000000081008e90                FT_Get_Postscript_Name
                0x0000000081008fe4                FT_Get_Sfnt_Table
                0x00000000810090c4                FT_Load_Sfnt_Table
                0x00000000810091c0                FT_Sfnt_Table_Info
                0x00000000810092bc                FT_Get_CMap_Language_ID
                0x00000000810093bc                FT_Get_CMap_Format
                0x00000000810094bc                FT_Activate_Size
                0x0000000081009534                FT_Lookup_Renderer
                0x00000000810099a8                FT_Get_Renderer
                0x00000000810099f4                FT_Set_Renderer
                0x0000000081009b58                FT_Render_Glyph_Internal
                0x0000000081009cdc                FT_Render_Glyph
                0x0000000081009e5c                FT_Add_Module
                0x000000008100a22c                FT_Get_Module
                0x000000008100a30c                FT_Get_Module_Interface
                0x000000008100a374                ft_module_get_service
                0x000000008100a4c0                FT_Remove_Module
                0x000000008100a5e0                FT_Reference_Library
                0x000000008100a61c                FT_New_Library
                0x000000008100a740                FT_Library_Version
                0x000000008100a800                FT_Done_Library
                0x000000008100aa48                FT_Set_Debug_Hook
                0x000000008100aab8                FT_Get_TrueType_Engine_Type
                0x000000008100ab50                ft_stub_set_char_sizes
                0x000000008100ac50                ft_stub_set_pixel_sizes
                0x000000008100ad0c                FT_Get_SubGlyph_Info
                0x000000008100ae20                FT_Outline_Decompose
                0x000000008100b548                FT_Outline_New_Internal
                0x000000008100b6e8                FT_Outline_New
                0x000000008100b75c                FT_Outline_Check
                0x000000008100b8a0                FT_Outline_Copy
                0x000000008100ba2c                FT_Outline_Done_Internal
                0x000000008100bb28                FT_Outline_Done
                0x000000008100bb8c                FT_Outline_Get_CBox
                0x000000008100bd28                FT_Outline_Translate
                0x000000008100bddc                FT_Outline_Reverse
                0x000000008100bfa0                FT_Outline_Render
                0x000000008100c0f4                FT_Outline_Get_Bitmap
                0x000000008100c1a8                FT_Vector_Transform
                0x000000008100c2ac                FT_Outline_Transform
                0x000000008100c354                FT_Outline_Embolden
                0x000000008100c3a0                FT_Outline_EmboldenXY
                0x000000008100c7a0                FT_Outline_Get_Orientation
                0x000000008100c934                FT_Raccess_Get_HeaderInfo
                0x000000008100ccc0                FT_Raccess_Get_DataOffsets
                0x000000008100d0c4                FT_Raccess_Guess
                0x000000008100dd6c                FT_Get_Sfnt_Name_Count
                0x000000008100ddc0                FT_Get_Sfnt_Name
                0x000000008100dfdc                FT_Stream_OpenMemory
                0x000000008100e050                FT_Stream_Close
                0x000000008100e0b4                FT_Stream_Seek
                0x000000008100e174                FT_Stream_Skip
                0x000000008100e1e0                FT_Stream_Pos
                0x000000008100e20c                FT_Stream_Read
                0x000000008100e268                FT_Stream_ReadAt
                0x000000008100e380                FT_Stream_TryRead
                0x000000008100e494                FT_Stream_ExtractFrame
                0x000000008100e518                FT_Stream_ReleaseFrame
                0x000000008100e5a4                FT_Stream_EnterFrame
                0x000000008100e79c                FT_Stream_ExitFrame
                0x000000008100e824                FT_Stream_GetChar
                0x000000008100e88c                FT_Stream_GetUShort
                0x000000008100e928                FT_Stream_GetUShortLE
                0x000000008100e9c4                FT_Stream_GetUOffset
                0x000000008100ea70                FT_Stream_GetULong
                0x000000008100eb34                FT_Stream_GetULongLE
                0x000000008100ebf8                FT_Stream_ReadChar
                0x000000008100ecf8                FT_Stream_ReadUShort
                0x000000008100ee54                FT_Stream_ReadUShortLE
                0x000000008100efb0                FT_Stream_ReadUOffset
                0x000000008100f11c                FT_Stream_ReadULong
                0x000000008100f2a0                FT_Stream_ReadULongLE
                0x000000008100f424                FT_Stream_ReadFields
                0x0000000081010088                FT_Cos
                0x00000000810100ec                FT_Sin
                0x0000000081010138                FT_Tan
                0x00000000810101a8                FT_Atan2
                0x000000008101022c                FT_Vector_Unit
                0x00000000810102b4                FT_Vector_Rotate
                0x0000000081010418                FT_Vector_Length
                0x0000000081010510                FT_Vector_Polarize
                0x00000000810105ec                FT_Vector_From_Polar
                0x000000008101064c                FT_Angle_Diff
                0x0000000081010700                ft_mem_alloc
                0x0000000081010790                ft_mem_qalloc
                0x0000000081010840                ft_mem_realloc
                0x000000008101091c                ft_mem_qrealloc
                0x0000000081010a9c                ft_mem_free
                0x0000000081010af8                ft_mem_dup
                0x0000000081010b8c                ft_mem_strdup
                0x0000000081010c08                ft_mem_strcpyn
                0x0000000081010ca0                FT_List_Find
                0x0000000081010d10                FT_List_Add
                0x0000000081010d90                FT_List_Insert
                0x0000000081010e10                FT_List_Remove
                0x0000000081010ea0                FT_List_Up
                0x0000000081010f5c                FT_List_Iterate
                0x0000000081011000                FT_List_Finalize
                0x00000000810110cc                ft_highpow2
                0x0000000081011124                FT_Alloc
                0x0000000081011184                FT_QAlloc
                0x00000000810111e4                FT_Realloc
                0x000000008101125c                FT_QRealloc
                0x00000000810112d4                FT_Free
 .text          0x000000008101133c    0x14a3c C:/Project/DevKitPro/libogc/lib/cube\libfreetype.a(truetype.o)
                0x0000000081019620                TT_New_Context
                0x00000000810211c8                TT_RunIns
 .text          0x0000000081025d78     0x9ff4 C:/Project/DevKitPro/libogc/lib/cube\libfreetype.a(type1.o)
 .text          0x000000008102fd6c     0xc584 C:/Project/DevKitPro/libogc/lib/cube\libfreetype.a(cff.o)
 .text          0x000000008103c2f0     0x366c C:/Project/DevKitPro/libogc/lib/cube\libfreetype.a(type1cid.o)
 .text          0x000000008103f95c     0x73ec C:/Project/DevKitPro/libogc/lib/cube\libfreetype.a(pfr.o)
 .text          0x0000000081046d48     0x3a4c C:/Project/DevKitPro/libogc/lib/cube\libfreetype.a(type42.o)
 .text          0x000000008104a794     0x1d04 C:/Project/DevKitPro/libogc/lib/cube\libfreetype.a(winfnt.o)
 .text          0x000000008104c498     0x39ac C:/Project/DevKitPro/libogc/lib/cube\libfreetype.a(pcf.o)
 .text          0x000000008104fe44     0x7154 C:/Project/DevKitPro/libogc/lib/cube\libfreetype.a(bdf.o)
 .text          0x0000000081056f98    0x107e4 C:/Project/DevKitPro/libogc/lib/cube\libfreetype.a(sfnt.o)
 .text          0x000000008106777c     0xb948 C:/Project/DevKitPro/libogc/lib/cube\libfreetype.a(autofit.o)
                0x00000000810685fc                af_glyph_hints_dump_points
                0x0000000081068620                af_glyph_hints_dump_segments
                0x0000000081068644                af_glyph_hints_get_num_segments
                0x0000000081068674                af_glyph_hints_get_segment_offset
                0x00000000810686a8                af_glyph_hints_dump_edges
 .text          0x00000000810730c4     0x7200 C:/Project/DevKitPro/libogc/lib/cube\libfreetype.a(pshinter.o)
                0x0000000081079df4                ps_hints_apply
 .text          0x000000008107a2c4     0x5530 C:/Project/DevKitPro/libogc/lib/cube\libfreetype.a(raster.o)
 .text          0x000000008107f7f4     0x3a6c C:/Project/DevKitPro/libogc/lib/cube\libfreetype.a(smooth.o)
 .text          0x0000000081083260     0x60b4 C:/Project/DevKitPro/libogc/lib/cube\libfreetype.a(ftgzip.o)
                0x00000000810890b0                FT_Stream_OpenGzip
 .text          0x0000000081089314     0x1688 C:/Project/DevKitPro/libogc/lib/cube\libfreetype.a(ftlzw.o)
                0x0000000081089a7c                FT_Stream_OpenLZW
                0x000000008108a198                ft_lzwstate_reset
                0x000000008108a21c                ft_lzwstate_init
                0x000000008108a2c8                ft_lzwstate_done
                0x000000008108a384                ft_lzwstate_io
 .text          0x000000008108a99c     0x74b8 C:/Project/DevKitPro/libogc/lib/cube\libfreetype.a(psaux.o)
 .text          0x0000000081091e54      0xf54 C:/Project/DevKitPro/libogc/lib/cube\libfreetype.a(psnames.o)
 .text          0x0000000081092da8      0x408 C:/Project/DevKitPro/libogc/lib/cube\libfreetype.a(ftsystem.o)
                0x0000000081092fa4                FT_Stream_Open
                0x00000000810930e8                FT_New_Memory
                0x0000000081093174                FT_Done_Memory
 .text          0x00000000810931b0      0x4f4 C:/Project/DevKitPro/libogc/lib/cube\libogc.a(cache_asm.o)
                0x00000000810931b0                DCFlashInvalidate
                0x00000000810931c4                DCEnable
                0x00000000810931d8                DCDisable
                0x00000000810931ec                DCFreeze
                0x0000000081093200                DCUnfreeze
                0x0000000081093214                DCTouchLoad
                0x000000008109321c                DCBlockZero
                0x0000000081093224                DCBlockStore
                0x000000008109322c                DCBlockFlush
                0x0000000081093234                DCBlockInvalidate
                0x000000008109323c                DCInvalidateRange
                0x000000008109326c                DCFlushRange
                0x00000000810932a0                DCStoreRange
                0x00000000810932d4                DCFlushRangeNoSync
                0x0000000081093304                DCStoreRangeNoSync
                0x0000000081093334                DCZeroRange
                0x0000000081093364                DCTouchRange
                0x0000000081093394                ICInvalidateRange
                0x00000000810933cc                ICFlashInvalidate
                0x00000000810933e0                ICEnable
                0x00000000810933f4                ICDisable
                0x0000000081093408                ICFreeze
                0x000000008109341c                ICUnfreeze
                0x0000000081093430                ICBlockInvalidate
                0x0000000081093438                ICSync
                0x0000000081093440                L2Init
                0x0000000081093488                L2Enable
                0x00000000810934a4                L2Disable
                0x00000000810934bc                L2GlobalInvalidate
                0x0000000081093514                __LCEnable
                0x00000000810935e0                LCDisable
                0x0000000081093608                LCAllocOneTag
                0x000000008109361c                LCAllocTags
                0x000000008109365c                LCLoadBlocks
                0x0000000081093680                LCStoreBlocks
 .text          0x00000000810936a4      0x434 C:/Project/DevKitPro/libogc/lib/cube\libogc.a(system_asm.o)
                0x00000000810936a4                __realmode
                0x00000000810936bc                __configBATS
                0x0000000081093790                __InitFPRS
                0x00000000810938bc                __InitPS
                0x0000000081093918                __InitCache
                0x0000000081093970                __InitSystem
                0x00000000810939e8                __flush_cache
                0x0000000081093a1c                __reset
                0x0000000081093a8c                __InitBATS
                0x0000000081093aa8                SYS_SwitchFiber
 .text          0x0000000081093ad8      0x8dc C:/Project/DevKitPro/libogc/lib/cube\libogc.a(gu_psasm.o)
                0x0000000081093ad8                ps_guMtxConcat
                0x0000000081093b9c                ps_guMtxIdentity
                0x0000000081093bc8                ps_guMtxCopy
                0x0000000081093bfc                ps_guMtxTranspose
                0x0000000081093c4c                ps_guMtxInverse
                0x0000000081093d44                ps_guMtxInvXpose
                0x0000000081093e0c                ps_guMtxScale
                0x0000000081093e34                ps_guMtxScaleApply
                0x0000000081093e8c                ps_guMtxApplyScale
                0x0000000081093ef0                ps_guMtxTrans
                0x0000000081093f24                ps_guMtxTransApply
                0x0000000081093f70                ps_guMtxApplyTrans
                0x0000000081093fec                ps_guMtxRotTrig
                0x000000008109409c                __ps_guMtxRotAxisRadInternal
                0x000000008109415c                ps_guMtxReflect
                0x00000000810941cc                ps_guVecAdd
                0x00000000810941f0                ps_guVecSub
                0x0000000081094214                ps_guVecScale
                0x0000000081094230                ps_guVecNormalize
                0x0000000081094274                ps_guVecCross
                0x00000000810942b0                ps_guVecDotProduct
                0x00000000810942d0                ps_guVecMultiply
                0x0000000081094324                ps_guVecMultiplySR
                0x0000000081094394                ps_guQuatDotProduct
 *fill*         0x00000000810943b4        0xc 00000000
 .text          0x00000000810943c0      0x44c C:/Project/DevKitPro/libogc/lib/cube\libogc.a(lwp_handler.o)
                0x00000000810943c0                _cpu_context_save_fp
                0x0000000081094500                _cpu_context_restore_fp
                0x0000000081094640                _cpu_context_switch
                0x0000000081094720                _cpu_context_save
                0x00000000810947a0                _cpu_context_restore
 .text          0x000000008109480c      0x1ac C:/Project/DevKitPro/libogc/lib/cube\libogc.a(irq_handler.o)
                0x000000008109480c                irq_exceptionhandler
 .text          0x00000000810949b8      0x1ac C:/Project/DevKitPro/libogc/lib/cube\libogc.a(decrementer_handler.o)
                0x00000000810949b8                dec_exceptionhandler
 .text          0x0000000081094b64      0x35c C:/Project/DevKitPro/libogc/lib/cube\libogc.a(exception_handler.o)
                0x0000000081094b64                exceptionhandler_start
                0x0000000081094be0                exceptionhandler_patch
                0x0000000081094c14                exceptionhandler_end
                0x0000000081094c18                default_exceptionhandler
                0x0000000081094d48                fpu_exceptionhandler
                0x0000000081094e90                systemcallhandler_start
                0x0000000081094ebc                systemcallhandler_end
 .text          0x0000000081094ec0       0x48 c:/project/devkitpro/devkitppc/bin/../lib/gcc/powerpc-eabi/10.2.0\libgcc.a(eabi.o)
                0x0000000081094ec0                __eabi
 .text          0x0000000081094f08       0x58 c:/project/devkitpro/devkitppc/bin/../lib/gcc/powerpc-eabi/10.2.0\libgcc.a(crtresxgpr.o)
                0x0000000081094f08                _restgpr_14_x
                0x0000000081094f0c                _restgpr_15_x
                0x0000000081094f10                _restgpr_16_x
                0x0000000081094f14                _restgpr_17_x
                0x0000000081094f18                _restgpr_18_x
                0x0000000081094f1c                _restgpr_19_x
                0x0000000081094f20                _restgpr_20_x
                0x0000000081094f24                _restgpr_21_x
                0x0000000081094f28                _restgpr_22_x
                0x0000000081094f2c                _restgpr_23_x
                0x0000000081094f30                _restgpr_24_x
                0x0000000081094f34                _restgpr_25_x
                0x0000000081094f38                _restgpr_26_x
                0x0000000081094f3c                _restgpr_27_x
                0x0000000081094f40                _restgpr_28_x
                0x0000000081094f44                _restgpr_29_x
                0x0000000081094f48                _restgpr_30_x
                0x0000000081094f4c                _restgpr_31_x
 .text          0x0000000081094f60      0x180 c:/project/devkitpro/devkitppc/bin/../lib/gcc/powerpc-eabi/10.2.0/../../../../powerpc-eabi/lib\libc.a(lib_a-setjmp.o)
                0x0000000081094f60                setjmp
                0x000000008109501c                longjmp
 *(.text.*)
 .text.deregister_tm_clones
                0x00000000810950e0       0x30 c:/project/devkitpro/devkitppc/bin/../lib/gcc/powerpc-eabi/10.2.0/crtbegin.o
 .text.register_tm_clones
                0x0000000081095110       0x3c c:/project/devkitpro/devkitppc/bin/../lib/gcc/powerpc-eabi/10.2.0/crtbegin.o
 .text.__do_global_dtors_aux
                0x000000008109514c       0xd0 c:/project/devkitpro/devkitppc/bin/../lib/gcc/powerpc-eabi/10.2.0/crtbegin.o
 .text.frame_dummy
                0x000000008109521c       0x44 c:/project/devkitpro/devkitppc/bin/../lib/gcc/powerpc-eabi/10.2.0/crtbegin.o
 .text.__crtmain
                0x0000000081095260       0x44 c:/project/devkitpro/devkitppc/bin/../lib/gcc/powerpc-eabi/10.2.0/../../../../powerpc-eabi/lib/crtmain.o
                0x0000000081095264                __crtmain
 .text._ZN5Brick4drawEv
                0x00000000810952a4       0x6c Brick.o
                0x00000000810952a4                _ZN5Brick4drawEv
 .text._Z3iniv  0x0000000081095310       0x24 Main.o
                0x0000000081095310                _Z3iniv
 .text._Z3endv  0x0000000081095334       0x28 Main.o
                0x0000000081095334                _Z3endv
 .text.startup.main
                0x000000008109535c      0x20c Main.o
                0x000000008109535c                main
 .text._ZN6SpriteC2Eiiii
                0x0000000081095568       0x14 Sprite.o
                0x0000000081095568                _ZN6SpriteC1Eiiii
                0x0000000081095568                _ZN6SpriteC2Eiiii
 .text.GRRLIB_FillScreen
                0x000000008109557c      0x10c C:/Project/DevKitPro/libogc/lib/cube\libgrrlib.a(GRRLIB_core.o)
                0x000000008109557c                GRRLIB_FillScreen
 .text.GRRLIB_Exit
                0x0000000081095688       0xfc C:/Project/DevKitPro/libogc/lib/cube\libgrrlib.a(GRRLIB_core.o)
                0x0000000081095688                GRRLIB_Exit
 .text.GRRLIB_Init
                0x0000000081095784      0x520 C:/Project/DevKitPro/libogc/lib/cube\libgrrlib.a(GRRLIB_core.o)
                0x0000000081095784                GRRLIB_Init
 .text.GRRLIB_DrawImg
                0x0000000081095ca4      0x4a0 C:/Project/DevKitPro/libogc/lib/cube\libgrrlib.a(GRRLIB_render.o)
                0x0000000081095ca4                GRRLIB_DrawImg
 .text.GRRLIB_Render
                0x0000000081096144       0xbc C:/Project/DevKitPro/libogc/lib/cube\libgrrlib.a(GRRLIB_render.o)
                0x0000000081096144                GRRLIB_Render
 .text.GRRLIB_LoadTexturePNG
                0x0000000081096200      0x140 C:/Project/DevKitPro/libogc/lib/cube\libgrrlib.a(GRRLIB_texEdit.o)
                0x0000000081096200                GRRLIB_LoadTexturePNG
 .text.GRRLIB_LoadTextureBMP
                0x0000000081096340      0x7a4 C:/Project/DevKitPro/libogc/lib/cube\libgrrlib.a(GRRLIB_texEdit.o)
                0x0000000081096340                GRRLIB_LoadTextureBMP
 .text.GRRLIB_LoadTextureJPGEx
                0x0000000081096ae4      0x304 C:/Project/DevKitPro/libogc/lib/cube\libgrrlib.a(GRRLIB_texEdit.o)
                0x0000000081096ae4                GRRLIB_LoadTextureJPGEx
 .text.GRRLIB_LoadTextureJPG
                0x0000000081096de8       0x5c C:/Project/DevKitPro/libogc/lib/cube\libgrrlib.a(GRRLIB_texEdit.o)
                0x0000000081096de8                GRRLIB_LoadTextureJPG
 .text.GRRLIB_LoadTexture
                0x0000000081096e44       0x4c C:/Project/DevKitPro/libogc/lib/cube\libgrrlib.a(GRRLIB_texEdit.o)
                0x0000000081096e44                GRRLIB_LoadTexture
 .text.GRRLIB_PrintfTTFW.part.0
                0x0000000081096e90      0x2ec C:/Project/DevKitPro/libogc/lib/cube\libgrrlib.a(GRRLIB_ttf.o)
 .text.GRRLIB_InitTTF
                0x000000008109717c       0x30 C:/Project/DevKitPro/libogc/lib/cube\libgrrlib.a(GRRLIB_ttf.o)
                0x000000008109717c                GRRLIB_InitTTF
 .text.GRRLIB_ExitTTF
                0x00000000810971ac        0xc C:/Project/DevKitPro/libogc/lib/cube\libgrrlib.a(GRRLIB_ttf.o)
                0x00000000810971ac                GRRLIB_ExitTTF
 .text.GRRLIB_LoadTTF
                0x00000000810971b8       0x7c C:/Project/DevKitPro/libogc/lib/cube\libgrrlib.a(GRRLIB_ttf.o)
                0x00000000810971b8                GRRLIB_LoadTTF
 .text.GRRLIB_FreeTTF
                0x0000000081097234       0x44 C:/Project/DevKitPro/libogc/lib/cube\libgrrlib.a(GRRLIB_ttf.o)
                0x0000000081097234                GRRLIB_FreeTTF
 .text.GRRLIB_PrintfTTF
                0x0000000081097278      0x148 C:/Project/DevKitPro/libogc/lib/cube\libgrrlib.a(GRRLIB_ttf.o)
                0x0000000081097278                GRRLIB_PrintfTTF
 .text.pngu_read_data_from_buffer
                0x00000000810973c0       0x68 C:/Project/DevKitPro/libogc/lib/cube\libpngu.a(pngu.o)
                0x00000000810973c0                pngu_read_data_from_buffer
 .text.pngu_free_info.part.0
                0x0000000081097428       0x80 C:/Project/DevKitPro/libogc/lib/cube\libpngu.a(pngu.o)
 .text.PNGU_SelectImageFromBuffer
                0x00000000810974a8       0x78 C:/Project/DevKitPro/libogc/lib/cube\libpngu.a(pngu.o)
                0x00000000810974a8                PNGU_SelectImageFromBuffer
 .text.PNGU_ReleaseImageContext
                0x0000000081097520       0x9c C:/Project/DevKitPro/libogc/lib/cube\libpngu.a(pngu.o)
                0x0000000081097520                PNGU_ReleaseImageContext
 .text.pngu_info
                0x00000000810975bc      0x550 C:/Project/DevKitPro/libogc/lib/cube\libpngu.a(pngu.o)
                0x00000000810975bc                pngu_info
 .text.PNGU_GetImageProperties
                0x0000000081097b0c       0xa0 C:/Project/DevKitPro/libogc/lib/cube\libpngu.a(pngu.o)
                0x0000000081097b0c                PNGU_GetImageProperties
 .text.pngu_decode
                0x0000000081097bac      0x264 C:/Project/DevKitPro/libogc/lib/cube\libpngu.a(pngu.o)
                0x0000000081097bac                pngu_decode
 .text.PNGU_DecodeTo4x4RGBA8
                0x0000000081097e10      0x3dc C:/Project/DevKitPro/libogc/lib/cube\libpngu.a(pngu.o)
                0x0000000081097e10                PNGU_DecodeTo4x4RGBA8
 .text.png_build_16bit_table
                0x00000000810981ec      0x250 C:/Project/DevKitPro/libogc/lib/cube\libpng.a(png.o)
 .text.png_gamma_8bit_correct.part.0
                0x000000008109843c       0x98 C:/Project/DevKitPro/libogc/lib/cube\libpng.a(png.o)
 .text.png_build_8bit_table
                0x00000000810984d4       0xc4 C:/Project/DevKitPro/libogc/lib/cube\libpng.a(png.o)
 .text.png_gamma_16bit_correct.part.0
                0x0000000081098598       0x98 C:/Project/DevKitPro/libogc/lib/cube\libpng.a(png.o)
 .text.png_free_data.part.0
                0x0000000081098630      0x4f4 C:/Project/DevKitPro/libogc/lib/cube\libpng.a(png.o)
 .text.png_set_sig_bytes
                0x0000000081098b24       0x3c C:/Project/DevKitPro/libogc/lib/cube\libpng.a(png.o)
                0x0000000081098b24                png_set_sig_bytes
 .text.png_sig_cmp
                0x0000000081098b60       0x80 C:/Project/DevKitPro/libogc/lib/cube\libpng.a(png.o)
                0x0000000081098b60                png_sig_cmp
 .text.png_zalloc
                0x0000000081098be0       0x68 C:/Project/DevKitPro/libogc/lib/cube\libpng.a(png.o)
                0x0000000081098be0                png_zalloc
 .text.png_zfree
                0x0000000081098c48        0x4 C:/Project/DevKitPro/libogc/lib/cube\libpng.a(png.o)
                0x0000000081098c48                png_zfree
 .text.png_reset_crc
                0x0000000081098c4c       0x3c C:/Project/DevKitPro/libogc/lib/cube\libpng.a(png.o)
                0x0000000081098c4c                png_reset_crc
 .text.png_calculate_crc
                0x0000000081098c88       0x78 C:/Project/DevKitPro/libogc/lib/cube\libpng.a(png.o)
                0x0000000081098c88                png_calculate_crc
 .text.png_user_version_check
                0x0000000081098d00      0x13c C:/Project/DevKitPro/libogc/lib/cube\libpng.a(png.o)
                0x0000000081098d00                png_user_version_check
 .text.png_create_info_struct
                0x0000000081098e3c       0x74 C:/Project/DevKitPro/libogc/lib/cube\libpng.a(png.o)
                0x0000000081098e3c                png_create_info_struct
 .text.png_free_data
                0x0000000081098eb0       0x14 C:/Project/DevKitPro/libogc/lib/cube\libpng.a(png.o)
                0x0000000081098eb0                png_free_data
 .text.png_info_destroy
                0x0000000081098ec4       0xf4 C:/Project/DevKitPro/libogc/lib/cube\libpng.a(png.o)
                0x0000000081098ec4                png_info_destroy
 .text.png_get_io_ptr
                0x0000000081098fb8       0x18 C:/Project/DevKitPro/libogc/lib/cube\libpng.a(png.o)
                0x0000000081098fb8                png_get_io_ptr
 .text.png_init_io
                0x0000000081098fd0       0x10 C:/Project/DevKitPro/libogc/lib/cube\libpng.a(png.o)
                0x0000000081098fd0                png_init_io
 .text.png_chunk_unknown_handling
                0x0000000081098fe0       0x5c C:/Project/DevKitPro/libogc/lib/cube\libpng.a(png.o)
                0x0000000081098fe0                png_chunk_unknown_handling
 .text.png_check_cHRM_fixed
                0x000000008109903c      0x250 C:/Project/DevKitPro/libogc/lib/cube\libpng.a(png.o)
                0x000000008109903c                png_check_cHRM_fixed
 .text.png_check_IHDR
                0x000000008109928c      0x34c C:/Project/DevKitPro/libogc/lib/cube\libpng.a(png.o)
                0x000000008109928c                png_check_IHDR
 .text.png_check_fp_number
                0x00000000810995d8      0x158 C:/Project/DevKitPro/libogc/lib/cube\libpng.a(png.o)
                0x00000000810995d8                png_check_fp_number
 .text.png_check_fp_string
                0x0000000081099730       0x8c C:/Project/DevKitPro/libogc/lib/cube\libpng.a(png.o)
                0x0000000081099730                png_check_fp_string
 .text.png_muldiv
                0x00000000810997bc       0xf8 C:/Project/DevKitPro/libogc/lib/cube\libpng.a(png.o)
                0x00000000810997bc                png_muldiv
 .text.png_reciprocal
                0x00000000810998b4       0xa4 C:/Project/DevKitPro/libogc/lib/cube\libpng.a(png.o)
                0x00000000810998b4                png_reciprocal
 .text.png_XYZ_from_xy
                0x0000000081099958      0x6c4 C:/Project/DevKitPro/libogc/lib/cube\libpng.a(png.o)
                0x0000000081099958                png_XYZ_from_xy
 .text.png_XYZ_from_xy_checked
                0x000000008109a01c       0xc0 C:/Project/DevKitPro/libogc/lib/cube\libpng.a(png.o)
                0x000000008109a01c                png_XYZ_from_xy_checked
 .text.png_reciprocal2
                0x000000008109a0dc       0xbc C:/Project/DevKitPro/libogc/lib/cube\libpng.a(png.o)
                0x000000008109a0dc                png_reciprocal2
 .text.png_gamma_8bit_correct
                0x000000008109a198       0x18 C:/Project/DevKitPro/libogc/lib/cube\libpng.a(png.o)
                0x000000008109a198                png_gamma_8bit_correct
 .text.png_gamma_correct
                0x000000008109a1b0       0x6c C:/Project/DevKitPro/libogc/lib/cube\libpng.a(png.o)
                0x000000008109a1b0                png_gamma_correct
 .text.png_gamma_significant
                0x000000008109a21c       0x18 C:/Project/DevKitPro/libogc/lib/cube\libpng.a(png.o)
                0x000000008109a21c                png_gamma_significant
 .text.png_destroy_gamma_table
                0x000000008109a234      0x29c C:/Project/DevKitPro/libogc/lib/cube\libpng.a(png.o)
                0x000000008109a234                png_destroy_gamma_table
 .text.png_build_gamma_table
                0x000000008109a4d0      0x8a8 C:/Project/DevKitPro/libogc/lib/cube\libpng.a(png.o)
                0x000000008109a4d0                png_build_gamma_table
 .text.png_format_buffer.isra.0
                0x000000008109ad78      0x134 C:/Project/DevKitPro/libogc/lib/cube\libpng.a(pngerror.o)
 .text.png_safecat
                0x000000008109aeac       0xac C:/Project/DevKitPro/libogc/lib/cube\libpng.a(pngerror.o)
                0x000000008109aeac                png_safecat
 .text.png_format_number
                0x000000008109af58      0x170 C:/Project/DevKitPro/libogc/lib/cube\libpng.a(pngerror.o)
                0x000000008109af58                png_format_number
 .text.png_warning
                0x000000008109b0c8       0xb4 C:/Project/DevKitPro/libogc/lib/cube\libpng.a(pngerror.o)
                0x000000008109b0c8                png_warning
 .text.png_warning_parameter
                0x000000008109b17c       0xa0 C:/Project/DevKitPro/libogc/lib/cube\libpng.a(pngerror.o)
                0x000000008109b17c                png_warning_parameter
 .text.png_warning_parameter_unsigned
                0x000000008109b21c       0x50 C:/Project/DevKitPro/libogc/lib/cube\libpng.a(pngerror.o)
                0x000000008109b21c                png_warning_parameter_unsigned
 .text.png_warning_parameter_signed
                0x000000008109b26c       0xd8 C:/Project/DevKitPro/libogc/lib/cube\libpng.a(pngerror.o)
                0x000000008109b26c                png_warning_parameter_signed
 .text.png_formatted_warning
                0x000000008109b344      0x11c C:/Project/DevKitPro/libogc/lib/cube\libpng.a(pngerror.o)
                0x000000008109b344                png_formatted_warning
 .text.png_chunk_warning
                0x000000008109b460       0x84 C:/Project/DevKitPro/libogc/lib/cube\libpng.a(pngerror.o)
                0x000000008109b460                png_chunk_warning
 .text.png_set_longjmp_fn
                0x000000008109b4e4       0x28 C:/Project/DevKitPro/libogc/lib/cube\libpng.a(pngerror.o)
                0x000000008109b4e4                png_set_longjmp_fn
 .text.png_longjmp
                0x000000008109b50c       0x2c C:/Project/DevKitPro/libogc/lib/cube\libpng.a(pngerror.o)
                0x000000008109b50c                png_longjmp
 .text.png_default_error
                0x000000008109b538       0x64 C:/Project/DevKitPro/libogc/lib/cube\libpng.a(pngerror.o)
 .text.png_error
                0x000000008109b59c       0x40 C:/Project/DevKitPro/libogc/lib/cube\libpng.a(pngerror.o)
                0x000000008109b59c                png_error
 .text.png_benign_error
                0x000000008109b5dc       0x20 C:/Project/DevKitPro/libogc/lib/cube\libpng.a(pngerror.o)
                0x000000008109b5dc                png_benign_error
 .text.png_chunk_error
                0x000000008109b5fc       0x38 C:/Project/DevKitPro/libogc/lib/cube\libpng.a(pngerror.o)
                0x000000008109b5fc                png_chunk_error
 .text.png_chunk_benign_error
                0x000000008109b634       0x54 C:/Project/DevKitPro/libogc/lib/cube\libpng.a(pngerror.o)
                0x000000008109b634                png_chunk_benign_error
 .text.png_set_error_fn
                0x000000008109b688       0x18 C:/Project/DevKitPro/libogc/lib/cube\libpng.a(pngerror.o)
                0x000000008109b688                png_set_error_fn
 .text.png_get_rowbytes
                0x000000008109b6a0       0x24 C:/Project/DevKitPro/libogc/lib/cube\libpng.a(pngget.o)
                0x000000008109b6a0                png_get_rowbytes
 .text.png_get_bKGD
                0x000000008109b6c4       0x44 C:/Project/DevKitPro/libogc/lib/cube\libpng.a(pngget.o)
                0x000000008109b6c4                png_get_bKGD
 .text.png_get_IHDR
                0x000000008109b708       0xc8 C:/Project/DevKitPro/libogc/lib/cube\libpng.a(pngget.o)
                0x000000008109b708                png_get_IHDR
 .text.png_get_tRNS
                0x000000008109b7d0       0xa0 C:/Project/DevKitPro/libogc/lib/cube\libpng.a(pngget.o)
                0x000000008109b7d0                png_get_tRNS
 .text.png_destroy_struct_2.part.0
                0x000000008109b870       0x30 C:/Project/DevKitPro/libogc/lib/cube\libpng.a(pngmem.o)
 .text.png_create_struct_2
                0x000000008109b8a0       0xd0 C:/Project/DevKitPro/libogc/lib/cube\libpng.a(pngmem.o)
                0x000000008109b8a0                png_create_struct_2
 .text.png_destroy_struct_2
                0x000000008109b970       0x18 C:/Project/DevKitPro/libogc/lib/cube\libpng.a(pngmem.o)
                0x000000008109b970                png_destroy_struct_2
 .text.png_malloc
                0x000000008109b988       0x90 C:/Project/DevKitPro/libogc/lib/cube\libpng.a(pngmem.o)
                0x000000008109b988                png_malloc
 .text.png_calloc
                0x000000008109ba18       0x4c C:/Project/DevKitPro/libogc/lib/cube\libpng.a(pngmem.o)
                0x000000008109ba18                png_calloc
 .text.png_free
                0x000000008109ba64       0x2c C:/Project/DevKitPro/libogc/lib/cube\libpng.a(pngmem.o)
                0x000000008109ba64                png_free
 .text.png_malloc_warn
                0x000000008109ba90       0xb0 C:/Project/DevKitPro/libogc/lib/cube\libpng.a(pngmem.o)
                0x000000008109ba90                png_malloc_warn
 .text.png_set_mem_fn
                0x000000008109bb40       0x18 C:/Project/DevKitPro/libogc/lib/cube\libpng.a(pngmem.o)
                0x000000008109bb40                png_set_mem_fn
 .text.png_read_info.part.0
                0x000000008109bb58      0x4a8 C:/Project/DevKitPro/libogc/lib/cube\libpng.a(pngread.o)
 .text.png_create_read_struct_2
                0x000000008109c000      0x310 C:/Project/DevKitPro/libogc/lib/cube\libpng.a(pngread.o)
                0x000000008109c000                png_create_read_struct_2
 .text.png_create_read_struct
                0x000000008109c310       0x10 C:/Project/DevKitPro/libogc/lib/cube\libpng.a(pngread.o)
                0x000000008109c310                png_create_read_struct
 .text.png_read_info
                0x000000008109c320       0x14 C:/Project/DevKitPro/libogc/lib/cube\libpng.a(pngread.o)
                0x000000008109c320                png_read_info
 .text.png_read_update_info
                0x000000008109c334       0x50 C:/Project/DevKitPro/libogc/lib/cube\libpng.a(pngread.o)
                0x000000008109c334                png_read_update_info
 .text.png_read_row
                0x000000008109c384      0x4f4 C:/Project/DevKitPro/libogc/lib/cube\libpng.a(pngread.o)
                0x000000008109c384                png_read_row
 .text.png_read_image
                0x000000008109c878      0x174 C:/Project/DevKitPro/libogc/lib/cube\libpng.a(pngread.o)
                0x000000008109c878                png_read_image
 .text.png_read_destroy
                0x000000008109c9ec      0x1a8 C:/Project/DevKitPro/libogc/lib/cube\libpng.a(pngread.o)
                0x000000008109c9ec                png_read_destroy
 .text.png_destroy_read_struct
                0x000000008109cb94      0x188 C:/Project/DevKitPro/libogc/lib/cube\libpng.a(pngread.o)
                0x000000008109cb94                png_destroy_read_struct
 .text.png_default_read_data
                0x000000008109cd1c       0x60 C:/Project/DevKitPro/libogc/lib/cube\libpng.a(pngrio.o)
                0x000000008109cd1c                png_default_read_data
 .text.png_read_data
                0x000000008109cd7c       0x2c C:/Project/DevKitPro/libogc/lib/cube\libpng.a(pngrio.o)
                0x000000008109cd7c                png_read_data
 .text.png_set_read_fn
                0x000000008109cda8       0x74 C:/Project/DevKitPro/libogc/lib/cube\libpng.a(pngrio.o)
                0x000000008109cda8                png_set_read_fn
 .text.png_set_strip_16
                0x000000008109ce1c       0x18 C:/Project/DevKitPro/libogc/lib/cube\libpng.a(pngrtran.o)
                0x000000008109ce1c                png_set_strip_16
 .text.png_set_strip_alpha
                0x000000008109ce34       0x18 C:/Project/DevKitPro/libogc/lib/cube\libpng.a(pngrtran.o)
                0x000000008109ce34                png_set_strip_alpha
 .text.png_set_gray_to_rgb
                0x000000008109ce4c       0x24 C:/Project/DevKitPro/libogc/lib/cube\libpng.a(pngrtran.o)
                0x000000008109ce4c                png_set_gray_to_rgb
 .text.png_init_read_transformations
                0x000000008109ce70      0xdc4 C:/Project/DevKitPro/libogc/lib/cube\libpng.a(pngrtran.o)
                0x000000008109ce70                png_init_read_transformations
 .text.png_read_transform_info
                0x000000008109dc34      0x2e0 C:/Project/DevKitPro/libogc/lib/cube\libpng.a(pngrtran.o)
                0x000000008109dc34                png_read_transform_info
 .text.png_do_unpack
                0x000000008109df14      0x1ac C:/Project/DevKitPro/libogc/lib/cube\libpng.a(pngrtran.o)
                0x000000008109df14                png_do_unpack
 .text.png_do_unshift
                0x000000008109e0c0      0x2d4 C:/Project/DevKitPro/libogc/lib/cube\libpng.a(pngrtran.o)
                0x000000008109e0c0                png_do_unshift
 .text.png_do_read_swap_alpha
                0x000000008109e394      0x168 C:/Project/DevKitPro/libogc/lib/cube\libpng.a(pngrtran.o)
                0x000000008109e394                png_do_read_swap_alpha
 .text.png_do_read_invert_alpha
                0x000000008109e4fc      0x1fc C:/Project/DevKitPro/libogc/lib/cube\libpng.a(pngrtran.o)
                0x000000008109e4fc                png_do_read_invert_alpha
 .text.png_do_read_filler
                0x000000008109e6f8      0x398 C:/Project/DevKitPro/libogc/lib/cube\libpng.a(pngrtran.o)
                0x000000008109e6f8                png_do_read_filler
 .text.png_do_gray_to_rgb
                0x000000008109ea90      0x258 C:/Project/DevKitPro/libogc/lib/cube\libpng.a(pngrtran.o)
                0x000000008109ea90                png_do_gray_to_rgb
 .text.png_do_rgb_to_gray
                0x000000008109ece8      0x488 C:/Project/DevKitPro/libogc/lib/cube\libpng.a(pngrtran.o)
                0x000000008109ece8                png_do_rgb_to_gray
 .text.png_do_compose
                0x000000008109f170      0xfd8 C:/Project/DevKitPro/libogc/lib/cube\libpng.a(pngrtran.o)
                0x000000008109f170                png_do_compose
 .text.png_do_gamma
                0x00000000810a0148      0x518 C:/Project/DevKitPro/libogc/lib/cube\libpng.a(pngrtran.o)
                0x00000000810a0148                png_do_gamma
 .text.png_do_encode_alpha
                0x00000000810a0660      0x134 C:/Project/DevKitPro/libogc/lib/cube\libpng.a(pngrtran.o)
                0x00000000810a0660                png_do_encode_alpha
 .text.png_do_expand_palette
                0x00000000810a0794      0x2d0 C:/Project/DevKitPro/libogc/lib/cube\libpng.a(pngrtran.o)
                0x00000000810a0794                png_do_expand_palette
 .text.png_do_expand
                0x00000000810a0a64      0x614 C:/Project/DevKitPro/libogc/lib/cube\libpng.a(pngrtran.o)
                0x00000000810a0a64                png_do_expand
 .text.png_do_expand_16
                0x00000000810a1078       0x64 C:/Project/DevKitPro/libogc/lib/cube\libpng.a(pngrtran.o)
                0x00000000810a1078                png_do_expand_16
 .text.png_do_quantize
                0x00000000810a10dc      0x178 C:/Project/DevKitPro/libogc/lib/cube\libpng.a(pngrtran.o)
                0x00000000810a10dc                png_do_quantize
 .text.png_do_read_transformations
                0x00000000810a1254      0x670 C:/Project/DevKitPro/libogc/lib/cube\libpng.a(pngrtran.o)
                0x00000000810a1254                png_do_read_transformations
 .text.png_do_read_intrapixel
                0x00000000810a18c4       0xd4 C:/Project/DevKitPro/libogc/lib/cube\libpng.a(pngrtran.o)
                0x00000000810a18c4                png_do_read_intrapixel
 .text.png_read_filter_row_sub
                0x00000000810a1998       0x88 C:/Project/DevKitPro/libogc/lib/cube\libpng.a(pngrutil.o)
 .text.png_read_filter_row_up
                0x00000000810a1a20       0x84 C:/Project/DevKitPro/libogc/lib/cube\libpng.a(pngrutil.o)
 .text.png_read_filter_row_avg
                0x00000000810a1aa4       0xe4 C:/Project/DevKitPro/libogc/lib/cube\libpng.a(pngrutil.o)
 .text.png_read_filter_row_paeth_1byte_pixel
                0x00000000810a1b88       0xa0 C:/Project/DevKitPro/libogc/lib/cube\libpng.a(pngrutil.o)
 .text.png_read_filter_row_paeth_multibyte_pixel
                0x00000000810a1c28      0x138 C:/Project/DevKitPro/libogc/lib/cube\libpng.a(pngrutil.o)
 .text.png_inflate
                0x00000000810a1d60      0x1e0 C:/Project/DevKitPro/libogc/lib/cube\libpng.a(pngrutil.o)
 .text.png_read_sig
                0x00000000810a1f40       0xf0 C:/Project/DevKitPro/libogc/lib/cube\libpng.a(pngrutil.o)
                0x00000000810a1f40                png_read_sig
 .text.png_read_chunk_header
                0x00000000810a2030       0xec C:/Project/DevKitPro/libogc/lib/cube\libpng.a(pngrutil.o)
                0x00000000810a2030                png_read_chunk_header
 .text.png_crc_read
                0x00000000810a211c       0x60 C:/Project/DevKitPro/libogc/lib/cube\libpng.a(pngrutil.o)
                0x00000000810a211c                png_crc_read
 .text.png_crc_error
                0x00000000810a217c       0xcc C:/Project/DevKitPro/libogc/lib/cube\libpng.a(pngrutil.o)
                0x00000000810a217c                png_crc_error
 .text.png_crc_finish
                0x00000000810a2248      0x13c C:/Project/DevKitPro/libogc/lib/cube\libpng.a(pngrutil.o)
                0x00000000810a2248                png_crc_finish
 .text.png_decompress_chunk
                0x00000000810a2384      0x244 C:/Project/DevKitPro/libogc/lib/cube\libpng.a(pngrutil.o)
                0x00000000810a2384                png_decompress_chunk
 .text.png_handle_IHDR
                0x00000000810a25c8      0x204 C:/Project/DevKitPro/libogc/lib/cube\libpng.a(pngrutil.o)
                0x00000000810a25c8                png_handle_IHDR
 .text.png_handle_PLTE
                0x00000000810a27cc      0x2b0 C:/Project/DevKitPro/libogc/lib/cube\libpng.a(pngrutil.o)
                0x00000000810a27cc                png_handle_PLTE
 .text.png_handle_IEND
                0x00000000810a2a7c       0x9c C:/Project/DevKitPro/libogc/lib/cube\libpng.a(pngrutil.o)
                0x00000000810a2a7c                png_handle_IEND
 .text.png_handle_gAMA
                0x00000000810a2b18      0x220 C:/Project/DevKitPro/libogc/lib/cube\libpng.a(pngrutil.o)
                0x00000000810a2b18                png_handle_gAMA
 .text.png_handle_sBIT
                0x00000000810a2d38      0x208 C:/Project/DevKitPro/libogc/lib/cube\libpng.a(pngrutil.o)
                0x00000000810a2d38                png_handle_sBIT
 .text.png_handle_cHRM
                0x00000000810a2f40      0x660 C:/Project/DevKitPro/libogc/lib/cube\libpng.a(pngrutil.o)
                0x00000000810a2f40                png_handle_cHRM
 .text.png_handle_sRGB
                0x00000000810a35a0      0x2a4 C:/Project/DevKitPro/libogc/lib/cube\libpng.a(pngrutil.o)
                0x00000000810a35a0                png_handle_sRGB
 .text.png_handle_iCCP
                0x00000000810a3844      0x328 C:/Project/DevKitPro/libogc/lib/cube\libpng.a(pngrutil.o)
                0x00000000810a3844                png_handle_iCCP
 .text.png_handle_sPLT
                0x00000000810a3b6c      0x418 C:/Project/DevKitPro/libogc/lib/cube\libpng.a(pngrutil.o)
                0x00000000810a3b6c                png_handle_sPLT
 .text.png_handle_tRNS
                0x00000000810a3f84      0x2bc C:/Project/DevKitPro/libogc/lib/cube\libpng.a(pngrutil.o)
                0x00000000810a3f84                png_handle_tRNS
 .text.png_handle_bKGD
                0x00000000810a4240      0x288 C:/Project/DevKitPro/libogc/lib/cube\libpng.a(pngrutil.o)
                0x00000000810a4240                png_handle_bKGD
 .text.png_handle_hIST
                0x00000000810a44c8      0x1cc C:/Project/DevKitPro/libogc/lib/cube\libpng.a(pngrutil.o)
                0x00000000810a44c8                png_handle_hIST
 .text.png_handle_pHYs
                0x00000000810a4694      0x1a0 C:/Project/DevKitPro/libogc/lib/cube\libpng.a(pngrutil.o)
                0x00000000810a4694                png_handle_pHYs
 .text.png_handle_oFFs
                0x00000000810a4834      0x1a0 C:/Project/DevKitPro/libogc/lib/cube\libpng.a(pngrutil.o)
                0x00000000810a4834                png_handle_oFFs
 .text.png_handle_pCAL
                0x00000000810a49d4      0x550 C:/Project/DevKitPro/libogc/lib/cube\libpng.a(pngrutil.o)
                0x00000000810a49d4                png_handle_pCAL
 .text.png_handle_sCAL
                0x00000000810a4f24      0x2f0 C:/Project/DevKitPro/libogc/lib/cube\libpng.a(pngrutil.o)
                0x00000000810a4f24                png_handle_sCAL
 .text.png_handle_tIME
                0x00000000810a5214      0x150 C:/Project/DevKitPro/libogc/lib/cube\libpng.a(pngrutil.o)
                0x00000000810a5214                png_handle_tIME
 .text.png_handle_tEXt
                0x00000000810a5364      0x294 C:/Project/DevKitPro/libogc/lib/cube\libpng.a(pngrutil.o)
                0x00000000810a5364                png_handle_tEXt
 .text.png_handle_zTXt
                0x00000000810a55f8      0x2dc C:/Project/DevKitPro/libogc/lib/cube\libpng.a(pngrutil.o)
                0x00000000810a55f8                png_handle_zTXt
 .text.png_handle_iTXt
                0x00000000810a58d4      0x3dc C:/Project/DevKitPro/libogc/lib/cube\libpng.a(pngrutil.o)
                0x00000000810a58d4                png_handle_iTXt
 .text.png_handle_unknown
                0x00000000810a5cb0      0x220 C:/Project/DevKitPro/libogc/lib/cube\libpng.a(pngrutil.o)
                0x00000000810a5cb0                png_handle_unknown
 .text.png_combine_row
                0x00000000810a5ed0      0x68c C:/Project/DevKitPro/libogc/lib/cube\libpng.a(pngrutil.o)
                0x00000000810a5ed0                png_combine_row
 .text.png_do_read_interlace
                0x00000000810a655c      0x4b4 C:/Project/DevKitPro/libogc/lib/cube\libpng.a(pngrutil.o)
                0x00000000810a655c                png_do_read_interlace
 .text.png_read_filter_row
                0x00000000810a6a10       0xb0 C:/Project/DevKitPro/libogc/lib/cube\libpng.a(pngrutil.o)
                0x00000000810a6a10                png_read_filter_row
 .text.png_read_finish_row
                0x00000000810a6ac0      0x38c C:/Project/DevKitPro/libogc/lib/cube\libpng.a(pngrutil.o)
                0x00000000810a6ac0                png_read_finish_row
 .text.png_read_start_row
                0x00000000810a6e4c      0x398 C:/Project/DevKitPro/libogc/lib/cube\libpng.a(pngrutil.o)
                0x00000000810a6e4c                png_read_start_row
 .text.png_set_text_2.part.0
                0x00000000810a71e4      0x3d4 C:/Project/DevKitPro/libogc/lib/cube\libpng.a(pngset.o)
 .text.png_set_bKGD
                0x00000000810a75b8       0x38 C:/Project/DevKitPro/libogc/lib/cube\libpng.a(pngset.o)
                0x00000000810a75b8                png_set_bKGD
 .text.png_set_cHRM_fixed
                0x00000000810a75f0       0xe8 C:/Project/DevKitPro/libogc/lib/cube\libpng.a(pngset.o)
                0x00000000810a75f0                png_set_cHRM_fixed
 .text.png_set_gAMA_fixed
                0x00000000810a76d8       0x44 C:/Project/DevKitPro/libogc/lib/cube\libpng.a(pngset.o)
                0x00000000810a76d8                png_set_gAMA_fixed
 .text.png_set_hIST
                0x00000000810a771c      0x118 C:/Project/DevKitPro/libogc/lib/cube\libpng.a(pngset.o)
                0x00000000810a771c                png_set_hIST
 .text.png_set_IHDR
                0x00000000810a7834      0x15c C:/Project/DevKitPro/libogc/lib/cube\libpng.a(pngset.o)
                0x00000000810a7834                png_set_IHDR
 .text.png_set_oFFs
                0x00000000810a7990       0x2c C:/Project/DevKitPro/libogc/lib/cube\libpng.a(pngset.o)
                0x00000000810a7990                png_set_oFFs
 .text.png_set_pCAL
                0x00000000810a79bc      0x2dc C:/Project/DevKitPro/libogc/lib/cube\libpng.a(pngset.o)
                0x00000000810a79bc                png_set_pCAL
 .text.png_set_sCAL_s
                0x00000000810a7c98      0x1e4 C:/Project/DevKitPro/libogc/lib/cube\libpng.a(pngset.o)
                0x00000000810a7c98                png_set_sCAL_s
 .text.png_set_pHYs
                0x00000000810a7e7c       0x2c C:/Project/DevKitPro/libogc/lib/cube\libpng.a(pngset.o)
                0x00000000810a7e7c                png_set_pHYs
 .text.png_set_PLTE
                0x00000000810a7ea8      0x110 C:/Project/DevKitPro/libogc/lib/cube\libpng.a(pngset.o)
                0x00000000810a7ea8                png_set_PLTE
 .text.png_set_sBIT
                0x00000000810a7fb8       0x30 C:/Project/DevKitPro/libogc/lib/cube\libpng.a(pngset.o)
                0x00000000810a7fb8                png_set_sBIT
 .text.png_set_sRGB_gAMA_and_cHRM
                0x00000000810a7fe8      0x10c C:/Project/DevKitPro/libogc/lib/cube\libpng.a(pngset.o)
                0x00000000810a7fe8                png_set_sRGB_gAMA_and_cHRM
 .text.png_set_iCCP
                0x00000000810a80f4      0x188 C:/Project/DevKitPro/libogc/lib/cube\libpng.a(pngset.o)
                0x00000000810a80f4                png_set_iCCP
 .text.png_set_text_2
                0x00000000810a827c       0x24 C:/Project/DevKitPro/libogc/lib/cube\libpng.a(pngset.o)
                0x00000000810a827c                png_set_text_2
 .text.png_set_tIME
                0x00000000810a82a0       0x94 C:/Project/DevKitPro/libogc/lib/cube\libpng.a(pngset.o)
                0x00000000810a82a0                png_set_tIME
 .text.png_set_tRNS
                0x00000000810a8334      0x1c8 C:/Project/DevKitPro/libogc/lib/cube\libpng.a(pngset.o)
                0x00000000810a8334                png_set_tRNS
 .text.png_set_sPLT
                0x00000000810a84fc      0x210 C:/Project/DevKitPro/libogc/lib/cube\libpng.a(pngset.o)
                0x00000000810a84fc                png_set_sPLT
 .text.png_set_unknown_chunks
                0x00000000810a870c      0x210 C:/Project/DevKitPro/libogc/lib/cube\libpng.a(pngset.o)
                0x00000000810a870c                png_set_unknown_chunks
 .text.png_set_packing
                0x00000000810a891c       0x2c C:/Project/DevKitPro/libogc/lib/cube\libpng.a(pngtrans.o)
                0x00000000810a891c                png_set_packing
 .text.png_set_interlace_handling
                0x00000000810a8948       0x34 C:/Project/DevKitPro/libogc/lib/cube\libpng.a(pngtrans.o)
                0x00000000810a8948                png_set_interlace_handling
 .text.png_do_invert
                0x00000000810a897c      0x21c C:/Project/DevKitPro/libogc/lib/cube\libpng.a(pngtrans.o)
                0x00000000810a897c                png_do_invert
 .text.png_do_swap
                0x00000000810a8b98       0x80 C:/Project/DevKitPro/libogc/lib/cube\libpng.a(pngtrans.o)
                0x00000000810a8b98                png_do_swap
 .text.png_do_packswap
                0x00000000810a8c18       0xbc C:/Project/DevKitPro/libogc/lib/cube\libpng.a(pngtrans.o)
                0x00000000810a8c18                png_do_packswap
 .text.png_do_strip_channel
                0x00000000810a8cd4      0x3bc C:/Project/DevKitPro/libogc/lib/cube\libpng.a(pngtrans.o)
                0x00000000810a8cd4                png_do_strip_channel
 .text.png_do_bgr
                0x00000000810a9090      0x188 C:/Project/DevKitPro/libogc/lib/cube\libpng.a(pngtrans.o)
                0x00000000810a9090                png_do_bgr
 .text.jpeg_CreateDecompress
                0x00000000810a9218      0x128 C:/Project/DevKitPro/libogc/lib/cube\libjpeg.a(jdapimin.o)
                0x00000000810a9218                jpeg_CreateDecompress
 .text.jpeg_destroy_decompress
                0x00000000810a9340        0x4 C:/Project/DevKitPro/libogc/lib/cube\libjpeg.a(jdapimin.o)
                0x00000000810a9340                jpeg_destroy_decompress
 .text.jpeg_consume_input
                0x00000000810a9344      0x318 C:/Project/DevKitPro/libogc/lib/cube\libjpeg.a(jdapimin.o)
                0x00000000810a9344                jpeg_consume_input
 .text.jpeg_read_header
                0x00000000810a965c       0xb4 C:/Project/DevKitPro/libogc/lib/cube\libjpeg.a(jdapimin.o)
                0x00000000810a965c                jpeg_read_header
 .text.jpeg_finish_decompress
                0x00000000810a9710      0x120 C:/Project/DevKitPro/libogc/lib/cube\libjpeg.a(jdapimin.o)
                0x00000000810a9710                jpeg_finish_decompress
 .text.output_pass_setup
                0x00000000810a9830      0x15c C:/Project/DevKitPro/libogc/lib/cube\libjpeg.a(jdapistd.o)
 .text.jpeg_start_decompress
                0x00000000810a998c      0x164 C:/Project/DevKitPro/libogc/lib/cube\libjpeg.a(jdapistd.o)
                0x00000000810a998c                jpeg_start_decompress
 .text.jpeg_read_scanlines
                0x00000000810a9af0      0x114 C:/Project/DevKitPro/libogc/lib/cube\libjpeg.a(jdapistd.o)
                0x00000000810a9af0                jpeg_read_scanlines
 .text.init_mem_source
                0x00000000810a9c04        0x4 C:/Project/DevKitPro/libogc/lib/cube\libjpeg.a(jdatasrc.o)
 .text.fill_mem_input_buffer
                0x00000000810a9c08       0x60 C:/Project/DevKitPro/libogc/lib/cube\libjpeg.a(jdatasrc.o)
 .text.skip_input_data
                0x00000000810a9c68       0x8c C:/Project/DevKitPro/libogc/lib/cube\libjpeg.a(jdatasrc.o)
 .text.term_source
                0x00000000810a9cf4        0x4 C:/Project/DevKitPro/libogc/lib/cube\libjpeg.a(jdatasrc.o)
 .text.jpeg_mem_src
                0x00000000810a9cf8       0xf8 C:/Project/DevKitPro/libogc/lib/cube\libjpeg.a(jdatasrc.o)
                0x00000000810a9cf8                jpeg_mem_src
 .text.finish_input_pass
                0x00000000810a9df0       0x14 C:/Project/DevKitPro/libogc/lib/cube\libjpeg.a(jdinput.o)
 .text.reset_input_controller
                0x00000000810a9e04       0x7c C:/Project/DevKitPro/libogc/lib/cube\libjpeg.a(jdinput.o)
 .text.start_input_pass
                0x00000000810a9e80      0x33c C:/Project/DevKitPro/libogc/lib/cube\libjpeg.a(jdinput.o)
 .text.consume_markers
                0x00000000810aa1bc      0x73c C:/Project/DevKitPro/libogc/lib/cube\libjpeg.a(jdinput.o)
 .text.jpeg_core_output_dimensions
                0x00000000810aa8f8      0x43c C:/Project/DevKitPro/libogc/lib/cube\libjpeg.a(jdinput.o)
                0x00000000810aa8f8                jpeg_core_output_dimensions
 .text.jinit_input_controller
                0x00000000810aad34       0x88 C:/Project/DevKitPro/libogc/lib/cube\libjpeg.a(jdinput.o)
                0x00000000810aad34                jinit_input_controller
 .text.get_sof  0x00000000810aadbc      0x534 C:/Project/DevKitPro/libogc/lib/cube\libjpeg.a(jdmarker.o)
 .text.examine_app0
                0x00000000810ab2f0      0x2bc C:/Project/DevKitPro/libogc/lib/cube\libjpeg.a(jdmarker.o)
 .text.examine_app14
                0x00000000810ab5ac      0x10c C:/Project/DevKitPro/libogc/lib/cube\libjpeg.a(jdmarker.o)
 .text.get_interesting_appn
                0x00000000810ab6b8      0x27c C:/Project/DevKitPro/libogc/lib/cube\libjpeg.a(jdmarker.o)
 .text.skip_variable
                0x00000000810ab934      0x188 C:/Project/DevKitPro/libogc/lib/cube\libjpeg.a(jdmarker.o)
 .text.next_marker
                0x00000000810ababc      0x1a0 C:/Project/DevKitPro/libogc/lib/cube\libjpeg.a(jdmarker.o)
 .text.read_restart_marker
                0x00000000810abc5c       0xec C:/Project/DevKitPro/libogc/lib/cube\libjpeg.a(jdmarker.o)
 .text.reset_marker_reader
                0x00000000810abd48       0x28 C:/Project/DevKitPro/libogc/lib/cube\libjpeg.a(jdmarker.o)
 .text.get_dht  0x00000000810abd70      0x47c C:/Project/DevKitPro/libogc/lib/cube\libjpeg.a(jdmarker.o)
 .text.read_markers
                0x00000000810ac1ec     0x1040 C:/Project/DevKitPro/libogc/lib/cube\libjpeg.a(jdmarker.o)
 .text.jpeg_resync_to_restart
                0x00000000810ad22c      0x1cc C:/Project/DevKitPro/libogc/lib/cube\libjpeg.a(jdmarker.o)
                0x00000000810ad22c                jpeg_resync_to_restart
 .text.jinit_marker_reader
                0x00000000810ad3f8       0xf0 C:/Project/DevKitPro/libogc/lib/cube\libjpeg.a(jdmarker.o)
                0x00000000810ad3f8                jinit_marker_reader
 .text.prepare_for_output_pass
                0x00000000810ad4e8      0x234 C:/Project/DevKitPro/libogc/lib/cube\libjpeg.a(jdmaster.o)
 .text.finish_output_pass
                0x00000000810ad71c       0x50 C:/Project/DevKitPro/libogc/lib/cube\libjpeg.a(jdmaster.o)
 .text.use_merged_upsample
                0x00000000810ad76c       0xf8 C:/Project/DevKitPro/libogc/lib/cube\libjpeg.a(jdmaster.o)
 .text.jpeg_calc_output_dimensions
                0x00000000810ad864      0x264 C:/Project/DevKitPro/libogc/lib/cube\libjpeg.a(jdmaster.o)
                0x00000000810ad864                jpeg_calc_output_dimensions
 .text.jinit_master_decompress
                0x00000000810adac8      0x388 C:/Project/DevKitPro/libogc/lib/cube\libjpeg.a(jdmaster.o)
                0x00000000810adac8                jinit_master_decompress
 .text.start_pass_merged_upsample
                0x00000000810ade50       0x18 C:/Project/DevKitPro/libogc/lib/cube\libjpeg.a(jdmerge.o)
 .text.merged_1v_upsample
                0x00000000810ade68       0x6c C:/Project/DevKitPro/libogc/lib/cube\libjpeg.a(jdmerge.o)
 .text.h2v1_merged_upsample
                0x00000000810aded4      0x1a0 C:/Project/DevKitPro/libogc/lib/cube\libjpeg.a(jdmerge.o)
 .text.h2v2_merged_upsample
                0x00000000810ae074      0x238 C:/Project/DevKitPro/libogc/lib/cube\libjpeg.a(jdmerge.o)
 .text.merged_2v_upsample
                0x00000000810ae2ac      0x13c C:/Project/DevKitPro/libogc/lib/cube\libjpeg.a(jdmerge.o)
 .text.jinit_merged_upsampler
                0x00000000810ae3e8      0x1d8 C:/Project/DevKitPro/libogc/lib/cube\libjpeg.a(jdmerge.o)
                0x00000000810ae3e8                jinit_merged_upsampler
 .text.start_pass_dpost
                0x00000000810ae5c0      0x198 C:/Project/DevKitPro/libogc/lib/cube\libjpeg.a(jdpostct.o)
 .text.post_process_1pass
                0x00000000810ae758       0xc4 C:/Project/DevKitPro/libogc/lib/cube\libjpeg.a(jdpostct.o)
 .text.post_process_prepass
                0x00000000810ae81c      0x140 C:/Project/DevKitPro/libogc/lib/cube\libjpeg.a(jdpostct.o)
 .text.post_process_2pass
                0x00000000810ae95c      0x128 C:/Project/DevKitPro/libogc/lib/cube\libjpeg.a(jdpostct.o)
 .text.jinit_d_post_controller
                0x00000000810aea84      0x110 C:/Project/DevKitPro/libogc/lib/cube\libjpeg.a(jdpostct.o)
                0x00000000810aea84                jinit_d_post_controller
 .text.start_pass_upsample
                0x00000000810aeb94       0x18 C:/Project/DevKitPro/libogc/lib/cube\libjpeg.a(jdsample.o)
 .text.sep_upsample
                0x00000000810aebac      0x1a8 C:/Project/DevKitPro/libogc/lib/cube\libjpeg.a(jdsample.o)
 .text.fullsize_upsample
                0x00000000810aed54        0x8 C:/Project/DevKitPro/libogc/lib/cube\libjpeg.a(jdsample.o)
 .text.noop_upsample
                0x00000000810aed5c        0xc C:/Project/DevKitPro/libogc/lib/cube\libjpeg.a(jdsample.o)
 .text.h2v1_upsample
                0x00000000810aed68       0xd0 C:/Project/DevKitPro/libogc/lib/cube\libjpeg.a(jdsample.o)
 .text.int_upsample
                0x00000000810aee38      0x128 C:/Project/DevKitPro/libogc/lib/cube\libjpeg.a(jdsample.o)
 .text.h2v2_upsample
                0x00000000810aef60      0x118 C:/Project/DevKitPro/libogc/lib/cube\libjpeg.a(jdsample.o)
 .text.jinit_upsampler
                0x00000000810af078      0x280 C:/Project/DevKitPro/libogc/lib/cube\libjpeg.a(jdsample.o)
                0x00000000810af078                jinit_upsampler
 .text.emit_message
                0x00000000810af2f8       0x88 C:/Project/DevKitPro/libogc/lib/cube\libjpeg.a(jerror.o)
 .text.reset_error_mgr
                0x00000000810af380       0x14 C:/Project/DevKitPro/libogc/lib/cube\libjpeg.a(jerror.o)
 .text.format_message
                0x00000000810af394      0x100 C:/Project/DevKitPro/libogc/lib/cube\libjpeg.a(jerror.o)
 .text.output_message
                0x00000000810af494       0x50 C:/Project/DevKitPro/libogc/lib/cube\libjpeg.a(jerror.o)
 .text.error_exit
                0x00000000810af4e4       0x34 C:/Project/DevKitPro/libogc/lib/cube\libjpeg.a(jerror.o)
 .text.jpeg_std_error
                0x00000000810af518       0x70 C:/Project/DevKitPro/libogc/lib/cube\libjpeg.a(jerror.o)
                0x00000000810af518                jpeg_std_error
 .text.do_barray_io
                0x00000000810af588      0x1d4 C:/Project/DevKitPro/libogc/lib/cube\libjpeg.a(jmemmgr.o)
 .text.alloc_small
                0x00000000810af75c      0x27c C:/Project/DevKitPro/libogc/lib/cube\libjpeg.a(jmemmgr.o)
 .text.request_virt_barray
                0x00000000810af9d8       0xc4 C:/Project/DevKitPro/libogc/lib/cube\libjpeg.a(jmemmgr.o)
 .text.request_virt_sarray
                0x00000000810afa9c       0xc4 C:/Project/DevKitPro/libogc/lib/cube\libjpeg.a(jmemmgr.o)
 .text.free_pool
                0x00000000810afb60      0x1b0 C:/Project/DevKitPro/libogc/lib/cube\libjpeg.a(jmemmgr.o)
 .text.self_destruct
                0x00000000810afd10       0x58 C:/Project/DevKitPro/libogc/lib/cube\libjpeg.a(jmemmgr.o)
 .text.access_virt_barray
                0x00000000810afd68      0x31c C:/Project/DevKitPro/libogc/lib/cube\libjpeg.a(jmemmgr.o)
 .text.alloc_large
                0x00000000810b0084      0x12c C:/Project/DevKitPro/libogc/lib/cube\libjpeg.a(jmemmgr.o)
 .text.alloc_barray
                0x00000000810b01b0      0x14c C:/Project/DevKitPro/libogc/lib/cube\libjpeg.a(jmemmgr.o)
 .text.alloc_sarray
                0x00000000810b02fc      0x14c C:/Project/DevKitPro/libogc/lib/cube\libjpeg.a(jmemmgr.o)
 .text.realize_virt_arrays
                0x00000000810b0448      0x2a4 C:/Project/DevKitPro/libogc/lib/cube\libjpeg.a(jmemmgr.o)
 .text.access_virt_sarray
                0x00000000810b06ec      0x57c C:/Project/DevKitPro/libogc/lib/cube\libjpeg.a(jmemmgr.o)
 .text.jinit_memory_mgr
                0x00000000810b0c68      0x1b0 C:/Project/DevKitPro/libogc/lib/cube\libjpeg.a(jmemmgr.o)
                0x00000000810b0c68                jinit_memory_mgr
 .text.jpeg_get_small
                0x00000000810b0e18        0x8 C:/Project/DevKitPro/libogc/lib/cube\libjpeg.a(jmemnobs.o)
                0x00000000810b0e18                jpeg_get_small
 .text.jpeg_free_small
                0x00000000810b0e20        0x8 C:/Project/DevKitPro/libogc/lib/cube\libjpeg.a(jmemnobs.o)
                0x00000000810b0e20                jpeg_free_small
 .text.jpeg_get_large
                0x00000000810b0e28        0x8 C:/Project/DevKitPro/libogc/lib/cube\libjpeg.a(jmemnobs.o)
                0x00000000810b0e28                jpeg_get_large
 .text.jpeg_free_large
                0x00000000810b0e30        0x8 C:/Project/DevKitPro/libogc/lib/cube\libjpeg.a(jmemnobs.o)
                0x00000000810b0e30                jpeg_free_large
 .text.jpeg_mem_available
                0x00000000810b0e38        0x8 C:/Project/DevKitPro/libogc/lib/cube\libjpeg.a(jmemnobs.o)
                0x00000000810b0e38                jpeg_mem_available
 .text.jpeg_open_backing_store
                0x00000000810b0e40       0x18 C:/Project/DevKitPro/libogc/lib/cube\libjpeg.a(jmemnobs.o)
                0x00000000810b0e40                jpeg_open_backing_store
 .text.jpeg_mem_init
                0x00000000810b0e58        0x8 C:/Project/DevKitPro/libogc/lib/cube\libjpeg.a(jmemnobs.o)
                0x00000000810b0e58                jpeg_mem_init
 .text.jpeg_mem_term
                0x00000000810b0e60        0x4 C:/Project/DevKitPro/libogc/lib/cube\libjpeg.a(jmemnobs.o)
                0x00000000810b0e60                jpeg_mem_term
 .text.create_colorindex
                0x00000000810b0e64      0x1a8 C:/Project/DevKitPro/libogc/lib/cube\libjpeg.a(jquant1.o)
 .text.color_quantize
                0x00000000810b100c      0x12c C:/Project/DevKitPro/libogc/lib/cube\libjpeg.a(jquant1.o)
 .text.color_quantize3
                0x00000000810b1138       0x90 C:/Project/DevKitPro/libogc/lib/cube\libjpeg.a(jquant1.o)
 .text.quantize3_ord_dither
                0x00000000810b11c8      0x12c C:/Project/DevKitPro/libogc/lib/cube\libjpeg.a(jquant1.o)
 .text.alloc_fs_workspace
                0x00000000810b12f4       0x94 C:/Project/DevKitPro/libogc/lib/cube\libjpeg.a(jquant1.o)
 .text.finish_pass_1_quant
                0x00000000810b1388        0x4 C:/Project/DevKitPro/libogc/lib/cube\libjpeg.a(jquant1.o)
 .text.new_color_map_1_quant
                0x00000000810b138c       0x18 C:/Project/DevKitPro/libogc/lib/cube\libjpeg.a(jquant1.o)
 .text.start_pass_1_quant
                0x00000000810b13a4      0x300 C:/Project/DevKitPro/libogc/lib/cube\libjpeg.a(jquant1.o)
 .text.quantize_fs_dither
                0x00000000810b16a4      0x23c C:/Project/DevKitPro/libogc/lib/cube\libjpeg.a(jquant1.o)
 .text.quantize_ord_dither
                0x00000000810b18e0      0x148 C:/Project/DevKitPro/libogc/lib/cube\libjpeg.a(jquant1.o)
 .text.jinit_1pass_quantizer
                0x00000000810b1a28      0x42c C:/Project/DevKitPro/libogc/lib/cube\libjpeg.a(jquant1.o)
                0x00000000810b1a28                jinit_1pass_quantizer
 .text.prescan_quantize
                0x00000000810b1e54       0x78 C:/Project/DevKitPro/libogc/lib/cube\libjpeg.a(jquant2.o)
 .text.fill_inverse_cmap
                0x00000000810b1ecc      0x490 C:/Project/DevKitPro/libogc/lib/cube\libjpeg.a(jquant2.o)
 .text.pass2_no_dither
                0x00000000810b235c      0x140 C:/Project/DevKitPro/libogc/lib/cube\libjpeg.a(jquant2.o)
 .text.pass2_fs_dither
                0x00000000810b249c      0x3d8 C:/Project/DevKitPro/libogc/lib/cube\libjpeg.a(jquant2.o)
 .text.init_error_limit
                0x00000000810b2874       0xf8 C:/Project/DevKitPro/libogc/lib/cube\libjpeg.a(jquant2.o)
 .text.finish_pass2
                0x00000000810b296c        0x4 C:/Project/DevKitPro/libogc/lib/cube\libjpeg.a(jquant2.o)
 .text.new_color_map_2_quant
                0x00000000810b2970       0x10 C:/Project/DevKitPro/libogc/lib/cube\libjpeg.a(jquant2.o)
 .text.start_pass_2_quant
                0x00000000810b2980      0x1c4 C:/Project/DevKitPro/libogc/lib/cube\libjpeg.a(jquant2.o)
 .text.update_box.isra.0
                0x00000000810b2b44      0x698 C:/Project/DevKitPro/libogc/lib/cube\libjpeg.a(jquant2.o)
 .text.finish_pass1
                0x00000000810b31dc      0x430 C:/Project/DevKitPro/libogc/lib/cube\libjpeg.a(jquant2.o)
 .text.jinit_2pass_quantizer
                0x00000000810b360c      0x1fc C:/Project/DevKitPro/libogc/lib/cube\libjpeg.a(jquant2.o)
                0x00000000810b360c                jinit_2pass_quantizer
 .text.jdiv_round_up
                0x00000000810b3808       0x10 C:/Project/DevKitPro/libogc/lib/cube\libjpeg.a(jutils.o)
                0x00000000810b3808                jdiv_round_up
 .text.jround_up
                0x00000000810b3818       0x14 C:/Project/DevKitPro/libogc/lib/cube\libjpeg.a(jutils.o)
                0x00000000810b3818                jround_up
 .text.jcopy_sample_rows
                0x00000000810b382c       0x78 C:/Project/DevKitPro/libogc/lib/cube\libjpeg.a(jutils.o)
                0x00000000810b382c                jcopy_sample_rows
 .text.jcopy_block_row
                0x00000000810b38a4       0x14 C:/Project/DevKitPro/libogc/lib/cube\libjpeg.a(jutils.o)
                0x00000000810b38a4                jcopy_block_row
 .text.jpeg_abort
                0x00000000810b38b8       0x7c C:/Project/DevKitPro/libogc/lib/cube\libjpeg.a(jcomapi.o)
                0x00000000810b38b8                jpeg_abort
 .text.jpeg_destroy
                0x00000000810b3934       0x4c C:/Project/DevKitPro/libogc/lib/cube\libjpeg.a(jcomapi.o)
                0x00000000810b3934                jpeg_destroy
 .text.jpeg_alloc_quant_table
                0x00000000810b3980       0x3c C:/Project/DevKitPro/libogc/lib/cube\libjpeg.a(jcomapi.o)
                0x00000000810b3980                jpeg_alloc_quant_table
 .text.jpeg_alloc_huff_table
                0x00000000810b39bc       0x3c C:/Project/DevKitPro/libogc/lib/cube\libjpeg.a(jcomapi.o)
                0x00000000810b39bc                jpeg_alloc_huff_table
 .text.get_byte
                0x00000000810b39f8       0x90 C:/Project/DevKitPro/libogc/lib/cube\libjpeg.a(jdarith.o)
 .text.arith_decode
                0x00000000810b3a88      0x274 C:/Project/DevKitPro/libogc/lib/cube\libjpeg.a(jdarith.o)
 .text.start_pass
                0x00000000810b3cfc      0x464 C:/Project/DevKitPro/libogc/lib/cube\libjpeg.a(jdarith.o)
 .text.process_restart
                0x00000000810b4160      0x16c C:/Project/DevKitPro/libogc/lib/cube\libjpeg.a(jdarith.o)
 .text.decode_mcu
                0x00000000810b42cc      0x458 C:/Project/DevKitPro/libogc/lib/cube\libjpeg.a(jdarith.o)
 .text.decode_mcu_AC_refine
                0x00000000810b4724      0x2b8 C:/Project/DevKitPro/libogc/lib/cube\libjpeg.a(jdarith.o)
 .text.decode_mcu_DC_refine
                0x00000000810b49dc       0xd8 C:/Project/DevKitPro/libogc/lib/cube\libjpeg.a(jdarith.o)
 .text.decode_mcu_AC_first
                0x00000000810b4ab4      0x2e0 C:/Project/DevKitPro/libogc/lib/cube\libjpeg.a(jdarith.o)
 .text.decode_mcu_DC_first
                0x00000000810b4d94      0x330 C:/Project/DevKitPro/libogc/lib/cube\libjpeg.a(jdarith.o)
 .text.jinit_arith_decoder
                0x00000000810b50c4       0xdc C:/Project/DevKitPro/libogc/lib/cube\libjpeg.a(jdarith.o)
                0x00000000810b50c4                jinit_arith_decoder
 .text.dummy_consume_data
                0x00000000810b51a0        0x8 C:/Project/DevKitPro/libogc/lib/cube\libjpeg.a(jdcoefct.o)
 .text.decompress_data
                0x00000000810b51a8      0x25c C:/Project/DevKitPro/libogc/lib/cube\libjpeg.a(jdcoefct.o)
 .text.start_output_pass
                0x00000000810b5404      0x1d8 C:/Project/DevKitPro/libogc/lib/cube\libjpeg.a(jdcoefct.o)
 .text.decompress_onepass
                0x00000000810b55dc      0x3b4 C:/Project/DevKitPro/libogc/lib/cube\libjpeg.a(jdcoefct.o)
 .text.decompress_smooth_data
                0x00000000810b5990      0x754 C:/Project/DevKitPro/libogc/lib/cube\libjpeg.a(jdcoefct.o)
 .text.start_input_pass
                0x00000000810b60e4       0x70 C:/Project/DevKitPro/libogc/lib/cube\libjpeg.a(jdcoefct.o)
 .text.consume_data
                0x00000000810b6154      0x2a0 C:/Project/DevKitPro/libogc/lib/cube\libjpeg.a(jdcoefct.o)
 .text.jinit_d_coef_controller
                0x00000000810b63f4      0x214 C:/Project/DevKitPro/libogc/lib/cube\libjpeg.a(jdcoefct.o)
                0x00000000810b63f4                jinit_d_coef_controller
 .text.build_ycc_rgb_table
                0x00000000810b6608      0x138 C:/Project/DevKitPro/libogc/lib/cube\libjpeg.a(jdcolor.o)
 .text.ycc_rgb_convert
                0x00000000810b6740      0x110 C:/Project/DevKitPro/libogc/lib/cube\libjpeg.a(jdcolor.o)
 .text.rgb_gray_convert
                0x00000000810b6850       0xcc C:/Project/DevKitPro/libogc/lib/cube\libjpeg.a(jdcolor.o)
 .text.rgb_convert
                0x00000000810b691c       0x84 C:/Project/DevKitPro/libogc/lib/cube\libjpeg.a(jdcolor.o)
 .text.null_convert
                0x00000000810b69a0       0xdc C:/Project/DevKitPro/libogc/lib/cube\libjpeg.a(jdcolor.o)
 .text.gray_rgb_convert
                0x00000000810b6a7c       0xac C:/Project/DevKitPro/libogc/lib/cube\libjpeg.a(jdcolor.o)
 .text.ycck_cmyk_convert
                0x00000000810b6b28      0x140 C:/Project/DevKitPro/libogc/lib/cube\libjpeg.a(jdcolor.o)
 .text.start_pass_dcolor
                0x00000000810b6c68        0x4 C:/Project/DevKitPro/libogc/lib/cube\libjpeg.a(jdcolor.o)
 .text.grayscale_convert
                0x00000000810b6c6c       0x18 C:/Project/DevKitPro/libogc/lib/cube\libjpeg.a(jdcolor.o)
 .text.jinit_color_deconverter
                0x00000000810b6c84      0x330 C:/Project/DevKitPro/libogc/lib/cube\libjpeg.a(jdcolor.o)
                0x00000000810b6c84                jinit_color_deconverter
 .text.start_pass
                0x00000000810b6fb4      0x5e4 C:/Project/DevKitPro/libogc/lib/cube\libjpeg.a(jddctmgr.o)
 .text.jinit_inverse_dct
                0x00000000810b7598       0xd0 C:/Project/DevKitPro/libogc/lib/cube\libjpeg.a(jddctmgr.o)
                0x00000000810b7598                jinit_inverse_dct
 .text.jpeg_fill_bit_buffer
                0x00000000810b7668      0x200 C:/Project/DevKitPro/libogc/lib/cube\libjpeg.a(jdhuff.o)
 .text.jpeg_huff_decode
                0x00000000810b7868      0x1c8 C:/Project/DevKitPro/libogc/lib/cube\libjpeg.a(jdhuff.o)
 .text.process_restart
                0x00000000810b7a30       0xac C:/Project/DevKitPro/libogc/lib/cube\libjpeg.a(jdhuff.o)
 .text.decode_mcu_DC_first
                0x00000000810b7adc      0x310 C:/Project/DevKitPro/libogc/lib/cube\libjpeg.a(jdhuff.o)
 .text.decode_mcu_AC_first
                0x00000000810b7dec      0x320 C:/Project/DevKitPro/libogc/lib/cube\libjpeg.a(jdhuff.o)
 .text.decode_mcu_DC_refine
                0x00000000810b810c      0x17c C:/Project/DevKitPro/libogc/lib/cube\libjpeg.a(jdhuff.o)
 .text.decode_mcu_AC_refine
                0x00000000810b8288      0x5f8 C:/Project/DevKitPro/libogc/lib/cube\libjpeg.a(jdhuff.o)
 .text.decode_mcu_sub
                0x00000000810b8880      0x5a0 C:/Project/DevKitPro/libogc/lib/cube\libjpeg.a(jdhuff.o)
 .text.decode_mcu
                0x00000000810b8e20      0x598 C:/Project/DevKitPro/libogc/lib/cube\libjpeg.a(jdhuff.o)
 .text.jpeg_make_d_derived_tbl
                0x00000000810b93b8      0x430 C:/Project/DevKitPro/libogc/lib/cube\libjpeg.a(jdhuff.o)
 .text.start_pass_huff_decoder
                0x00000000810b97e8      0x878 C:/Project/DevKitPro/libogc/lib/cube\libjpeg.a(jdhuff.o)
 .text.jinit_huff_decoder
                0x00000000810ba060      0x118 C:/Project/DevKitPro/libogc/lib/cube\libjpeg.a(jdhuff.o)
                0x00000000810ba060                jinit_huff_decoder
 .text.start_pass_main
                0x00000000810ba178      0x27c C:/Project/DevKitPro/libogc/lib/cube\libjpeg.a(jdmainct.o)
 .text.process_data_simple_main
                0x00000000810ba3f4       0xd4 C:/Project/DevKitPro/libogc/lib/cube\libjpeg.a(jdmainct.o)
 .text.process_data_context_main
                0x00000000810ba4c8      0x388 C:/Project/DevKitPro/libogc/lib/cube\libjpeg.a(jdmainct.o)
 .text.process_data_crank_post
                0x00000000810ba850       0x28 C:/Project/DevKitPro/libogc/lib/cube\libjpeg.a(jdmainct.o)
 .text.jinit_d_main_controller
                0x00000000810ba878      0x234 C:/Project/DevKitPro/libogc/lib/cube\libjpeg.a(jdmainct.o)
                0x00000000810ba878                jinit_d_main_controller
 .text.jpeg_idct_float
                0x00000000810baaac      0x49c C:/Project/DevKitPro/libogc/lib/cube\libjpeg.a(jidctflt.o)
                0x00000000810baaac                jpeg_idct_float
 .text.jpeg_idct_ifast
                0x00000000810baf48      0x374 C:/Project/DevKitPro/libogc/lib/cube\libjpeg.a(jidctfst.o)