Archive member included to satisfy reference by file (symbol)

C:/Project/DevKitPro/libogc/lib/cube\libgrrlib.a(GRRLIB_core.o)
                              Main.o (rmode)
C:/Project/DevKitPro/libogc/lib/cube\libgrrlib.a(GRRLIB_render.o)
                              Main.o (GRRLIB_Render)
C:/Project/DevKitPro/libogc/lib/cube\libgrrlib.a(GRRLIB_ttf.o)
                              C:/Project/DevKitPro/libogc/lib/cube\libgrrlib.a(GRRLIB_core.o) (GRRLIB_InitTTF)
C:/Project/DevKitPro/libogc/lib/cube\libfreetype.a(ftinit.o)
                              C:/Project/DevKitPro/libogc/lib/cube\libgrrlib.a(GRRLIB_ttf.o) (FT_Init_FreeType)
C:/Project/DevKitPro/libogc/lib/cube\libfreetype.a(ftbase.o)
                              C:/Project/DevKitPro/libogc/lib/cube\libgrrlib.a(GRRLIB_ttf.o) (FT_Load_Glyph)
C:/Project/DevKitPro/libogc/lib/cube\libfreetype.a(truetype.o)
                              C:/Project/DevKitPro/libogc/lib/cube\libfreetype.a(ftinit.o) (tt_driver_class)
C:/Project/DevKitPro/libogc/lib/cube\libfreetype.a(type1.o)
                              C:/Project/DevKitPro/libogc/lib/cube\libfreetype.a(ftinit.o) (t1_driver_class)
C:/Project/DevKitPro/libogc/lib/cube\libfreetype.a(cff.o)
                              C:/Project/DevKitPro/libogc/lib/cube\libfreetype.a(ftinit.o) (cff_driver_class)
C:/Project/DevKitPro/libogc/lib/cube\libfreetype.a(type1cid.o)
                              C:/Project/DevKitPro/libogc/lib/cube\libfreetype.a(ftinit.o) (t1cid_driver_class)
C:/Project/DevKitPro/libogc/lib/cube\libfreetype.a(pfr.o)
                              C:/Project/DevKitPro/libogc/lib/cube\libfreetype.a(ftinit.o) (pfr_driver_class)
C:/Project/DevKitPro/libogc/lib/cube\libfreetype.a(type42.o)
                              C:/Project/DevKitPro/libogc/lib/cube\libfreetype.a(ftinit.o) (t42_driver_class)
C:/Project/DevKitPro/libogc/lib/cube\libfreetype.a(winfnt.o)
                              C:/Project/DevKitPro/libogc/lib/cube\libfreetype.a(ftinit.o) (winfnt_driver_class)
C:/Project/DevKitPro/libogc/lib/cube\libfreetype.a(pcf.o)
                              C:/Project/DevKitPro/libogc/lib/cube\libfreetype.a(ftinit.o) (pcf_driver_class)
C:/Project/DevKitPro/libogc/lib/cube\libfreetype.a(bdf.o)
                              C:/Project/DevKitPro/libogc/lib/cube\libfreetype.a(ftinit.o) (bdf_driver_class)
C:/Project/DevKitPro/libogc/lib/cube\libfreetype.a(sfnt.o)
                              C:/Project/DevKitPro/libogc/lib/cube\libfreetype.a(ftinit.o) (sfnt_module_class)
C:/Project/DevKitPro/libogc/lib/cube\libfreetype.a(autofit.o)
                              C:/Project/DevKitPro/libogc/lib/cube\libfreetype.a(ftinit.o) (autofit_module_class)
C:/Project/DevKitPro/libogc/lib/cube\libfreetype.a(pshinter.o)
                              C:/Project/DevKitPro/libogc/lib/cube\libfreetype.a(ftinit.o) (pshinter_module_class)
C:/Project/DevKitPro/libogc/lib/cube\libfreetype.a(raster.o)
                              C:/Project/DevKitPro/libogc/lib/cube\libfreetype.a(ftinit.o) (ft_raster1_renderer_class)
C:/Project/DevKitPro/libogc/lib/cube\libfreetype.a(smooth.o)
                              C:/Project/DevKitPro/libogc/lib/cube\libfreetype.a(ftinit.o) (ft_smooth_renderer_class)
C:/Project/DevKitPro/libogc/lib/cube\libfreetype.a(ftgzip.o)
                              C:/Project/DevKitPro/libogc/lib/cube\libfreetype.a(pcf.o) (FT_Stream_OpenGzip)
C:/Project/DevKitPro/libogc/lib/cube\libfreetype.a(ftlzw.o)
                              C:/Project/DevKitPro/libogc/lib/cube\libfreetype.a(pcf.o) (FT_Stream_OpenLZW)
C:/Project/DevKitPro/libogc/lib/cube\libfreetype.a(psaux.o)
                              C:/Project/DevKitPro/libogc/lib/cube\libfreetype.a(ftinit.o) (psaux_module_class)
C:/Project/DevKitPro/libogc/lib/cube\libfreetype.a(psnames.o)
                              C:/Project/DevKitPro/libogc/lib/cube\libfreetype.a(ftinit.o) (psnames_module_class)
C:/Project/DevKitPro/libogc/lib/cube\libfreetype.a(ftsystem.o)
                              C:/Project/DevKitPro/libogc/lib/cube\libfreetype.a(ftbase.o) (FT_Stream_Open)
C:/Project/DevKitPro/libogc/lib/cube\libfat.a(libfat.o)
                              C:/Project/DevKitPro/libogc/lib/cube\libgrrlib.a(GRRLIB_core.o) (fatInitDefault)
C:/Project/DevKitPro/libogc/lib/cube\libfat.a(disc.o)
                              C:/Project/DevKitPro/libogc/lib/cube\libfat.a(libfat.o) (_FAT_disc_interfaces)
C:/Project/DevKitPro/libogc/lib/cube\libfat.a(fatfile.o)
                              C:/Project/DevKitPro/libogc/lib/cube\libfat.a(libfat.o) (_FAT_open_r)
C:/Project/DevKitPro/libogc/lib/cube\libfat.a(cache.o)
                              C:/Project/DevKitPro/libogc/lib/cube\libfat.a(fatfile.o) (_FAT_cache_readSectors)
C:/Project/DevKitPro/libogc/lib/cube\libfat.a(fatdir.o)
                              C:/Project/DevKitPro/libogc/lib/cube\libfat.a(libfat.o) (_FAT_stat_r)
C:/Project/DevKitPro/libogc/lib/cube\libfat.a(directory.o)
[...]
Memory Configuration

Name             Origin             Length             Attributes
*default*        0x0000000000000000 0xffffffffffffffff

Linker script and memory map

                0x0000000080003100                . = 0x80003100

.init           0x0000000081000000      0x194
 *crt0.o(*.init)
 .init          0x0000000081000000      0x170 C:/Project/DevKitPro/libogc/lib/cube\libogc.a(ogc_crt0.o)
                0x0000000081000000                _start
                0x0000000081000140                _memset
 *(.init)
 .init          0x0000000081000170        0xc c:/project/devkitpro/devkitppc/bin/../lib/gcc/powerpc-eabi/10.2.0/ecrti.o
                0x0000000081000170                __init
 .init          0x000000008100017c        0x4 c:/project/devkitpro/devkitppc/bin/../lib/gcc/powerpc-eabi/10.2.0/crtbegin.o
 .init          0x0000000081000180        0x4 c:/project/devkitpro/devkitppc/bin/../lib/gcc/powerpc-eabi/10.2.0/crtend.o
 .init          0x0000000081000184       0x10 c:/project/devkitpro/devkitppc/bin/../lib/gcc/powerpc-eabi/10.2.0/ecrtn.o

.rela.dyn       0x0000000081000194        0x0
 .rela.iplt     0x0000000081000194        0x0 c:/project/devkitpro/devkitppc/bin/../lib/gcc/powerpc-eabi/10.2.0/crtbegin.o

.plt
 *(.plt)

.interp
 *(.interp)

.hash
 *(.hash)

.dynsym
 *(.dynsym)

.dynstr
 *(.dynstr)

.gnu.version
 *(.gnu.version)

.gnu.version_d
 *(.gnu.version_d)

.gnu.version_r
 *(.gnu.version_r)

.rel.init
 *(.rel.init)

.rela.init      0x0000000081000194        0x0
 *(.rela.init)
 .rela.init     0x0000000081000194        0x0 c:/project/devkitpro/devkitppc/bin/../lib/gcc/powerpc-eabi/10.2.0/crtbegin.o

.rel.text
 *(.rel.text .rel.text.* .rel.gnu.linkonce.t.*)

.rela.text      0x0000000081000194        0x0
 *(.rela.text .rela.text.* .rela.gnu.linkonce.t.*)
 .rela.text.deregister_tm_clones
                0x0000000081000194        0x0 c:/project/devkitpro/devkitppc/bin/../lib/gcc/powerpc-eabi/10.2.0/crtbegin.o
 .rela.text.register_tm_clones
                0x0000000081000194        0x0 c:/project/devkitpro/devkitppc/bin/../lib/gcc/powerpc-eabi/10.2.0/crtbegin.o
 .rela.text.__do_global_dtors_aux
                0x0000000081000194        0x0 c:/project/devkitpro/devkitppc/bin/../lib/gcc/powerpc-eabi/10.2.0/crtbegin.o
 .rela.text.frame_dummy
                0x0000000081000194        0x0 c:/project/devkitpro/devkitppc/bin/../lib/gcc/powerpc-eabi/10.2.0/crtbegin.o
 .rela.text.SYS_Init
                0x0000000081000194        0x0 c:/project/devkitpro/devkitppc/bin/../lib/gcc/powerpc-eabi/10.2.0/crtbegin.o
 .rela.text.__GXDefTlutRegionCallback
                0x0000000081000194        0x0 c:/project/devkitpro/devkitppc/bin/../lib/gcc/powerpc-eabi/10.2.0/crtbegin.o
 .rela.text.__SetSURegs
                0x0000000081000194        0x0 c:/project/devkitpro/devkitppc/bin/../lib/gcc/powerpc-eabi/10.2.0/crtbegin.o
 .rela.text.__SETVCDATTR
                0x0000000081000194        0x0 c:/project/devkitpro/devkitppc/bin/../lib/gcc/powerpc-eabi/10.2.0/crtbegin.o
 .rela.text.__SETVCDFMT
                0x0000000081000194        0x0 c:/project/devkitpro/devkitppc/bin/../lib/gcc/powerpc-eabi/10.2.0/crtbegin.o
 .rela.text.__GXCPInterruptHandler
                0x0000000081000194        0x0 c:/project/devkitpro/devkitppc/bin/../lib/gcc/powerpc-eabi/10.2.0/crtbegin.o
 .rela.text.GX_SetTexCoordGen2.part.0
                0x0000000081000194        0x0 c:/project/devkitpro/devkitppc/bin/../lib/gcc/powerpc-eabi/10.2.0/crtbegin.o
 .rela.text.__GXDefTexRegionCallback
                0x0000000081000194        0x0 c:/project/devkitpro/devkitppc/bin/../lib/gcc/powerpc-eabi/10.2.0/crtbegin.o
 .rela.text.__GX_SetDirtyState
                0x0000000081000194        0x0 c:/project/devkitpro/devkitppc/bin/../lib/gcc/powerpc-eabi/10.2.0/crtbegin.o
 .rela.text.GX_SetCPUFifo
                0x0000000081000194        0x0 c:/project/devkitpro/devkitppc/bin/../lib/gcc/powerpc-eabi/10.2.0/crtbegin.o
 .rela.text.GX_SetGPFifo
                0x0000000081000194        0x0 c:/project/devkitpro/devkitppc/bin/../lib/gcc/powerpc-eabi/10.2.0/crtbegin.o
 .rela.text.GX_AbortFrame
                0x0000000081000194        0x0 c:/project/devkitpro/devkitppc/bin/../lib/gcc/powerpc-eabi/10.2.0/crtbegin.o
 .rela.text.__gx_onreset
                0x0000000081000194        0x0 c:/project/devkitpro/devkitppc/bin/../lib/gcc/powerpc-eabi/10.2.0/crtbegin.o
 .rela.text.GX_DrawDone
                0x0000000081000194        0x0 c:/project/devkitpro/devkitppc/bin/../lib/gcc/powerpc-eabi/10.2.0/crtbegin.o
 .rela.text.GX_SetDispCopyGamma
                0x0000000081000194        0x0 c:/project/devkitpro/devkitppc/bin/../lib/gcc/powerpc-eabi/10.2.0/crtbegin.o
 .rela.text.GX_SetDispCopyYScale
                0x0000000081000194        0x0 c:/project/devkitpro/devkitppc/bin/../lib/gcc/powerpc-eabi/10.2.0/crtbegin.o
 .rela.text.GX_SetDispCopyDst
                0x0000000081000194        0x0 c:/project/devkitpro/devkitppc/bin/../lib/gcc/powerpc-eabi/10.2.0/crtbegin.o
 .rela.text.GX_SetDispCopySrc
                0x0000000081000194        0x0 c:/project/devkitpro/devkitppc/bin/../lib/gcc/powerpc-eabi/10.2.0/crtbegin.o
 .rela.text.GX_CopyDisp
                0x0000000081000194        0x0 c:/project/devkitpro/devkitppc/bin/../lib/gcc/powerpc-eabi/10.2.0/crtbegin.o
 .rela.text.GX_SetVtxDesc
                0x0000000081000194        0x0 c:/project/devkitpro/devkitppc/bin/../lib/gcc/powerpc-eabi/10.2.0/crtbegin.o
 .rela.text.GX_SetVtxAttrFmt
                0x0000000081000194        0x0 c:/project/devkitpro/devkitppc/bin/../lib/gcc/powerpc-eabi/10.2.0/crtbegin.o
 .rela.text.GX_Begin
                0x0000000081000194        0x0 c:/project/devkitpro/devkitppc/bin/../lib/gcc/powerpc-eabi/10.2.0/crtbegin.o
 .rela.text.GX_SetNumTexGens
                0x0000000081000194        0x0 c:/project/devkitpro/devkitppc/bin/../lib/gcc/powerpc-eabi/10.2.0/crtbegin.o
 .rela.text.GX_SetZMode
                0x0000000081000194        0x0 c:/project/devkitpro/devkitppc/bin/../lib/gcc/powerpc-eabi/10.2.0/crtbegin.o
 .rela.text.GX_InvalidateTexAll
                0x0000000081000194        0x0 c:/project/devkitpro/devkitppc/bin/../lib/gcc/powerpc-eabi/10.2.0/crtbegin.o
 .rela.text.GX_SetBlendMode
                0x0000000081000194        0x0 c:/project/devkitpro/devkitppc/bin/../lib/gcc/powerpc-eabi/10.2.0/crtbegin.o
 .rela.text.GX_ClearVtxDesc
                0x0000000081000194        0x0 c:/project/devkitpro/devkitppc/bin/../lib/gcc/powerpc-eabi/10.2.0/crtbegin.o
 .rela.text.GX_SetTevColorIn
                0x0000000081000194        0x0 c:/project/devkitpro/devkitppc/bin/../lib/gcc/powerpc-eabi/10.2.0/crtbegin.o
 .rela.text.GX_SetTevAlphaIn
                0x0000000081000194        0x0 c:/project/devkitpro/devkitppc/bin/../lib/gcc/powerpc-eabi/10.2.0/crtbegin.o
 .rela.text.GX_SetTevColorOp
                0x0000000081000194        0x0 c:/project/devkitpro/devkitppc/bin/../lib/gcc/powerpc-eabi/10.2.0/crtbegin.o
 .rela.text.GX_SetTevAlphaOp
                0x0000000081000194        0x0 c:/project/devkitpro/devkitppc/bin/../lib/gcc/powerpc-eabi/10.2.0/crtbegin.o
 .rela.text.GX_SetCullMode
                0x0000000081000194        0x0 c:/project/devkitpro/devkitppc/bin/../lib/gcc/powerpc-eabi/10.2.0/crtbegin.o
 .rela.text.GX_SetScissor
                0x0000000081000194        0x0 c:/project/devkitpro/devkitppc/bin/../lib/gcc/powerpc-eabi/10.2.0/crtbegin.o
 .rela.text.GX_SetNumChans
                0x0000000081000194        0x0 c:/project/devkitpro/devkitppc/bin/../lib/gcc/powerpc-eabi/10.2.0/crtbegin.o
 .rela.text.GX_SetTevOrder
                0x0000000081000194        0x0 c:/project/devkitpro/devkitppc/bin/../lib/gcc/powerpc-eabi/10.2.0/crtbegin.o
 .rela.text.GX_SetTevKColorSel
                0x0000000081000194        0x0 c:/project/devkitpro/devkitppc/bin/../lib/gcc/powerpc-eabi/10.2.0/crtbegin.o
 .rela.text.GX_SetTevKAlphaSel
                0x0000000081000194        0x0 c:/project/devkitpro/devkitppc/bin/../lib/gcc/powerpc-eabi/10.2.0/crtbegin.o
 .rela.text.GX_SetTevSwapModeTable
                0x0000000081000194        0x0 c:/project/devkitpro/devkitppc/bin/../lib/gcc/powerpc-eabi/10.2.0/crtbegin.o
 .rela.text.GX_SetColorUpdate
                0x0000000081000194        0x0 c:/project/devkitpro/devkitppc/bin/../lib/gcc/powerpc-eabi/10.2.0/crtbegin.o
 .rela.text.GX_SetAlphaUpdate
                0x0000000081000194        0x0 c:/project/devkitpro/devkitppc/bin/../lib/gcc/powerpc-eabi/10.2.0/crtbegin.o
 .rela.text.GX_SetPixelFmt
                0x0000000081000194        0x0 c:/project/devkitpro/devkitppc/bin/../lib/gcc/powerpc-eabi/10.2.0/crtbegin.o
 .rela.text.GX_SetFieldMode
                0x0000000081000194        0x0 c:/project/devkitpro/devkitppc/bin/../lib/gcc/powerpc-eabi/10.2.0/crtbegin.o
 .rela.text.GX_SetGPMetric
                0x0000000081000194        0x0 c:/project/devkitpro/devkitppc/bin/../lib/gcc/powerpc-eabi/10.2.0/crtbegin.o
 .rela.text.GX_Init
                0x0000000081000194        0x0 c:/project/devkitpro/devkitppc/bin/../lib/gcc/powerpc-eabi/10.2.0/crtbegin.o
 .rela.text.__CheckARGV
                0x0000000081000194        0x0 c:/project/devkitpro/devkitppc/bin/../lib/gcc/powerpc-eabi/10.2.0/crtbegin.o
 .rela.text.__lwp_sysinit
                0x0000000081000194        0x0 c:/project/devkitpro/devkitppc/bin/../lib/gcc/powerpc-eabi/10.2.0/crtbegin.o
 .rela.text.__irq_init
                0x0000000081000194        0x0 c:/project/devkitpro/devkitppc/bin/../lib/gcc/powerpc-eabi/10.2.0/crtbegin.o

.rel.fini
 *(.rel.fini)

.rela.fini
 *(.rela.fini)

.rel.rodata
 *(.rel.rodata .rel.rodata.* .rel.gnu.linkonce.r.*)

.rela.rodata
 *(.rela.rodata .rela.rodata.* .rela.gnu.linkonce.r.*)

.rel.data
 *(.rel.data .rel.data.* .rel.gnu.linkonce.d.*)

.rela.data
 *(.rela.data .rela.data.* .rela.gnu.linkonce.d.*)

.rel.tdata
 *(.rel.tdata .rel.tdata.* .rel.gnu.linkonce.td.*)

.rela.tdata
 *(.rela.tdata .rela.tdata.* .rela.gnu.linkonce.td.*)

.rel.tbss
 *(.rel.tbss .rel.tbss.* .rel.gnu.linkonce.tb.*)

.rela.tbss
 *(.rela.tbss .rela.tbss.* .rela.gnu.linkonce.tb.*)

.rel.ctors
 *(.rel.ctors)

.rela.ctors
 *(.rela.ctors)

.rel.dtors
 *(.rel.dtors)

.rela.dtors
 *(.rela.dtors)

.rel.got
 *(.rel.got)

.rela.got
 *(.rela.got)

.rela.got1
 *(.rela.got1)

.rela.got2
 *(.rela.got2)

.rel.sdata
 *(.rel.sdata .rel.sdata.* .rel.gnu.linkonce.s.*)

.rela.sdata
 *(.rela.sdata .rela.sdata.* .rela.gnu.linkonce.s.*)

.rel.sbss
 *(.rel.sbss .rel.sbss.* .rel.gnu.linkonce.sb.*)

.rela.sbss
 *(.rela.sbss .rela.sbss.* .rel.gnu.linkonce.sb.*)

.rel.sdata2
 *(.rel.sdata2 .rel.sdata2.* .rel.gnu.linkonce.s2.*)

.rela.sdata2    0x0000000081000194        0x0
 *(.rela.sdata2 .rela.sdata2.* .rela.gnu.linkonce.s2.*)
 .rela.sdata2.__sys_inIPL
                0x0000000081000194        0x0 c:/project/devkitpro/devkitppc/bin/../lib/gcc/powerpc-eabi/10.2.0/crtbegin.o

.rel.sbss2
 *(.rel.sbss2 .rel.sbss2.* .rel.gnu.linkonce.sb2.*)

.rela.sbss2
 *(.rela.sbss2 .rela.sbss2.* .rela.gnu.linkonce.sb2.*)

.rel.bss
 *(.rel.bss .rel.bss.* .rel.gnu.linkonce.b.*)

.rela.bss
 *(.rela.bss .rela.bss.* .rela.gnu.linkonce.b.*)

.rel.plt
 *(.rel.plt)

.rela.plt
 *(.rela.plt)

.text           0x00000000810001a0    0xccd00
 *(.text)
 .text          0x00000000810001a0      0x168 C:/Project/DevKitPro/libogc/lib/cube\libfreetype.a(ftinit.o)
                0x00000000810001a0                FT_Add_Default_Modules
                0x000000008100021c                FT_Init_FreeType
                0x00000000810002a8                FT_Done_FreeType
 .text          0x0000000081000308    0x11034 C:/Project/DevKitPro/libogc/lib/cube\libfreetype.a(ftbase.o)
                0x000000008100041c                FT_Get_Advance
                0x0000000081000550                FT_Get_Advances
                0x0000000081000790                FT_RoundFix
                0x00000000810007ec                FT_CeilFix
                0x0000000081000848                FT_FloorFix
                0x0000000081000894                FT_Sqrt32
                0x0000000081000bec                FT_MulDiv
                0x0000000081000dd4                FT_MulDiv_No_Round
                0x0000000081000f6c                FT_MulFix
                0x00000000810010bc                FT_DivFix
                0x0000000081001214                FT_Matrix_Multiply
                0x00000000810013c0                FT_Matrix_Invert
                0x0000000081001500                FT_Matrix_Multiply_Scaled
                0x00000000810016dc                FT_Vector_Transform_Scaled
                0x0000000081001800                FT_SqrtFixed
                0x00000000810018d8                ft_corner_orientation
                0x0000000081001a9c                ft_corner_is_flat
                0x0000000081001c00                FT_GlyphLoader_New
                0x0000000081001c80                FT_GlyphLoader_Rewind
                0x0000000081001d10                FT_GlyphLoader_Reset
                0x0000000081001e28                FT_GlyphLoader_Done
                0x0000000081001f8c                FT_GlyphLoader_CreateExtra
                0x00000000810020a8                FT_GlyphLoader_CheckPoints
                0x00000000810023d4                FT_GlyphLoader_CheckSubGlyphs
                0x00000000810024ec                FT_GlyphLoader_Prepare
                0x0000000081002560                FT_GlyphLoader_Add
                0x00000000810026dc                FT_GlyphLoader_CopyPoints
                0x0000000081002878                ft_service_list_lookup
                0x000000008100292c                ft_validator_init
                0x000000008100298c                ft_validator_run
                0x00000000810029b4                ft_validator_error
                0x00000000810029f4                FT_Stream_New
                0x0000000081002bbc                FT_Stream_Free
                0x0000000081002d5c                ft_glyphslot_free_bitmap
                0x0000000081002e18                ft_glyphslot_set_bitmap
                0x0000000081002e64                ft_glyphslot_alloc_bitmap
                0x000000008100314c                FT_New_GlyphSlot
                0x00000000810032a4                FT_Done_GlyphSlot
                0x00000000810033c8                FT_Set_Transform
                0x0000000081003760                FT_Load_Glyph
                0x0000000081003e20                FT_Load_Char
                0x0000000081004794                FT_New_Face
                0x000000008100481c                FT_New_Memory_Face
                0x0000000081005f98                FT_Open_Face
                0x00000000810066ac                FT_Attach_File
                0x0000000081006724                FT_Attach_Stream
                0x0000000081006850                FT_Reference_Face
                0x000000008100688c                FT_Done_Face
                0x0000000081006998                FT_New_Size
                0x0000000081006b64                FT_Done_Size
                0x0000000081006cb0                FT_Match_Size
                0x0000000081006ee4                ft_synthesize_vertical_metrics
                0x0000000081007104                FT_Select_Metrics
                0x000000008100726c                FT_Request_Metrics
                0x00000000810076e4                FT_Select_Size
                0x00000000810077d0                FT_Request_Size
                0x000000008100792c                FT_Set_Char_Size
                0x0000000081007a48                FT_Set_Pixel_Sizes
                0x0000000081007b5c                FT_Get_Kerning
                0x0000000081007d68                FT_Get_Track_Kerning
                0x0000000081007e68                FT_Select_Charmap
                0x0000000081007f94                FT_Set_Charmap
                0x00000000810080a0                FT_Get_Charmap_Index
                0x00000000810081f4                FT_CMap_Done
                0x00000000810083fc                FT_CMap_New
                0x00000000810085ec                FT_Get_Char_Index
                0x0000000081008678                FT_Get_First_Char
                0x0000000081008758                FT_Get_Next_Char
                0x0000000081008858                FT_Face_GetCharVariantIndex
                0x000000008100892c                FT_Face_GetCharVariantIsDefault
                0x00000000810089c8                FT_Face_GetVariantSelectors
                0x0000000081008a60                FT_Face_GetVariantsOfChar
                0x0000000081008b00                FT_Face_GetCharsOfVariant
                0x0000000081008ba0                FT_Get_Name_Index
                0x0000000081008cf4                FT_Get_Glyph_Name
                0x0000000081008e90                FT_Get_Postscript_Name
                0x0000000081008fe4                FT_Get_Sfnt_Table
                0x00000000810090c4                FT_Load_Sfnt_Table
                0x00000000810091c0                FT_Sfnt_Table_Info
                0x00000000810092bc                FT_Get_CMap_Language_ID
                0x00000000810093bc                FT_Get_CMap_Format
                0x00000000810094bc                FT_Activate_Size
                0x0000000081009534                FT_Lookup_Renderer
                0x00000000810099a8                FT_Get_Renderer
                0x00000000810099f4                FT_Set_Renderer
                0x0000000081009b58                FT_Render_Glyph_Internal
                0x0000000081009cdc                FT_Render_Glyph
                0x0000000081009e5c                FT_Add_Module
                0x000000008100a22c                FT_Get_Module
                0x000000008100a30c                FT_Get_Module_Interface
                0x000000008100a374                ft_module_get_service
                0x000000008100a4c0                FT_Remove_Module
                0x000000008100a5e0                FT_Reference_Library
                0x000000008100a61c                FT_New_Library
                0x000000008100a740                FT_Library_Version
                0x000000008100a800                FT_Done_Library
                0x000000008100aa48                FT_Set_Debug_Hook
                0x000000008100aab8                FT_Get_TrueType_Engine_Type
                0x000000008100ab50                ft_stub_set_char_sizes
                0x000000008100ac50                ft_stub_set_pixel_sizes
                0x000000008100ad0c                FT_Get_SubGlyph_Info
                0x000000008100ae20                FT_Outline_Decompose
                0x000000008100b548                FT_Outline_New_Internal
                0x000000008100b6e8                FT_Outline_New
                0x000000008100b75c                FT_Outline_Check
                0x000000008100b8a0                FT_Outline_Copy
                0x000000008100ba2c                FT_Outline_Done_Internal
                0x000000008100bb28                FT_Outline_Done
                0x000000008100bb8c                FT_Outline_Get_CBox
                0x000000008100bd28                FT_Outline_Translate
                0x000000008100bddc                FT_Outline_Reverse
                0x000000008100bfa0                FT_Outline_Render
                0x000000008100c0f4                FT_Outline_Get_Bitmap
                0x000000008100c1a8                FT_Vector_Transform
                0x000000008100c2ac                FT_Outline_Transform
                0x000000008100c354                FT_Outline_Embolden
                0x000000008100c3a0                FT_Outline_EmboldenXY
                0x000000008100c7a0                FT_Outline_Get_Orientation
                0x000000008100c934                FT_Raccess_Get_HeaderInfo
                0x000000008100ccc0                FT_Raccess_Get_DataOffsets
                0x000000008100d0c4                FT_Raccess_Guess
                0x000000008100dd6c                FT_Get_Sfnt_Name_Count
                0x000000008100ddc0                FT_Get_Sfnt_Name
                0x000000008100dfdc                FT_Stream_OpenMemory
                0x000000008100e050                FT_Stream_Close
                0x000000008100e0b4                FT_Stream_Seek
                0x000000008100e174                FT_Stream_Skip
                0x000000008100e1e0                FT_Stream_Pos
                0x000000008100e20c                FT_Stream_Read
                0x000000008100e268                FT_Stream_ReadAt
                0x000000008100e380                FT_Stream_TryRead
                0x000000008100e494                FT_Stream_ExtractFrame
                0x000000008100e518                FT_Stream_ReleaseFrame
                0x000000008100e5a4                FT_Stream_EnterFrame
                0x000000008100e79c                FT_Stream_ExitFrame
                0x000000008100e824                FT_Stream_GetChar
                0x000000008100e88c                FT_Stream_GetUShort
                0x000000008100e928                FT_Stream_GetUShortLE
                0x000000008100e9c4                FT_Stream_GetUOffset
                0x000000008100ea70                FT_Stream_GetULong
                0x000000008100eb34                FT_Stream_GetULongLE
                0x000000008100ebf8                FT_Stream_ReadChar
                0x000000008100ecf8                FT_Stream_ReadUShort
                0x000000008100ee54                FT_Stream_ReadUShortLE
                0x000000008100efb0                FT_Stream_ReadUOffset
                0x000000008100f11c                FT_Stream_ReadULong
                0x000000008100f2a0                FT_Stream_ReadULongLE
                0x000000008100f424                FT_Stream_ReadFields
                0x0000000081010088                FT_Cos
                0x00000000810100ec                FT_Sin
                0x0000000081010138                FT_Tan
                0x00000000810101a8                FT_Atan2
                0x000000008101022c                FT_Vector_Unit
                0x00000000810102b4                FT_Vector_Rotate
                0x0000000081010418                FT_Vector_Length
                0x0000000081010510                FT_Vector_Polarize
                0x00000000810105ec                FT_Vector_From_Polar
                0x000000008101064c                FT_Angle_Diff
                0x0000000081010700                ft_mem_alloc
                0x0000000081010790                ft_mem_qalloc
                0x0000000081010840                ft_mem_realloc
                0x000000008101091c                ft_mem_qrealloc
                0x0000000081010a9c                ft_mem_free
                0x0000000081010af8                ft_mem_dup
                0x0000000081010b8c                ft_mem_strdup
                0x0000000081010c08                ft_mem_strcpyn
                0x0000000081010ca0                FT_List_Find
                0x0000000081010d10                FT_List_Add
                0x0000000081010d90                FT_List_Insert
                0x0000000081010e10                FT_List_Remove
                0x0000000081010ea0                FT_List_Up
                0x0000000081010f5c                FT_List_Iterate
                0x0000000081011000                FT_List_Finalize
                0x00000000810110cc                ft_highpow2
                0x0000000081011124                FT_Alloc
                0x0000000081011184                FT_QAlloc
                0x00000000810111e4                FT_Realloc
                0x000000008101125c                FT_QRealloc
                0x00000000810112d4                FT_Free
 .text          0x000000008101133c    0x14a3c C:/Project/DevKitPro/libogc/lib/cube\libfreetype.a(truetype.o)
                0x0000000081019620                TT_New_Context
                0x00000000810211c8                TT_RunIns
 .text          0x0000000081025d78     0x9ff4 C:/Project/DevKitPro/libogc/lib/cube\libfreetype.a(type1.o)
 .text          0x000000008102fd6c     0xc584 C:/Project/DevKitPro/libogc/lib/cube\libfreetype.a(cff.o)
 .text          0x000000008103c2f0     0x366c C:/Project/DevKitPro/libogc/lib/cube\libfreetype.a(type1cid.o)
 .text          0x000000008103f95c     0x73ec C:/Project/DevKitPro/libogc/lib/cube\libfreetype.a(pfr.o)
 .text          0x0000000081046d48     0x3a4c C:/Project/DevKitPro/libogc/lib/cube\libfreetype.a(type42.o)
 .text          0x000000008104a794     0x1d04 C:/Project/DevKitPro/libogc/lib/cube\libfreetype.a(winfnt.o)
 .text          0x000000008104c498     0x39ac C:/Project/DevKitPro/libogc/lib/cube\libfreetype.a(pcf.o)
 .text          0x000000008104fe44     0x7154 C:/Project/DevKitPro/libogc/lib/cube\libfreetype.a(bdf.o)
 .text          0x0000000081056f98    0x107e4 C:/Project/DevKitPro/libogc/lib/cube\libfreetype.a(sfnt.o)
 .text          0x000000008106777c     0xb948 C:/Project/DevKitPro/libogc/lib/cube\libfreetype.a(autofit.o)
                0x00000000810685fc                af_glyph_hints_dump_points
                0x0000000081068620                af_glyph_hints_dump_segments
                0x0000000081068644                af_glyph_hints_get_num_segments
                0x0000000081068674                af_glyph_hints_get_segment_offset
                0x00000000810686a8                af_glyph_hints_dump_edges
 .text          0x00000000810730c4     0x7200 C:/Project/DevKitPro/libogc/lib/cube\libfreetype.a(pshinter.o)
                0x0000000081079df4                ps_hints_apply
 .text          0x000000008107a2c4     0x5530 C:/Project/DevKitPro/libogc/lib/cube\libfreetype.a(raster.o)
 .text          0x000000008107f7f4     0x3a6c C:/Project/DevKitPro/libogc/lib/cube\libfreetype.a(smooth.o)
 .text          0x0000000081083260     0x60b4 C:/Project/DevKitPro/libogc/lib/cube\libfreetype.a(ftgzip.o)
                0x00000000810890b0                FT_Stream_OpenGzip
 .text          0x0000000081089314     0x1688 C:/Project/DevKitPro/libogc/lib/cube\libfreetype.a(ftlzw.o)
                0x0000000081089a7c                FT_Stream_OpenLZW
                0x000000008108a198                ft_lzwstate_reset
                0x000000008108a21c                ft_lzwstate_init
                0x000000008108a2c8                ft_lzwstate_done
                0x000000008108a384                ft_lzwstate_io
 .text          0x000000008108a99c     0x74b8 C:/Project/DevKitPro/libogc/lib/cube\libfreetype.a(psaux.o)
 .text          0x0000000081091e54      0xf54 C:/Project/DevKitPro/libogc/lib/cube\libfreetype.a(psnames.o)
 .text          0x0000000081092da8      0x408 C:/Project/DevKitPro/libogc/lib/cube\libfreetype.a(ftsystem.o)
                0x0000000081092fa4                FT_Stream_Open
                0x00000000810930e8                FT_New_Memory
                0x0000000081093174                FT_Done_Memory
 .text          0x00000000810931b0      0x4f4 C:/Project/DevKitPro/libogc/lib/cube\libogc.a(cache_asm.o)
                0x00000000810931b0                DCFlashInvalidate
                0x00000000810931c4                DCEnable
                0x00000000810931d8                DCDisable
                0x00000000810931ec                DCFreeze
                0x0000000081093200                DCUnfreeze
                0x0000000081093214                DCTouchLoad
                0x000000008109321c                DCBlockZero
                0x0000000081093224                DCBlockStore
                0x000000008109322c                DCBlockFlush
                0x0000000081093234                DCBlockInvalidate
                0x000000008109323c                DCInvalidateRange
                0x000000008109326c                DCFlushRange
                0x00000000810932a0                DCStoreRange
                0x00000000810932d4                DCFlushRangeNoSync
                0x0000000081093304                DCStoreRangeNoSync
                0x0000000081093334                DCZeroRange
                0x0000000081093364                DCTouchRange
                0x0000000081093394                ICInvalidateRange
                0x00000000810933cc                ICFlashInvalidate
                0x00000000810933e0                ICEnable
                0x00000000810933f4                ICDisable
                0x0000000081093408                ICFreeze
                0x000000008109341c                ICUnfreeze
                0x0000000081093430                ICBlockInvalidate
                0x0000000081093438                ICSync
                0x0000000081093440                L2Init
                0x0000000081093488                L2Enable
                0x00000000810934a4                L2Disable
                0x00000000810934bc                L2GlobalInvalidate
                0x0000000081093514                __LCEnable
                0x00000000810935e0                LCDisable
                0x0000000081093608                LCAllocOneTag
                0x000000008109361c                LCAllocTags
                0x000000008109365c                LCLoadBlocks
                0x0000000081093680                LCStoreBlocks
 .text          0x00000000810936a4      0x434 C:/Project/DevKitPro/libogc/lib/cube\libogc.a(system_asm.o)
                0x00000000810936a4                __realmode
                0x00000000810936bc                __configBATS
                0x0000000081093790                __InitFPRS
                0x00000000810938bc                __InitPS
                0x0000000081093918                __InitCache
                0x0000000081093970                __InitSystem
                0x00000000810939e8                __flush_cache
                0x0000000081093a1c                __reset
                0x0000000081093a8c                __InitBATS
                0x0000000081093aa8                SYS_SwitchFiber
 .text          0x0000000081093ad8      0x8dc C:/Project/DevKitPro/libogc/lib/cube\libogc.a(gu_psasm.o)
                0x0000000081093ad8                ps_guMtxConcat
                0x0000000081093b9c                ps_guMtxIdentity
                0x0000000081093bc8                ps_guMtxCopy
                0x0000000081093bfc                ps_guMtxTranspose
                0x0000000081093c4c                ps_guMtxInverse
                0x0000000081093d44                ps_guMtxInvXpose
                0x0000000081093e0c                ps_guMtxScale
                0x0000000081093e34                ps_guMtxScaleApply
                0x0000000081093e8c                ps_guMtxApplyScale
                0x0000000081093ef0                ps_guMtxTrans
                0x0000000081093f24                ps_guMtxTransApply
                0x0000000081093f70                ps_guMtxApplyTrans
                0x0000000081093fec                ps_guMtxRotTrig
                0x000000008109409c                __ps_guMtxRotAxisRadInternal
                0x000000008109415c                ps_guMtxReflect
                0x00000000810941cc                ps_guVecAdd
                0x00000000810941f0                ps_guVecSub
                0x0000000081094214                ps_guVecScale
                0x0000000081094230                ps_guVecNormalize
                0x0000000081094274                ps_guVecCross
                0x00000000810942b0                ps_guVecDotProduct
                0x00000000810942d0                ps_guVecMultiply
                0x0000000081094324                ps_guVecMultiplySR
                0x0000000081094394                ps_guQuatDotProduct
 *fill*         0x00000000810943b4        0xc 00000000
 .text          0x00000000810943c0      0x44c C:/Project/DevKitPro/libogc/lib/cube\libogc.a(lwp_handler.o)
                0x00000000810943c0                _cpu_context_save_fp
                0x0000000081094500                _cpu_context_restore_fp
                0x0000000081094640                _cpu_context_switch
                0x0000000081094720                _cpu_context_save
                0x00000000810947a0                _cpu_context_restore
 .text          0x000000008109480c      0x1ac C:/Project/DevKitPro/libogc/lib/cube\libogc.a(irq_handler.o)
                0x000000008109480c                irq_exceptionhandler
 .text          0x00000000810949b8      0x1ac C:/Project/DevKitPro/libogc/lib/cube\libogc.a(decrementer_handler.o)
                0x00000000810949b8                dec_exceptionhandler
 .text          0x0000000081094b64      0x35c C:/Project/DevKitPro/libogc/lib/cube\libogc.a(exception_handler.o)
                0x0000000081094b64                exceptionhandler_start
                0x0000000081094be0                exceptionhandler_patch
                0x0000000081094c14                exceptionhandler_end
                0x0000000081094c18                default_exceptionhandler
                0x0000000081094d48                fpu_exceptionhandler
                0x0000000081094e90                systemcallhandler_start
                0x0000000081094ebc                systemcallhandler_end
 .text          0x0000000081094ec0       0x48 c:/project/devkitpro/devkitppc/bin/../lib/gcc/powerpc-eabi/10.2.0\libgcc.a(eabi.o)
                0x0000000081094ec0                __eabi
 .text          0x0000000081094f08       0x58 c:/project/devkitpro/devkitppc/bin/../lib/gcc/powerpc-eabi/10.2.0\libgcc.a(crtresxgpr.o)
                0x0000000081094f08                _restgpr_14_x
                0x0000000081094f0c                _restgpr_15_x
                0x0000000081094f10                _restgpr_16_x
                0x0000000081094f14                _restgpr_17_x
                0x0000000081094f18                _restgpr_18_x
                0x0000000081094f1c                _restgpr_19_x
                0x0000000081094f20                _restgpr_20_x
                0x0000000081094f24                _restgpr_21_x
                0x0000000081094f28                _restgpr_22_x
                0x0000000081094f2c                _restgpr_23_x
                0x0000000081094f30                _restgpr_24_x
                0x0000000081094f34                _restgpr_25_x
                0x0000000081094f38                _restgpr_26_x
                0x0000000081094f3c                _restgpr_27_x
                0x0000000081094f40                _restgpr_28_x
                0x0000000081094f44                _restgpr_29_x
                0x0000000081094f48                _restgpr_30_x
                0x0000000081094f4c                _restgpr_31_x
 .text          0x0000000081094f60      0x180 c:/project/devkitpro/devkitppc/bin/../lib/gcc/powerpc-eabi/10.2.0/../../../../powerpc-eabi/lib\libc.a(lib_a-setjmp.o)
                0x0000000081094f60                setjmp
                0x000000008109501c                longjmp
 *(.text.*)
 .text.deregister_tm_clones
                0x00000000810950e0       0x30 c:/project/devkitpro/devkitppc/bin/../lib/gcc/powerpc-eabi/10.2.0/crtbegin.o
 .text.register_tm_clones
                0x0000000081095110       0x3c c:/project/devkitpro/devkitppc/bin/../lib/gcc/powerpc-eabi/10.2.0/crtbegin.o
 .text.__do_global_dtors_aux
                0x000000008109514c       0xd0 c:/project/devkitpro/devkitppc/bin/../lib/gcc/powerpc-eabi/10.2.0/crtbegin.o
 .text.frame_dummy
                0x000000008109521c       0x44 c:/project/devkitpro/devkitppc/bin/../lib/gcc/powerpc-eabi/10.2.0/crtbegin.o
 .text.__crtmain
                0x0000000081095260       0x44 c:/project/devkitpro/devkitppc/bin/../lib/gcc/powerpc-eabi/10.2.0/../../../../powerpc-eabi/lib/crtmain.o
                0x0000000081095264                __crtmain
 .text.startup.main
                0x00000000810952a4      0x1e0 Main.o
                0x00000000810952a4                main
 .text.GRRLIB_FillScreen
                0x0000000081095484      0x10c C:/Project/DevKitPro/libogc/lib/cube\libgrrlib.a(GRRLIB_core.o)
                0x0000000081095484                GRRLIB_FillScreen
 .text.GRRLIB_Exit
                0x0000000081095590       0xfc C:/Project/DevKitPro/libogc/lib/cube\libgrrlib.a(GRRLIB_core.o)
                0x0000000081095590                GRRLIB_Exit
 .text.GRRLIB_Init
                0x000000008109568c      0x520 C:/Project/DevKitPro/libogc/lib/cube\libgrrlib.a(GRRLIB_core.o)
                0x000000008109568c                GRRLIB_Init
 .text.GRRLIB_Render
                0x0000000081095bac       0xbc C:/Project/DevKitPro/libogc/lib/cube\libgrrlib.a(GRRLIB_render.o)
                0x0000000081095bac                GRRLIB_Render
 .text.GRRLIB_PrintfTTFW.part.0
                0x0000000081095c68      0x2ec C:/Project/DevKitPro/libogc/lib/cube\libgrrlib.a(GRRLIB_ttf.o)
 .text.GRRLIB_InitTTF
                0x0000000081095f54       0x30 C:/Project/DevKitPro/libogc/lib/cube\libgrrlib.a(GRRLIB_ttf.o)
                0x0000000081095f54                GRRLIB_InitTTF
 .text.GRRLIB_ExitTTF
                0x0000000081095f84        0xc C:/Project/DevKitPro/libogc/lib/cube\libgrrlib.a(GRRLIB_ttf.o)
                0x0000000081095f84                GRRLIB_ExitTTF
 .text.GRRLIB_LoadTTF
                0x0000000081095f90       0x7c C:/Project/DevKitPro/libogc/lib/cube\libgrrlib.a(GRRLIB_ttf.o)
                0x0000000081095f90                GRRLIB_LoadTTF
 .text.GRRLIB_FreeTTF
                0x000000008109600c       0x44 C:/Project/DevKitPro/libogc/lib/cube\libgrrlib.a(GRRLIB_ttf.o)
                0x000000008109600c                GRRLIB_FreeTTF
 .text.GRRLIB_PrintfTTF
                0x0000000081096050      0x148 C:/Project/DevKitPro/libogc/lib/cube\libgrrlib.a(GRRLIB_ttf.o)
                0x0000000081096050                GRRLIB_PrintfTTF
 .text.fatMount
                0x0000000081096198      0x118 C:/Project/DevKitPro/libogc/lib/cube\libfat.a(libfat.o)
                0x0000000081096198                fatMount
 .text.fatInit  0x00000000810962b0      0x198 C:/Project/DevKitPro/libogc/lib/cube\libfat.a(libfat.o)
                0x00000000810962b0                fatInit
 .text.fatInitDefault
                0x0000000081096448        0xc C:/Project/DevKitPro/libogc/lib/cube\libfat.a(libfat.o)
                0x0000000081096448                fatInitDefault
 .text.get_io_gcsd2
                0x0000000081096454        0xc C:/Project/DevKitPro/libogc/lib/cube\libfat.a(disc.o)
 .text.get_io_gcsdb
                0x0000000081096460        0xc C:/Project/DevKitPro/libogc/lib/cube\libfat.a(disc.o)
 .text.get_io_gcsda
                0x000000008109646c        0xc C:/Project/DevKitPro/libogc/lib/cube\libfat.a(disc.o)
 .text._FAT_fat_clusterToSector
                0x0000000081096478       0x28 C:/Project/DevKitPro/libogc/lib/cube\libfat.a(fatfile.o)
 .text._FAT_check_position_for_next_cluster
                0x00000000810964a0       0xe8 C:/Project/DevKitPro/libogc/lib/cube\libfat.a(fatfile.o)
 .text._FAT_unlock.isra.0
                0x0000000081096588        0x4 C:/Project/DevKitPro/libogc/lib/cube\libfat.a(fatfile.o)
 .text._FAT_lock.isra.0
                0x000000008109658c        0x4 C:/Project/DevKitPro/libogc/lib/cube\libfat.a(fatfile.o)
 .text._FAT_file_extend_r
                0x0000000081096590      0x290 C:/Project/DevKitPro/libogc/lib/cube\libfat.a(fatfile.o)
 .text._FAT_open_r
                0x0000000081096820      0x3ac C:/Project/DevKitPro/libogc/lib/cube\libfat.a(fatfile.o)
                0x0000000081096820                _FAT_open_r
 .text._FAT_syncToDisc
                0x0000000081096bcc      0x12c C:/Project/DevKitPro/libogc/lib/cube\libfat.a(fatfile.o)
                0x0000000081096bcc                _FAT_syncToDisc
 .text._FAT_close_r
                0x0000000081096cf8       0xc4 C:/Project/DevKitPro/libogc/lib/cube\libfat.a(fatfile.o)
                0x0000000081096cf8                _FAT_close_r
 .text._FAT_read_r
                0x0000000081096dbc      0x3b0 C:/Project/DevKitPro/libogc/lib/cube\libfat.a(fatfile.o)
                0x0000000081096dbc                _FAT_read_r
 .text._FAT_write_r
                0x000000008109716c      0x53c C:/Project/DevKitPro/libogc/lib/cube\libfat.a(fatfile.o)
                0x000000008109716c                _FAT_write_r
 .text._FAT_seek_r
                0x00000000810976a8      0x1dc C:/Project/DevKitPro/libogc/lib/cube\libfat.a(fatfile.o)
                0x00000000810976a8                _FAT_seek_r
 .text._FAT_fstat_r
                0x0000000081097884       0xd8 C:/Project/DevKitPro/libogc/lib/cube\libfat.a(fatfile.o)
                0x0000000081097884                _FAT_fstat_r
 .text._FAT_ftruncate_r
                0x000000008109795c      0x1fc C:/Project/DevKitPro/libogc/lib/cube\libfat.a(fatfile.o)
                0x000000008109795c                _FAT_ftruncate_r
 .text._FAT_fsync_r
                0x0000000081097b58       0x70 C:/Project/DevKitPro/libogc/lib/cube\libfat.a(fatfile.o)
                0x0000000081097b58                _FAT_fsync_r
 .text._FAT_cache_getPage
                0x0000000081097bc8      0x158 C:/Project/DevKitPro/libogc/lib/cube\libfat.a(cache.o)
 .text._FAT_cache_constructor
                0x0000000081097d20       0xcc C:/Project/DevKitPro/libogc/lib/cube\libfat.a(cache.o)
                0x0000000081097d20                _FAT_cache_constructor
 .text._FAT_cache_readSectors
                0x0000000081097dec       0xa8 C:/Project/DevKitPro/libogc/lib/cube\libfat.a(cache.o)
                0x0000000081097dec                _FAT_cache_readSectors
 .text._FAT_cache_readPartialSector
                0x0000000081097e94       0x88 C:/Project/DevKitPro/libogc/lib/cube\libfat.a(cache.o)
                0x0000000081097e94                _FAT_cache_readPartialSector
 .text._FAT_cache_readLittleEndianValue
                0x0000000081097f1c       0x6c C:/Project/DevKitPro/libogc/lib/cube\libfat.a(cache.o)
                0x0000000081097f1c                _FAT_cache_readLittleEndianValue
 .text._FAT_cache_writePartialSector
                0x0000000081097f88       0x90 C:/Project/DevKitPro/libogc/lib/cube\libfat.a(cache.o)
                0x0000000081097f88                _FAT_cache_writePartialSector
 .text._FAT_cache_writeLittleEndianValue
                0x0000000081098018       0x6c C:/Project/DevKitPro/libogc/lib/cube\libfat.a(cache.o)
                0x0000000081098018                _FAT_cache_writeLittleEndianValue
 .text._FAT_cache_eraseWritePartialSector
                0x0000000081098084       0xa8 C:/Project/DevKitPro/libogc/lib/cube\libfat.a(cache.o)
                0x0000000081098084                _FAT_cache_eraseWritePartialSector
 .text._FAT_cache_writeSectors
                0x000000008109812c       0xb0 C:/Project/DevKitPro/libogc/lib/cube\libfat.a(cache.o)
                0x000000008109812c                _FAT_cache_writeSectors
 .text._FAT_cache_flush
                0x00000000810981dc       0x88 C:/Project/DevKitPro/libogc/lib/cube\libfat.a(cache.o)
                0x00000000810981dc                _FAT_cache_flush
 .text._FAT_unlock.isra.0
                0x0000000081098264        0x4 C:/Project/DevKitPro/libogc/lib/cube\libfat.a(fatdir.o)
 .text._FAT_lock.isra.0
                0x0000000081098268        0x4 C:/Project/DevKitPro/libogc/lib/cube\libfat.a(fatdir.o)
 .text._FAT_stat_r
                0x000000008109826c       0xc0 C:/Project/DevKitPro/libogc/lib/cube\libfat.a(fatdir.o)
                0x000000008109826c                _FAT_stat_r
 .text._FAT_link_r
                0x000000008109832c       0x10 C:/Project/DevKitPro/libogc/lib/cube\libfat.a(fatdir.o)
                0x000000008109832c                _FAT_link_r
 .text._FAT_unlink_r
                0x000000008109833c      0x1b0 C:/Project/DevKitPro/libogc/lib/cube\libfat.a(fatdir.o)
                0x000000008109833c                _FAT_unlink_r
 .text._FAT_chdir_r
                0x00000000810984ec       0xa0 C:/Project/DevKitPro/libogc/lib/cube\libfat.a(fatdir.o)
                0x00000000810984ec                _FAT_chdir_r
 .text._FAT_rename_r
                0x000000008109858c      0x240 C:/Project/DevKitPro/libogc/lib/cube\libfat.a(fatdir.o)
                0x000000008109858c                _FAT_rename_r
 .text._FAT_mkdir_r
                0x00000000810987cc      0x2d0 C:/Project/DevKitPro/libogc/lib/cube\libfat.a(fatdir.o)
                0x00000000810987cc                _FAT_mkdir_r
 .text._FAT_statvfs_r
                0x0000000081098a9c       0xdc C:/Project/DevKitPro/libogc/lib/cube\libfat.a(fatdir.o)
                0x0000000081098a9c                _FAT_statvfs_r
 .text._FAT_diropen_r
                0x0000000081098b78      0x110 C:/Project/DevKitPro/libogc/lib/cube\libfat.a(fatdir.o)
                0x0000000081098b78                _FAT_diropen_r
 .text._FAT_dirreset_r
                0x0000000081098c88       0x74 C:/Project/DevKitPro/libogc/lib/cube\libfat.a(fatdir.o)
                0x0000000081098c88                _FAT_dirreset_r
 .text._FAT_dirnext_r
                0x0000000081098cfc       0xc4 C:/Project/DevKitPro/libogc/lib/cube\libfat.a(fatdir.o)
                0x0000000081098cfc                _FAT_dirnext_r
 .text._FAT_dirclose_r
                0x0000000081098dc0       0x40 C:/Project/DevKitPro/libogc/lib/cube\libfat.a(fatdir.o)
                0x0000000081098dc0                _FAT_dirclose_r
 .text.u8array_to_u16
                0x0000000081098e00       0x14 C:/Project/DevKitPro/libogc/lib/cube\libfat.a(directory.o)
 .text._FAT_directory_entryGetAlias
                0x0000000081098e14      0x114 C:/Project/DevKitPro/libogc/lib/cube\libfat.a(directory.o)
 .text._FAT_directory_incrementDirEntryPosition
                0x0000000081098f28       0xf8 C:/Project/DevKitPro/libogc/lib/cube\libfat.a(directory.o)
 .text._FAT_directory_mbsncasecmp
                0x0000000081099020       0xec C:/Project/DevKitPro/libogc/lib/cube\libfat.a(directory.o)
 .text._FAT_fat_clusterToSector
                0x000000008109910c       0x28 C:/Project/DevKitPro/libogc/lib/cube\libfat.a(directory.o)
 .text._FAT_directory_ucs2tombs.constprop.0
                0x0000000081099134       0xdc C:/Project/DevKitPro/libogc/lib/cube\libfat.a(directory.o)
 .text._FAT_directory_entryGetCluster
                0x0000000081099210       0x50 C:/Project/DevKitPro/libogc/lib/cube\libfat.a(directory.o)
                0x0000000081099210                _FAT_directory_entryGetCluster
 .text._FAT_directory_getNextEntry
                0x0000000081099260      0x298 C:/Project/DevKitPro/libogc/lib/cube\libfat.a(directory.o)
                0x0000000081099260                _FAT_directory_getNextEntry
 .text._FAT_directory_getFirstEntry
                0x00000000810994f8       0x24 C:/Project/DevKitPro/libogc/lib/cube\libfat.a(directory.o)
                0x00000000810994f8                _FAT_directory_getFirstEntry
 .text._FAT_directory_entryExists
                0x000000008109951c       0xc4 C:/Project/DevKitPro/libogc/lib/cube\libfat.a(directory.o)
 .text._FAT_directory_getRootEntry
                0x00000000810995e0       0xa0 C:/Project/DevKitPro/libogc/lib/cube\libfat.a(directory.o)
                0x00000000810995e0                _FAT_directory_getRootEntry
 .text._FAT_directory_entryFromPosition
                0x0000000081099680      0x1c0 C:/Project/DevKitPro/libogc/lib/cube\libfat.a(directory.o)
                0x0000000081099680                _FAT_directory_entryFromPosition
 .text._FAT_directory_entryFromPath
                0x0000000081099840      0x294 C:/Project/DevKitPro/libogc/lib/cube\libfat.a(directory.o)
                0x0000000081099840                _FAT_directory_entryFromPath
 .text._FAT_directory_removeEntry
                0x0000000081099ad4       0xf0 C:/Project/DevKitPro/libogc/lib/cube\libfat.a(directory.o)
                0x0000000081099ad4                _FAT_directory_removeEntry
 .text._FAT_directory_addEntry
                0x0000000081099bc4      0x958 C:/Project/DevKitPro/libogc/lib/cube\libfat.a(directory.o)
                0x0000000081099bc4                _FAT_directory_addEntry
 .text._FAT_directory_chdir
                0x000000008109a51c       0x5c C:/Project/DevKitPro/libogc/lib/cube\libfat.a(directory.o)
                0x000000008109a51c                _FAT_directory_chdir
 .text._FAT_directory_entryStat
                0x000000008109a578      0x140 C:/Project/DevKitPro/libogc/lib/cube\libfat.a(directory.o)
                0x000000008109a578                _FAT_directory_entryStat
 .text.u8array_to_u16
                0x000000008109a6b8       0x14 C:/Project/DevKitPro/libogc/lib/cube\libfat.a(partition.o)
 .text.u8array_to_u32
                0x000000008109a6cc       0x30 C:/Project/DevKitPro/libogc/lib/cube\libfat.a(partition.o)
 .text.u32_to_u8array
                0x000000008109a6fc       0x20 C:/Project/DevKitPro/libogc/lib/cube\libfat.a(partition.o)
 .text.isValidMBR
                0x000000008109a71c       0x7c C:/Project/DevKitPro/libogc/lib/cube\libfat.a(partition.o)
 .text._FAT_disc_readSectors.constprop.0.isra.0
                0x000000008109a798       0x10 C:/Project/DevKitPro/libogc/lib/cube\libfat.a(partition.o)
 .text._FAT_updateFS_INFO
                0x000000008109a7a8       0x70 C:/Project/DevKitPro/libogc/lib/cube\libfat.a(partition.o)
 .text.FindFirstValidPartition_buf
                0x000000008109a818      0x14c C:/Project/DevKitPro/libogc/lib/cube\libfat.a(partition.o)
                0x000000008109a818                FindFirstValidPartition_buf
 .text._FAT_partition_getPartitionFromPath
                0x000000008109a964       0x2c C:/Project/DevKitPro/libogc/lib/cube\libfat.a(partition.o)
                0x000000008109a964                _FAT_partition_getPartitionFromPath
 .text._FAT_partition_createFSinfo
                0x000000008109a990       0xa0 C:/Project/DevKitPro/libogc/lib/cube\libfat.a(partition.o)
                0x000000008109a990                _FAT_partition_createFSinfo
 .text._FAT_partition_readFSinfo
                0x000000008109aa30      0x118 C:/Project/DevKitPro/libogc/lib/cube\libfat.a(partition.o)
                0x000000008109aa30                _FAT_partition_readFSinfo
 .text._FAT_partition_constructor_buf
                0x000000008109ab48      0x324 C:/Project/DevKitPro/libogc/lib/cube\libfat.a(partition.o)
                0x000000008109ab48                _FAT_partition_constructor_buf
 .text._FAT_partition_constructor
                0x000000008109ae6c       0x64 C:/Project/DevKitPro/libogc/lib/cube\libfat.a(partition.o)
                0x000000008109ae6c                _FAT_partition_constructor
 .text._FAT_filetime_getTimeFromRTC
                0x000000008109aed0       0x84 C:/Project/DevKitPro/libogc/lib/cube\libfat.a(filetime.o)
                0x000000008109aed0                _FAT_filetime_getTimeFromRTC
 .text._FAT_filetime_getDateFromRTC
                0x000000008109af54       0x84 C:/Project/DevKitPro/libogc/lib/cube\libfat.a(filetime.o)
                0x000000008109af54                _FAT_filetime_getDateFromRTC
 .text._FAT_filetime_to_time_t
                0x000000008109afd8       0x64 C:/Project/DevKitPro/libogc/lib/cube\libfat.a(filetime.o)
                0x000000008109afd8                _FAT_filetime_to_time_t
 .text._FAT_fat_writeFatEntry.isra.0
                0x000000008109b03c      0x1bc C:/Project/DevKitPro/libogc/lib/cube\libfat.a(file_allocation_table.o)
 .text._FAT_fat_nextCluster
                0x000000008109b1f8      0x190 C:/Project/DevKitPro/libogc/lib/cube\libfat.a(file_allocation_table.o)
                0x000000008109b1f8                _FAT_fat_nextCluster
 .text._FAT_fat_linkFreeCluster
                0x000000008109b388       0xe4 C:/Project/DevKitPro/libogc/lib/cube\libfat.a(file_allocation_table.o)
                0x000000008109b388                _FAT_fat_linkFreeCluster
 .text._FAT_fat_linkFreeClusterCleared
                0x000000008109b46c       0xbc C:/Project/DevKitPro/libogc/lib/cube\libfat.a(file_allocation_table.o)
                0x000000008109b46c                _FAT_fat_linkFreeClusterCleared
 .text._FAT_fat_clearLinks
                0x000000008109b528       0xbc C:/Project/DevKitPro/libogc/lib/cube\libfat.a(file_allocation_table.o)
                0x000000008109b528                _FAT_fat_clearLinks
 .text._FAT_fat_trimChain
                0x000000008109b5e4       0xb4 C:/Project/DevKitPro/libogc/lib/cube\libfat.a(file_allocation_table.o)
                0x000000008109b5e4                _FAT_fat_trimChain
 .text._FAT_fat_lastCluster
                0x000000008109b698       0x68 C:/Project/DevKitPro/libogc/lib/cube\libfat.a(file_allocation_table.o)
                0x000000008109b698                _FAT_fat_lastCluster
 .text._FAT_fat_freeClusterCount
                0x000000008109b700       0x54 C:/Project/DevKitPro/libogc/lib/cube\libfat.a(file_allocation_table.o)
                0x000000008109b700                _FAT_fat_freeClusterCount
 .text.__dsp_donecallback
                0x000000008109b754        0xc C:/Project/DevKitPro/libogc/lib/cube\libasnd.a(asndlib.o)
 .text.audio_dma_callback
                0x000000008109b760      0x838 C:/Project/DevKitPro/libogc/lib/cube\libasnd.a(asndlib.o)
 .text.__dsp_initcallback
                0x000000008109bf98       0x58 C:/Project/DevKitPro/libogc/lib/cube\libasnd.a(asndlib.o)
 .text.__dsp_requestcallback
                0x000000008109bff0      0x7d8 C:/Project/DevKitPro/libogc/lib/cube\libasnd.a(asndlib.o)
 .text.ASND_Init
                0x000000008109c7c8      0x1c0 C:/Project/DevKitPro/libogc/lib/cube\libasnd.a(asndlib.o)
                0x000000008109c7c8                ASND_Init
 .text.__VIRetraceHandler
                0x000000008109c988      0x1fc C:/Project/DevKitPro/libogc/lib/cube\libogc.a(video.o)
 .text.__setFbbRegs.constprop.0
                0x000000008109cb84      0x198 C:/Project/DevKitPro/libogc/lib/cube\libogc.a(video.o)
 .text.VIDEO_Init
                0x000000008109cd1c      0x4f0 C:/Project/DevKitPro/libogc/lib/cube\libogc.a(video.o)
                0x000000008109cd1c                VIDEO_Init
 .text.VIDEO_Configure
                0x000000008109d20c      0x600 C:/Project/DevKitPro/libogc/lib/cube\libogc.a(video.o)
                0x000000008109d20c                VIDEO_Configure
 .text.VIDEO_WaitVSync
                0x000000008109d80c       0x74 C:/Project/DevKitPro/libogc/lib/cube\libogc.a(video.o)
                0x000000008109d80c                VIDEO_WaitVSync
 .text.VIDEO_SetFramebuffer
                0x000000008109d880      0x108 C:/Project/DevKitPro/libogc/lib/cube\libogc.a(video.o)
                0x000000008109d880                VIDEO_SetFramebuffer
 .text.VIDEO_SetNextFramebuffer
                0x000000008109d988       0x70 C:/Project/DevKitPro/libogc/lib/cube\libogc.a(video.o)
                0x000000008109d988                VIDEO_SetNextFramebuffer
 .text.VIDEO_Flush
                0x000000008109d9f8       0xf4 C:/Project/DevKitPro/libogc/lib/cube\libogc.a(video.o)
                0x000000008109d9f8                VIDEO_Flush
 .text.VIDEO_SetBlack
                0x000000008109daec      0x144 C:/Project/DevKitPro/libogc/lib/cube\libogc.a(video.o)
                0x000000008109daec                VIDEO_SetBlack
 .text.VIDEO_GetCurrentTvMode
                0x000000008109dc30       0x78 C:/Project/DevKitPro/libogc/lib/cube\libogc.a(video.o)
                0x000000008109dc30                VIDEO_GetCurrentTvMode
 .text.VIDEO_GetPreferredMode
                0x000000008109dca8       0xa0 C:/Project/DevKitPro/libogc/lib/cube\libogc.a(video.o)
                0x000000008109dca8                VIDEO_GetPreferredMode
 .text.VIDEO_GetCurrentLine
                0x000000008109dd48       0x98 C:/Project/DevKitPro/libogc/lib/cube\libogc.a(video.o)
                0x000000008109dd48                VIDEO_GetCurrentLine
 .text.VIDEO_GetFrameBufferSize
                0x000000008109dde0       0x34 C:/Project/DevKitPro/libogc/lib/cube\libogc.a(video.o)
                0x000000008109dde0                VIDEO_GetFrameBufferSize
 .text.VIDEO_HaveComponentCable
                0x000000008109de14       0x14 C:/Project/DevKitPro/libogc/lib/cube\libogc.a(video.o)
                0x000000008109de14                VIDEO_HaveComponentCable
 .text.SPEC1_MakeStatus
                0x000000008109de28      0x104 C:/Project/DevKitPro/libogc/lib/cube\libogc.a(pad.o)
 .text.__pad_samplinghandler
                0x000000008109df2c        0x4 C:/Project/DevKitPro/libogc/lib/cube\libogc.a(pad.o)
 .text.__pad_doreset
                0x000000008109df30       0x50 C:/Project/DevKitPro/libogc/lib/cube\libogc.a(pad.o)
 .text.__pad_updateorigin
                0x000000008109df80       0xa0 C:/Project/DevKitPro/libogc/lib/cube\libogc.a(pad.o)
 .text.__pad_disable
                0x000000008109e020       0xbc C:/Project/DevKitPro/libogc/lib/cube\libogc.a(pad.o)
 .text.__pad_receivecheckcallback
                0x000000008109e0dc       0x84 C:/Project/DevKitPro/libogc/lib/cube\libogc.a(pad.o)
 .text.__pad_typeandstatuscallback
                0x000000008109e160      0x1ac C:/Project/DevKitPro/libogc/lib/cube\libogc.a(pad.o)
 .text.__pad_originupdatecallback
                0x000000008109e30c       0x74 C:/Project/DevKitPro/libogc/lib/cube\libogc.a(pad.o)
 .text.__pad_onreset
                0x000000008109e380      0x108 C:/Project/DevKitPro/libogc/lib/cube\libogc.a(pad.o)
 .text.SPEC2_MakeStatus
                0x000000008109e488      0x208 C:/Project/DevKitPro/libogc/lib/cube\libogc.a(pad.o)
 .text.__pad_origincallback
                0x000000008109e690       0x74 C:/Project/DevKitPro/libogc/lib/cube\libogc.a(pad.o)
 .text.__pad_probecallback
                0x000000008109e704       0x88 C:/Project/DevKitPro/libogc/lib/cube\libogc.a(pad.o)
 .text.__PADDisableRecalibration
                0x000000008109e78c       0x58 C:/Project/DevKitPro/libogc/lib/cube\libogc.a(pad.o)
                0x000000008109e78c                __PADDisableRecalibration
 .text.PAD_Reset
                0x000000008109e7e4       0xf0 C:/Project/DevKitPro/libogc/lib/cube\libogc.a(pad.o)
                0x000000008109e7e4                PAD_Reset
 .text.PAD_Read
                0x000000008109e8d4      0x2f8 C:/Project/DevKitPro/libogc/lib/cube\libogc.a(pad.o)
                0x000000008109e8d4                PAD_Read
 .text.PAD_Init
                0x000000008109ebcc       0xf8 C:/Project/DevKitPro/libogc/lib/cube\libogc.a(pad.o)
                0x000000008109ebcc                PAD_Init
 .text.PAD_ScanPads
                0x000000008109ecc4      0x2f8 C:/Project/DevKitPro/libogc/lib/cube\libogc.a(pad.o)
                0x000000008109ecc4                PAD_ScanPads
 .text.PAD_ButtonsDown
                0x000000008109efbc       0x38 C:/Project/DevKitPro/libogc/lib/cube\libogc.a(pad.o)
                0x000000008109efbc                PAD_ButtonsDown
 .text.__lwp_mutex_locksupp.constprop.0
                0x000000008109eff4      0x294 C:/Project/DevKitPro/libogc/lib/cube\libogc.a(mutex.o)
 .text.__lwp_mutex_init
                0x000000008109f288       0x14 C:/Project/DevKitPro/libogc/lib/cube\libogc.a(mutex.o)
                0x000000008109f288                __lwp_mutex_init
 .text.LWP_MutexInit
                0x000000008109f29c       0xe4 C:/Project/DevKitPro/libogc/lib/cube\libogc.a(mutex.o)
                0x000000008109f29c                LWP_MutexInit
 .text.LWP_MutexDestroy
                0x000000008109f380       0xf0 C:/Project/DevKitPro/libogc/lib/cube\libogc.a(mutex.o)
                0x000000008109f380                LWP_MutexDestroy
 .text.LWP_MutexLock
                0x000000008109f470        0x8 C:/Project/DevKitPro/libogc/lib/cube\libogc.a(mutex.o)
                0x000000008109f470                LWP_MutexLock
 .text.LWP_MutexUnlock
                0x000000008109f478       0x9c C:/Project/DevKitPro/libogc/lib/cube\libogc.a(mutex.o)
                0x000000008109f478                LWP_MutexUnlock
 .text.__reload
                0x000000008109f514       0x14 C:/Project/DevKitPro/libogc/lib/cube\libogc.a(system.o)
                0x000000008109f514                __reload
 .text.__call_resetfuncs
                0x000000008109f528       0xbc C:/Project/DevKitPro/libogc/lib/cube\libogc.a(system.o)
 .text.__MEMInterruptHandler
                0x000000008109f5e4       0x14 C:/Project/DevKitPro/libogc/lib/cube\libogc.a(system.o)
 .text.__RSWDefaultHandler
                0x000000008109f5f8        0x4 C:/Project/DevKitPro/libogc/lib/cube\libogc.a(system.o)
 .text.__RSWHandler
                0x000000008109f5fc       0xf4 C:/Project/DevKitPro/libogc/lib/cube\libogc.a(system.o)
 .text.__sys_alarmhandler
                0x000000008109f6f0       0xfc C:/Project/DevKitPro/libogc/lib/cube\libogc.a(system.o)
 .text.__sram_write
                0x000000008109f7ec      0x148 C:/Project/DevKitPro/libogc/lib/cube\libogc.a(system.o)
 .text.__sram_writecallback
                0x000000008109f934       0x54 C:/Project/DevKitPro/libogc/lib/cube\libogc.a(system.o)
 .text.__mem_onreset
                0x000000008109f988       0x48 C:/Project/DevKitPro/libogc/lib/cube\libogc.a(system.o)
 .text.__unlocksram
                0x000000008109f9d0      0x178 C:/Project/DevKitPro/libogc/lib/cube\libogc.a(system.o)
 .text.__syscall_sbrk_r
                0x000000008109fb48        0x4 C:/Project/DevKitPro/libogc/lib/cube\libogc.a(system.o)
                0x000000008109fb48                __syscall_sbrk_r
 .text.__syscall_lock_init
                0x000000008109fb4c        0x4 C:/Project/DevKitPro/libogc/lib/cube\libogc.a(system.o)
                0x000000008109fb4c                __syscall_lock_init
 .text.__syscall_lock_close
                0x000000008109fb50        0x4 C:/Project/DevKitPro/libogc/lib/cube\libogc.a(system.o)
                0x000000008109fb50                __syscall_lock_close
 .text.__syscall_lock_release
                0x000000008109fb54        0x4 C:/Project/DevKitPro/libogc/lib/cube\libogc.a(system.o)
                0x000000008109fb54                __syscall_lock_release
 .text.__syscall_lock_acquire
                0x000000008109fb58        0x4 C:/Project/DevKitPro/libogc/lib/cube\libogc.a(system.o)
                0x000000008109fb58                __syscall_lock_acquire
 .text.__syscall_malloc_lock
                0x000000008109fb5c        0x4 C:/Project/DevKitPro/libogc/lib/cube\libogc.a(system.o)
                0x000000008109fb5c                __syscall_malloc_lock
 .text.__syscall_malloc_unlock
                0x000000008109fb60        0x4 C:/Project/DevKitPro/libogc/lib/cube\libogc.a(system.o)
                0x000000008109fb60                __syscall_malloc_unlock
 .text.__syscall_gettod_r
                0x000000008109fb64        0x4 C:/Project/DevKitPro/libogc/lib/cube\libogc.a(system.o)
                0x000000008109fb64                __syscall_gettod_r
 .text.__syscall_nanosleep
                0x000000008109fb68        0x4 C:/Project/DevKitPro/libogc/lib/cube\libogc.a(system.o)
                0x000000008109fb68                __syscall_nanosleep
 .text.__SYS_LockSram
                0x000000008109fb6c       0x5c C:/Project/DevKitPro/libogc/lib/cube\libogc.a(system.o)
                0x000000008109fb6c                __SYS_LockSram
 .text.__SYS_UnlockSram
                0x000000008109fbc8        0x8 C:/Project/DevKitPro/libogc/lib/cube\libogc.a(system.o)
                0x000000008109fbc8                __SYS_UnlockSram
 .text.__SYS_PreInit
                0x000000008109fbd0        0x4 C:/Project/DevKitPro/libogc/lib/cube\libogc.a(system.o)
                0x000000008109fbd0                __SYS_PreInit
 .text.SYS_PreMain
                0x000000008109fbd4        0x4 C:/Project/DevKitPro/libogc/lib/cube\libogc.a(system.o)
                0x000000008109fbd4                SYS_PreMain
 .text.SYS_ResetButtonDown
                0x000000008109fbd8       0x18 C:/Project/DevKitPro/libogc/lib/cube\libogc.a(system.o)
                0x000000008109fbd8                SYS_ResetButtonDown
 .text.SYS_ResetSystem
                0x000000008109fbf0      0x300 C:/Project/DevKitPro/libogc/lib/cube\libogc.a(system.o)
                0x000000008109fbf0                SYS_ResetSystem
 .text.__syscall_exit
                0x000000008109fef0       0x34 C:/Project/DevKitPro/libogc/lib/cube\libogc.a(system.o)
                0x000000008109fef0                __syscall_exit
 .text.SYS_RegisterResetFunc
                0x000000008109ff24       0x78 C:/Project/DevKitPro/libogc/lib/cube\libogc.a(system.o)
                0x000000008109ff24                SYS_RegisterResetFunc
 .text.SYS_SetArena1Lo
                0x000000008109ff9c       0x38 C:/Project/DevKitPro/libogc/lib/cube\libogc.a(system.o)
                0x000000008109ff9c                SYS_SetArena1Lo
 .text.SYS_GetArena1Lo
                0x000000008109ffd4       0x38 C:/Project/DevKitPro/libogc/lib/cube\libogc.a(system.o)
                0x000000008109ffd4                SYS_GetArena1Lo
 .text.SYS_GetArena1Hi
                0x00000000810a000c       0x38 C:/Project/DevKitPro/libogc/lib/cube\libogc.a(system.o)
                0x00000000810a000c                SYS_GetArena1Hi
 .text.SYS_AllocateFramebuffer
                0x00000000810a0044       0x28 C:/Project/DevKitPro/libogc/lib/cube\libogc.a(system.o)
                0x00000000810a0044                SYS_AllocateFramebuffer
 .text.SYS_CreateAlarm
                0x00000000810a006c      0x10c C:/Project/DevKitPro/libogc/lib/cube\libogc.a(system.o)
                0x00000000810a006c                SYS_CreateAlarm
 .text.SYS_SetAlarm
                0x00000000810a0178      0x1e8 C:/Project/DevKitPro/libogc/lib/cube\libogc.a(system.o)
                0x00000000810a0178                SYS_SetAlarm
 .text.SYS_CancelAlarm
                0x00000000810a0360       0xdc C:/Project/DevKitPro/libogc/lib/cube\libogc.a(system.o)
                0x00000000810a0360                SYS_CancelAlarm
 .text.SYS_SetWirelessID
                0x00000000810a043c       0x94 C:/Project/DevKitPro/libogc/lib/cube\libogc.a(system.o)
                0x00000000810a043c                SYS_SetWirelessID
 .text.SYS_GetWirelessID
                0x00000000810a04d0       0x90 C:/Project/DevKitPro/libogc/lib/cube\libogc.a(system.o)
                0x00000000810a04d0                SYS_GetWirelessID
 .text.SYS_SetGBSMode
                0x00000000810a0560       0xa8 C:/Project/DevKitPro/libogc/lib/cube\libogc.a(system.o)
                0x00000000810a0560                SYS_SetGBSMode
 .text.__sram_init
                0x00000000810a0608      0x1b0 C:/Project/DevKitPro/libogc/lib/cube\libogc.a(system.o)
                0x00000000810a0608                __sram_init
 .text.SYS_Init
                0x00000000810a07b8      0x664 C:/Project/DevKitPro/libogc/lib/cube\libogc.a(system.o)
                0x00000000810a07b8                SYS_Init
 .text.__lwp_cond_init
                0x00000000810a0e1c       0x14 C:/Project/DevKitPro/libogc/lib/cube\libogc.a(cond.o)
                0x00000000810a0e1c                __lwp_cond_init
 .text.__GXTokenInterruptHandler
                0x00000000810a0e30       0x68 C:/Project/DevKitPro/libogc/lib/cube\libogc.a(gx.o)
 .text.__GXDefTlutRegionCallback
                0x00000000810a0e98       0x18 C:/Project/DevKitPro/libogc/lib/cube\libogc.a(gx.o)
 .text.__SetSURegs
                0x00000000810a0eb0       0x90 C:/Project/DevKitPro/libogc/lib/cube\libogc.a(gx.o)
 .text.__SETVCDATTR
                0x00000000810a0f40      0x230 C:/Project/DevKitPro/libogc/lib/cube\libogc.a(gx.o)
 .text.__SETVCDFMT
                0x00000000810a1170      0x4b8 C:/Project/DevKitPro/libogc/lib/cube\libogc.a(gx.o)
 .text.__GXCPInterruptHandler
                0x00000000810a1628      0x17c C:/Project/DevKitPro/libogc/lib/cube\libogc.a(gx.o)
 .text.__GXFinishInterruptHandler
                0x00000000810a17a4       0x58 C:/Project/DevKitPro/libogc/lib/cube\libogc.a(gx.o)
 .text.GX_SetTexCoordGen2.part.0
                0x00000000810a17fc      0x258 C:/Project/DevKitPro/libogc/lib/cube\libogc.a(gx.o)
 .text.__GXDefTexRegionCallback
                0x00000000810a1a54       0x58 C:/Project/DevKitPro/libogc/lib/cube\libogc.a(gx.o)
 .text.__GX_SetDirtyState
                0x00000000810a1aac      0x938 C:/Project/DevKitPro/libogc/lib/cube\libogc.a(gx.o)
 .text.GX_SetCPUFifo
                0x00000000810a23e4      0x234 C:/Project/DevKitPro/libogc/lib/cube\libogc.a(gx.o)
                0x00000000810a23e4                GX_SetCPUFifo
 .text.GX_SetGPFifo
                0x00000000810a2618      0x308 C:/Project/DevKitPro/libogc/lib/cube\libogc.a(gx.o)
                0x00000000810a2618                GX_SetGPFifo
 .text.GX_AbortFrame
                0x00000000810a2920      0x2b0 C:/Project/DevKitPro/libogc/lib/cube\libogc.a(gx.o)
                0x00000000810a2920                GX_AbortFrame
 .text.__gx_onreset
                0x00000000810a2bd0       0x7c C:/Project/DevKitPro/libogc/lib/cube\libogc.a(gx.o)
 .text.GX_DrawDone
                0x00000000810a2c4c       0xf8 C:/Project/DevKitPro/libogc/lib/cube\libogc.a(gx.o)
                0x00000000810a2c4c                GX_DrawDone
 .text.GX_SetViewport
                0x00000000810a2d44       0x78 C:/Project/DevKitPro/libogc/lib/cube\libogc.a(gx.o)
                0x00000000810a2d44                GX_SetViewport
 .text.GX_LoadProjectionMtx
                0x00000000810a2dbc       0xf0 C:/Project/DevKitPro/libogc/lib/cube\libogc.a(gx.o)
                0x00000000810a2dbc                GX_LoadProjectionMtx
 .text.GX_SetCopyClear
                0x00000000810a2eac       0x4c C:/Project/DevKitPro/libogc/lib/cube\libogc.a(gx.o)
                0x00000000810a2eac                GX_SetCopyClear
 .text.GX_SetDispCopyGamma
                0x00000000810a2ef8       0x18 C:/Project/DevKitPro/libogc/lib/cube\libogc.a(gx.o)
                0x00000000810a2ef8                GX_SetDispCopyGamma
 .text.GX_SetCopyFilter
                0x00000000810a2f10      0x268 C:/Project/DevKitPro/libogc/lib/cube\libogc.a(gx.o)
                0x00000000810a2f10                GX_SetCopyFilter
 .text.GX_SetDispCopyYScale
                0x00000000810a3178      0x134 C:/Project/DevKitPro/libogc/lib/cube\libogc.a(gx.o)
                0x00000000810a3178                GX_SetDispCopyYScale
 .text.GX_SetDispCopyDst
                0x00000000810a32ac       0x20 C:/Project/DevKitPro/libogc/lib/cube\libogc.a(gx.o)
                0x00000000810a32ac                GX_SetDispCopyDst
 .text.GX_SetDispCopySrc
                0x00000000810a32cc       0x38 C:/Project/DevKitPro/libogc/lib/cube\libogc.a(gx.o)
                0x00000000810a32cc                GX_SetDispCopySrc
 .text.GX_CopyDisp
                0x00000000810a3304      0x12c C:/Project/DevKitPro/libogc/lib/cube\libogc.a(gx.o)
                0x00000000810a3304                GX_CopyDisp
 .text.GX_SetVtxDesc
                0x00000000810a3430       0x34 C:/Project/DevKitPro/libogc/lib/cube\libogc.a(gx.o)
                0x00000000810a3430                GX_SetVtxDesc
 .text.GX_SetVtxAttrFmt
                0x00000000810a3464       0x54 C:/Project/DevKitPro/libogc/lib/cube\libogc.a(gx.o)
                0x00000000810a3464                GX_SetVtxAttrFmt
 .text.GX_Begin
                0x00000000810a34b8       0x7c C:/Project/DevKitPro/libogc/lib/cube\libogc.a(gx.o)
                0x00000000810a34b8                GX_Begin
 .text.GX_SetTexCoordGen
                0x00000000810a3534       0x14 C:/Project/DevKitPro/libogc/lib/cube\libogc.a(gx.o)
                0x00000000810a3534                GX_SetTexCoordGen
 .text.GX_LoadPosMtxImm
                0x00000000810a3548       0x50 C:/Project/DevKitPro/libogc/lib/cube\libogc.a(gx.o)
                0x00000000810a3548                GX_LoadPosMtxImm
 .text.GX_SetNumTexGens
                0x00000000810a3598       0x28 C:/Project/DevKitPro/libogc/lib/cube\libogc.a(gx.o)
                0x00000000810a3598                GX_SetNumTexGens
 .text.GX_InvVtxCache
                0x00000000810a35c0       0x14 C:/Project/DevKitPro/libogc/lib/cube\libogc.a(gx.o)
                0x00000000810a35c0                GX_InvVtxCache
 .text.GX_SetZMode
                0x00000000810a35d4       0x38 C:/Project/DevKitPro/libogc/lib/cube\libogc.a(gx.o)
                0x00000000810a35d4                GX_SetZMode
 .text.GX_InvalidateTexAll
                0x00000000810a360c       0x50 C:/Project/DevKitPro/libogc/lib/cube\libogc.a(gx.o)
                0x00000000810a360c                GX_InvalidateTexAll
 .text.GX_SetBlendMode
                0x00000000810a365c       0xa0 C:/Project/DevKitPro/libogc/lib/cube\libogc.a(gx.o)
                0x00000000810a365c                GX_SetBlendMode
 .text.GX_ClearVtxDesc
                0x00000000810a36fc       0x38 C:/Project/DevKitPro/libogc/lib/cube\libogc.a(gx.o)
                0x00000000810a36fc                GX_ClearVtxDesc
 .text.GX_SetTevColorIn
                0x00000000810a3734       0x44 C:/Project/DevKitPro/libogc/lib/cube\libogc.a(gx.o)
                0x00000000810a3734                GX_SetTevColorIn
 .text.GX_SetTevAlphaIn
                0x00000000810a3778       0x44 C:/Project/DevKitPro/libogc/lib/cube\libogc.a(gx.o)
                0x00000000810a3778                GX_SetTevAlphaIn
 .text.GX_SetTevColorOp
                0x00000000810a37bc       0x98 C:/Project/DevKitPro/libogc/lib/cube\libogc.a(gx.o)
                0x00000000810a37bc                GX_SetTevColorOp
 .text.GX_SetTevAlphaOp
                0x00000000810a3854       0x98 C:/Project/DevKitPro/libogc/lib/cube\libogc.a(gx.o)
                0x00000000810a3854                GX_SetTevAlphaOp
 .text.GX_SetTevOp
                0x00000000810a38ec      0x168 C:/Project/DevKitPro/libogc/lib/cube\libogc.a(gx.o)
                0x00000000810a38ec                GX_SetTevOp
 .text.GX_SetCullMode
                0x00000000810a3a54       0x2c C:/Project/DevKitPro/libogc/lib/cube\libogc.a(gx.o)
                0x00000000810a3a54                GX_SetCullMode
 .text.GX_SetClipMode
                0x00000000810a3a80       0x24 C:/Project/DevKitPro/libogc/lib/cube\libogc.a(gx.o)
                0x00000000810a3a80                GX_SetClipMode
 .text.GX_SetScissor
                0x00000000810a3aa4       0x78 C:/Project/DevKitPro/libogc/lib/cube\libogc.a(gx.o)
                0x00000000810a3aa4                GX_SetScissor
 .text.GX_SetNumChans
                0x00000000810a3b1c       0x28 C:/Project/DevKitPro/libogc/lib/cube\libogc.a(gx.o)
                0x00000000810a3b1c                GX_SetNumChans
 .text.GX_SetTevOrder
                0x00000000810a3b44      0x18c C:/Project/DevKitPro/libogc/lib/cube\libogc.a(gx.o)
                0x00000000810a3b44                GX_SetTevOrder
 .text.GX_SetAlphaCompare
                0x00000000810a3cd0       0x3c C:/Project/DevKitPro/libogc/lib/cube\libogc.a(gx.o)
                0x00000000810a3cd0                GX_SetAlphaCompare
 .text.GX_SetTevKColorSel
                0x00000000810a3d0c       0x54 C:/Project/DevKitPro/libogc/lib/cube\libogc.a(gx.o)
                0x00000000810a3d0c                GX_SetTevKColorSel
 .text.GX_SetTevKAlphaSel
                0x00000000810a3d60       0x54 C:/Project/DevKitPro/libogc/lib/cube\libogc.a(gx.o)
                0x00000000810a3d60                GX_SetTevKAlphaSel
 .text.GX_SetTevSwapModeTable
                0x00000000810a3db4       0x64 C:/Project/DevKitPro/libogc/lib/cube\libogc.a(gx.o)
                0x00000000810a3db4                GX_SetTevSwapModeTable
 .text.GX_SetFog
                0x00000000810a3e18      0x230 C:/Project/DevKitPro/libogc/lib/cube\libogc.a(gx.o)
                0x00000000810a3e18                GX_SetFog
 .text.GX_SetColorUpdate
                0x00000000810a4048       0x30 C:/Project/DevKitPro/libogc/lib/cube\libogc.a(gx.o)
                0x00000000810a4048                GX_SetColorUpdate
 .text.GX_SetAlphaUpdate
                0x00000000810a4078       0x30 C:/Project/DevKitPro/libogc/lib/cube\libogc.a(gx.o)
                0x00000000810a4078                GX_SetAlphaUpdate
 .text.GX_SetPixelFmt
                0x00000000810a40a8       0xe0 C:/Project/DevKitPro/libogc/lib/cube\libogc.a(gx.o)
                0x00000000810a40a8                GX_SetPixelFmt
 .text.GX_SetFieldMode
                0x00000000810a4188       0x58 C:/Project/DevKitPro/libogc/lib/cube\libogc.a(gx.o)
                0x00000000810a4188                GX_SetFieldMode
 .text.GX_SetGPMetric
                0x00000000810a41e0      0x7fc C:/Project/DevKitPro/libogc/lib/cube\libogc.a(gx.o)
                0x00000000810a41e0                GX_SetGPMetric
 .text.GX_Init  0x00000000810a49dc     0x1720 C:/Project/DevKitPro/libogc/lib/cube\libogc.a(gx.o)
                0x00000000810a49dc                GX_Init
 .text.GX_GetYScaleFactor
                0x00000000810a60fc      0x2b4 C:/Project/DevKitPro/libogc/lib/cube\libogc.a(gx.o)
                0x00000000810a60fc                GX_GetYScaleFactor
 .text.guOrtho  0x00000000810a63b0       0x98 C:/Project/DevKitPro/libogc/lib/cube\libogc.a(gu.o)
                0x00000000810a63b0                guOrtho
 .text.__AISHandler
                0x00000000810a6448       0x68 C:/Project/DevKitPro/libogc/lib/cube\libogc.a(audio.o)
 .text.__AISRCINIT
                0x00000000810a64b0      0x1c8 C:/Project/DevKitPro/libogc/lib/cube\libogc.a(audio.o)
 .text.__AIDHandler
                0x00000000810a6678       0xd0 C:/Project/DevKitPro/libogc/lib/cube\libogc.a(audio.o)
 .text.AUDIO_Init
                0x00000000810a6748      0x18c C:/Project/DevKitPro/libogc/lib/cube\libogc.a(audio.o)
                0x00000000810a6748                AUDIO_Init
 .text.AUDIO_RegisterDMACallback
                0x00000000810a68d4       0x40 C:/Project/DevKitPro/libogc/lib/cube\libogc.a(audio.o)
                0x00000000810a68d4                AUDIO_RegisterDMACallback
 .text.AUDIO_InitDMA
                0x00000000810a6914       0x88 C:/Project/DevKitPro/libogc/lib/cube\libogc.a(audio.o)
                0x00000000810a6914                AUDIO_InitDMA
 .text.AUDIO_StartDMA
                0x00000000810a699c       0x18 C:/Project/DevKitPro/libogc/lib/cube\libogc.a(audio.o)
                0x00000000810a699c                AUDIO_StartDMA
 .text.AUDIO_StopDMA
                0x00000000810a69b4       0x18 C:/Project/DevKitPro/libogc/lib/cube\libogc.a(audio.o)
                0x00000000810a69b4                AUDIO_StopDMA
 .text.AUDIO_SetDSPSampleRate
                0x00000000810a69cc       0xb4 C:/Project/DevKitPro/libogc/lib/cube\libogc.a(audio.o)
                0x00000000810a69cc                AUDIO_SetDSPSampleRate
 .text.__decrementer_init
                0x00000000810a6a80        0x4 C:/Project/DevKitPro/libogc/lib/cube\libogc.a(decrementer.o)
                0x00000000810a6a80                __decrementer_init
 .text.c_decrementer_handler
                0x00000000810a6a84        0xc C:/Project/DevKitPro/libogc/lib/cube\libogc.a(decrementer.o)
                0x00000000810a6a84                c_decrementer_handler
 .text.__lwp_mqbox_init
                0x00000000810a6a90       0x14 C:/Project/DevKitPro/libogc/lib/cube\libogc.a(message.o)
                0x00000000810a6a90                __lwp_mqbox_init
 .text.__dsp_exectask
                0x00000000810a6aa4      0x310 C:/Project/DevKitPro/libogc/lib/cube\libogc.a(dsp.o)
 .text.__dsp_inthandler
                0x00000000810a6db4       0x2c C:/Project/DevKitPro/libogc/lib/cube\libogc.a(dsp.o)
 .text.__dsp_removetask
                0x00000000810a6de0       0x74 C:/Project/DevKitPro/libogc/lib/cube\libogc.a(dsp.o)
 .text.__dsp_def_taskcb
                0x00000000810a6e54      0x468 C:/Project/DevKitPro/libogc/lib/cube\libogc.a(dsp.o)
 .text.DSP_Init
                0x00000000810a72bc       0xf0 C:/Project/DevKitPro/libogc/lib/cube\libogc.a(dsp.o)
                0x00000000810a72bc                DSP_Init
 .text.DSP_CheckMailTo
                0x00000000810a73ac       0x14 C:/Project/DevKitPro/libogc/lib/cube\libogc.a(dsp.o)
                0x00000000810a73ac                DSP_CheckMailTo
 .text.DSP_SendMailTo
                0x00000000810a73c0       0x24 C:/Project/DevKitPro/libogc/lib/cube\libogc.a(dsp.o)
                0x00000000810a73c0                DSP_SendMailTo
 .text.DSP_AddTask
                0x00000000810a73e4      0x33c C:/Project/DevKitPro/libogc/lib/cube\libogc.a(dsp.o)
                0x00000000810a73e4                DSP_AddTask
 .text.__si_transfer
                0x00000000810a7720      0x188 C:/Project/DevKitPro/libogc/lib/cube\libogc.a(si.o)
 .text.__si_alarmhandler
                0x00000000810a78a8      0x10c C:/Project/DevKitPro/libogc/lib/cube\libogc.a(si.o)
 .text.__si_completetransfer
                0x00000000810a79b4      0x1f8 C:/Project/DevKitPro/libogc/lib/cube\libogc.a(si.o)
 .text.__si_transfernext
                0x00000000810a7bac      0x294 C:/Project/DevKitPro/libogc/lib/cube\libogc.a(si.o)
 .text.SI_Busy  0x00000000810a7e40       0x18 C:/Project/DevKitPro/libogc/lib/cube\libogc.a(si.o)
                0x00000000810a7e40                SI_Busy
 .text.SI_IsChanBusy
                0x00000000810a7e58       0x38 C:/Project/DevKitPro/libogc/lib/cube\libogc.a(si.o)
                0x00000000810a7e58                SI_IsChanBusy
 .text.SI_SetXY
                0x00000000810a7e90       0x64 C:/Project/DevKitPro/libogc/lib/cube\libogc.a(si.o)
                0x00000000810a7e90                SI_SetXY
 .text.SI_EnablePolling
                0x00000000810a7ef4       0x80 C:/Project/DevKitPro/libogc/lib/cube\libogc.a(si.o)
                0x00000000810a7ef4                SI_EnablePolling
 .text.SI_DisablePolling
                0x00000000810a7f74       0x58 C:/Project/DevKitPro/libogc/lib/cube\libogc.a(si.o)
                0x00000000810a7f74                SI_DisablePolling
 .text.SI_SetSamplingRate
                0x00000000810a7fcc       0xdc C:/Project/DevKitPro/libogc/lib/cube\libogc.a(si.o)
                0x00000000810a7fcc                SI_SetSamplingRate
 .text.SI_RefreshSamplingRate
                0x00000000810a80a8        0x8 C:/Project/DevKitPro/libogc/lib/cube\libogc.a(si.o)
                0x00000000810a80a8                SI_RefreshSamplingRate
 .text.SI_GetStatus
                0x00000000810a80b0       0x78 C:/Project/DevKitPro/libogc/lib/cube\libogc.a(si.o)
                0x00000000810a80b0                SI_GetStatus
 .text.SI_GetResponseRaw
                0x00000000810a8128       0xe8 C:/Project/DevKitPro/libogc/lib/cube\libogc.a(si.o)
                0x00000000810a8128                SI_GetResponseRaw
 .text.SI_GetResponse
                0x00000000810a8210       0xb8 C:/Project/DevKitPro/libogc/lib/cube\libogc.a(si.o)
                0x00000000810a8210                SI_GetResponse
 .text.SI_SetCommand
                0x00000000810a82c8       0x10 C:/Project/DevKitPro/libogc/lib/cube\libogc.a(si.o)
                0x00000000810a82c8                SI_SetCommand
 .text.SI_Transfer
                0x00000000810a82d8      0x274 C:/Project/DevKitPro/libogc/lib/cube\libogc.a(si.o)
                0x00000000810a82d8                SI_Transfer
 .text.__si_gettypecallback
                0x00000000810a854c      0x2c4 C:/Project/DevKitPro/libogc/lib/cube\libogc.a(si.o)
 .text.__si_interrupthandler
                0x00000000810a8810      0x2bc C:/Project/DevKitPro/libogc/lib/cube\libogc.a(si.o)
 .text.SI_GetType
                0x00000000810a8acc      0x214 C:/Project/DevKitPro/libogc/lib/cube\libogc.a(si.o)
                0x00000000810a8acc                SI_GetType
 .text.SI_GetTypeAsync
                0x00000000810a8ce0      0x1a4 C:/Project/DevKitPro/libogc/lib/cube\libogc.a(si.o)
                0x00000000810a8ce0                SI_GetTypeAsync
 .text.SI_EnablePollingInterrupt
                0x00000000810a8e84       0x80 C:/Project/DevKitPro/libogc/lib/cube\libogc.a(si.o)
                0x00000000810a8e84                SI_EnablePollingInterrupt
 .text.SI_UnregisterPollingHandler
                0x00000000810a8f04      0x118 C:/Project/DevKitPro/libogc/lib/cube\libogc.a(si.o)
                0x00000000810a8f04                SI_UnregisterPollingHandler
 .text.__si_init
                0x00000000810a901c       0xe8 C:/Project/DevKitPro/libogc/lib/cube\libogc.a(si.o)
                0x00000000810a901c                __si_init
 .text.gettick  0x00000000810a9104        0x8 C:/Project/DevKitPro/libogc/lib/cube\libogc.a(timesupp.o)
                0x00000000810a9104                gettick
 .text.gettime  0x00000000810a910c       0x18 C:/Project/DevKitPro/libogc/lib/cube\libogc.a(timesupp.o)
                0x00000000810a910c                gettime
 .text.diff_usec
                0x00000000810a9124       0x88 C:/Project/DevKitPro/libogc/lib/cube\libogc.a(timesupp.o)
                0x00000000810a9124                diff_usec
 .text.__timesystem_init
                0x00000000810a91ac       0x1c C:/Project/DevKitPro/libogc/lib/cube\libogc.a(timesupp.o)
                0x00000000810a91ac                __timesystem_init
 .text.udelay   0x00000000810a91c8       0xac C:/Project/DevKitPro/libogc/lib/cube\libogc.a(timesupp.o)
                0x00000000810a91c8                udelay
 .text.__libogc_nanosleep
                0x00000000810a9274      0x180 C:/Project/DevKitPro/libogc/lib/cube\libogc.a(timesupp.o)
                0x00000000810a9274                __libogc_nanosleep
 .text.__libogc_gettod_r
                0x00000000810a93f4       0xd4 C:/Project/DevKitPro/libogc/lib/cube\libogc.a(timesupp.o)
                0x00000000810a93f4                __libogc_gettod_r
 .text.__libogc_lock_init
                0x00000000810a94c8       0x78 C:/Project/DevKitPro/libogc/lib/cube\libogc.a(lock_supp.o)
                0x00000000810a94c8                __libogc_lock_init
 .text.__libogc_lock_close
                0x00000000810a9540       0x64 C:/Project/DevKitPro/libogc/lib/cube\libogc.a(lock_supp.o)
                0x00000000810a9540                __libogc_lock_close
 .text.__libogc_lock_acquire
                0x00000000810a95a4       0x20 C:/Project/DevKitPro/libogc/lib/cube\libogc.a(lock_supp.o)
                0x00000000810a95a4                __libogc_lock_acquire
 .text.__libogc_lock_release
                0x00000000810a95c4       0x20 C:/Project/DevKitPro/libogc/lib/cube\libogc.a(lock_supp.o)
                0x00000000810a95c4                __libogc_lock_release
 .text.__libc_create_hook
                0x00000000810a95e4       0x10 C:/Project/DevKitPro/libogc/lib/cube\libogc.a(newlibc.o)
                0x00000000810a95e4                __libc_create_hook
 .text.__libc_start_hook
                0x00000000810a95f4       0x9c C:/Project/DevKitPro/libogc/lib/cube\libogc.a(newlibc.o)
                0x00000000810a95f4                __libc_start_hook
 .text.__libc_delete_hook
                0x00000000810a9690      0x108 C:/Project/DevKitPro/libogc/lib/cube\libogc.a(newlibc.o)
                0x00000000810a9690                __libc_delete_hook
 .text.__libc_init
                0x00000000810a9798       0xb0 C:/Project/DevKitPro/libogc/lib/cube\libogc.a(newlibc.o)
                0x00000000810a9798                __libc_init
 .text.__libogc_sbrk_r
                0x00000000810a9848       0xe0 C:/Project/DevKitPro/libogc/lib/cube\libogc.a(sbrk.o)
                0x00000000810a9848                __libogc_sbrk_r
 .text.__memlock_init
                0x00000000810a9928       0x7c C:/Project/DevKitPro/libogc/lib/cube\libogc.a(malloc_lock.o)
                0x00000000810a9928                __memlock_init
 .text.__libogc_malloc_lock
                0x00000000810a99a4      0x1f8 C:/Project/DevKitPro/libogc/lib/cube\libogc.a(malloc_lock.o)
                0x00000000810a99a4                __libogc_malloc_lock
 .text.__libogc_malloc_unlock
                0x00000000810a9b9c       0x64 C:/Project/DevKitPro/libogc/lib/cube\libogc.a(malloc_lock.o)
                0x00000000810a9b9c                __libogc_malloc_unlock
 .text.__gcsda_clearStatus
                0x00000000810a9c00        0x8 C:/Project/DevKitPro/libogc/lib/cube\libogc.a(gcsd.o)
 .text.__gcsda_shutdown
                0x00000000810a9c08       0x28 C:/Project/DevKitPro/libogc/lib/cube\libogc.a(gcsd.o)
 .text.__gcsdb_shutdown
                0x00000000810a9c30       0x28 C:/Project/DevKitPro/libogc/lib/cube\libogc.a(gcsd.o)
 .text.__gcsd2_shutdown
                0x00000000810a9c58       0x28 C:/Project/DevKitPro/libogc/lib/cube\libogc.a(gcsd.o)
 .text.__gcsda_writeSectors
                0x00000000810a9c80       0x3c C:/Project/DevKitPro/libogc/lib/cube\libogc.a(gcsd.o)
 .text.__gcsdb_writeSectors
                0x00000000810a9cbc       0x3c C:/Project/DevKitPro/libogc/lib/cube\libogc.a(gcsd.o)
 .text.__gcsd2_writeSectors
                0x00000000810a9cf8       0x3c C:/Project/DevKitPro/libogc/lib/cube\libogc.a(gcsd.o)
 .text.__gcsda_readSectors
                0x00000000810a9d34       0x3c C:/Project/DevKitPro/libogc/lib/cube\libogc.a(gcsd.o)
 .text.__gcsdb_readSectors
                0x00000000810a9d70       0x3c C:/Project/DevKitPro/libogc/lib/cube\libogc.a(gcsd.o)
 .text.__gcsd2_readSectors
                0x00000000810a9dac       0x3c C:/Project/DevKitPro/libogc/lib/cube\libogc.a(gcsd.o)
 .text.__gcsda_isInserted
                0x00000000810a9de8       0x2c C:/Project/DevKitPro/libogc/lib/cube\libogc.a(gcsd.o)
 .text.__gcsdb_isInserted
                0x00000000810a9e14       0x2c C:/Project/DevKitPro/libogc/lib/cube\libogc.a(gcsd.o)
 .text.__gcsd2_isInserted
                0x00000000810a9e40       0x2c C:/Project/DevKitPro/libogc/lib/cube\libogc.a(gcsd.o)
 .text.__gcsdb_startup
                0x00000000810a9e6c       0x68 C:/Project/DevKitPro/libogc/lib/cube\libogc.a(gcsd.o)
 .text.__gcsd2_clearStatus
                0x00000000810a9ed4        0x8 C:/Project/DevKitPro/libogc/lib/cube\libogc.a(gcsd.o)
 .text.__gcsdb_clearStatus
                0x00000000810a9edc        0x8 C:/Project/DevKitPro/libogc/lib/cube\libogc.a(gcsd.o)
 .text.__gcsd2_startup
                0x00000000810a9ee4       0x68 C:/Project/DevKitPro/libogc/lib/cube\libogc.a(gcsd.o)
 .text.__gcsda_startup
                0x00000000810a9f4c       0x68 C:/Project/DevKitPro/libogc/lib/cube\libogc.a(gcsd.o)
 .text.__CheckARGV
                0x00000000810a9fb4       0x80 C:/Project/DevKitPro/libogc/lib/cube\libogc.a(argv.o)
                0x00000000810a9fb4                __CheckARGV
 .text.__lwp_priority_init
                0x00000000810aa034       0x1c C:/Project/DevKitPro/libogc/lib/cube\libogc.a(lwp_priority.o)
                0x00000000810aa034                __lwp_priority_init
 .text.__lwp_threadqueue_enqueuefifo
                0x00000000810aa050      0x144 C:/Project/DevKitPro/libogc/lib/cube\libogc.a(lwp_threadq.o)
                0x00000000810aa050                __lwp_threadqueue_enqueuefifo
 .text.__lwp_threadqueue_dequeuefifo
                0x00000000810aa194      0x14c C:/Project/DevKitPro/libogc/lib/cube\libogc.a(lwp_threadq.o)
                0x00000000810aa194                __lwp_threadqueue_dequeuefifo
 .text.__lwp_threadqueue_enqueuepriority
                0x00000000810aa2e0      0x344 C:/Project/DevKitPro/libogc/lib/cube\libogc.a(lwp_threadq.o)
                0x00000000810aa2e0                __lwp_threadqueue_enqueuepriority
 .text.__lwp_threadqueue_dequeuepriority
                0x00000000810aa624      0x1d8 C:/Project/DevKitPro/libogc/lib/cube\libogc.a(lwp_threadq.o)
                0x00000000810aa624                __lwp_threadqueue_dequeuepriority
 .text.__lwp_threadqueue_init
                0x00000000810aa7fc       0x88 C:/Project/DevKitPro/libogc/lib/cube\libogc.a(lwp_threadq.o)
                0x00000000810aa7fc                __lwp_threadqueue_init
 .text.__lwp_threadqueue_enqueue
                0x00000000810aa884      0x138 C:/Project/DevKitPro/libogc/lib/cube\libogc.a(lwp_threadq.o)
                0x00000000810aa884                __lwp_threadqueue_enqueue
 .text.__lwp_threadqueue_dequeue
                0x00000000810aa9bc       0x24 C:/Project/DevKitPro/libogc/lib/cube\libogc.a(lwp_threadq.o)
                0x00000000810aa9bc                __lwp_threadqueue_dequeue
 .text.__lwp_threadqueue_flush
                0x00000000810aa9e0       0x68 C:/Project/DevKitPro/libogc/lib/cube\libogc.a(lwp_threadq.o)
                0x00000000810aa9e0                __lwp_threadqueue_flush
 .text.__lwp_threadqueue_extractfifo
                0x00000000810aaa48       0xe8 C:/Project/DevKitPro/libogc/lib/cube\libogc.a(lwp_threadq.o)
                0x00000000810aaa48                __lwp_threadqueue_extractfifo
 .text.__lwp_threadqueue_extractpriority
                0x00000000810aab30      0x148 C:/Project/DevKitPro/libogc/lib/cube\libogc.a(lwp_threadq.o)
                0x00000000810aab30                __lwp_threadqueue_extractpriority
 .text.__lwp_threadqueue_timeout
                0x00000000810aac78       0xd0 C:/Project/DevKitPro/libogc/lib/cube\libogc.a(lwp_threadq.o)
 .text.__lwp_threadqueue_extractproxy
                0x00000000810aad48       0x88 C:/Project/DevKitPro/libogc/lib/cube\libogc.a(lwp_threadq.o)
                0x00000000810aad48                __lwp_threadqueue_extractproxy
 .text.__lwp_isr_in_progress
                0x00000000810aadd0        0x8 C:/Project/DevKitPro/libogc/lib/cube\libogc.a(lwp_threads.o)
                0x00000000810aadd0                __lwp_isr_in_progress
 .text.__thread_dispatch_fp
                0x00000000810aadd8       0x88 C:/Project/DevKitPro/libogc/lib/cube\libogc.a(lwp_threads.o)
                0x00000000810aadd8                __thread_dispatch_fp
 .text.__thread_dispatch
                0x00000000810aae60      0x110 C:/Project/DevKitPro/libogc/lib/cube\libogc.a(lwp_threads.o)
                0x00000000810aae60                __thread_dispatch
 .text.__lwp_thread_resettimeslice
                0x00000000810aaf70       0xb4 C:/Project/DevKitPro/libogc/lib/cube\libogc.a(lwp_threads.o)
                0x00000000810aaf70                __lwp_thread_resettimeslice
 .text.__lwp_thread_tickle_timeslice
                0x00000000810ab024       0xc8 C:/Project/DevKitPro/libogc/lib/cube\libogc.a(lwp_threads.o)
                0x00000000810ab024                __lwp_thread_tickle_timeslice
 .text.__lwp_thread_setstate
                0x00000000810ab0ec      0x16c C:/Project/DevKitPro/libogc/lib/cube\libogc.a(lwp_threads.o)
                0x00000000810ab0ec                __lwp_thread_setstate
 .text.__lwp_thread_clearstate
                0x00000000810ab258       0xe4 C:/Project/DevKitPro/libogc/lib/cube\libogc.a(lwp_threads.o)
                0x00000000810ab258                __lwp_thread_clearstate